Archive member included to satisfy reference by file (symbol)

c:/st/stm32cubeide_1.2.0/stm32cubeide/plugins/com.st.stm32cube.ide.mcu.externaltools.gnu-tools-for-stm32.7-2018-q2-update.win32_1.0.0.201904181610/tools/bin/../lib/gcc/arm-none-eabi/7.3.1/../../../../arm-none-eabi/lib/thumb/v6-m\libc_nano.a(lib_a-exit.o)
                              c:/st/stm32cubeide_1.2.0/stm32cubeide/plugins/com.st.stm32cube.ide.mcu.externaltools.gnu-tools-for-stm32.7-2018-q2-update.win32_1.0.0.201904181610/tools/bin/../lib/gcc/arm-none-eabi/7.3.1/../../../../arm-none-eabi/lib/thumb/v6-m/crt0.o (exit)
c:/st/stm32cubeide_1.2.0/stm32cubeide/plugins/com.st.stm32cube.ide.mcu.externaltools.gnu-tools-for-stm32.7-2018-q2-update.win32_1.0.0.201904181610/tools/bin/../lib/gcc/arm-none-eabi/7.3.1/../../../../arm-none-eabi/lib/thumb/v6-m\libc_nano.a(lib_a-impure.o)
                              c:/st/stm32cubeide_1.2.0/stm32cubeide/plugins/com.st.stm32cube.ide.mcu.externaltools.gnu-tools-for-stm32.7-2018-q2-update.win32_1.0.0.201904181610/tools/bin/../lib/gcc/arm-none-eabi/7.3.1/../../../../arm-none-eabi/lib/thumb/v6-m\libc_nano.a(lib_a-exit.o) (_global_impure_ptr)
c:/st/stm32cubeide_1.2.0/stm32cubeide/plugins/com.st.stm32cube.ide.mcu.externaltools.gnu-tools-for-stm32.7-2018-q2-update.win32_1.0.0.201904181610/tools/bin/../lib/gcc/arm-none-eabi/7.3.1/../../../../arm-none-eabi/lib/thumb/v6-m\libc_nano.a(lib_a-init.o)
                              c:/st/stm32cubeide_1.2.0/stm32cubeide/plugins/com.st.stm32cube.ide.mcu.externaltools.gnu-tools-for-stm32.7-2018-q2-update.win32_1.0.0.201904181610/tools/bin/../lib/gcc/arm-none-eabi/7.3.1/../../../../arm-none-eabi/lib/thumb/v6-m/crt0.o (__libc_init_array)
c:/st/stm32cubeide_1.2.0/stm32cubeide/plugins/com.st.stm32cube.ide.mcu.externaltools.gnu-tools-for-stm32.7-2018-q2-update.win32_1.0.0.201904181610/tools/bin/../lib/gcc/arm-none-eabi/7.3.1/../../../../arm-none-eabi/lib/thumb/v6-m\libc_nano.a(lib_a-memset.o)
                              c:/st/stm32cubeide_1.2.0/stm32cubeide/plugins/com.st.stm32cube.ide.mcu.externaltools.gnu-tools-for-stm32.7-2018-q2-update.win32_1.0.0.201904181610/tools/bin/../lib/gcc/arm-none-eabi/7.3.1/../../../../arm-none-eabi/lib/thumb/v6-m/crt0.o (memset)
c:/st/stm32cubeide_1.2.0/stm32cubeide/plugins/com.st.stm32cube.ide.mcu.externaltools.gnu-tools-for-stm32.7-2018-q2-update.win32_1.0.0.201904181610/tools/bin/../lib/gcc/arm-none-eabi/7.3.1/../../../../arm-none-eabi/lib/thumb/v6-m\libc_nano.a(lib_a-strcpy.o)
                              Src/main.o (strcpy)
c:/st/stm32cubeide_1.2.0/stm32cubeide/plugins/com.st.stm32cube.ide.mcu.externaltools.gnu-tools-for-stm32.7-2018-q2-update.win32_1.0.0.201904181610/tools/bin/../lib/gcc/arm-none-eabi/7.3.1/thumb/v6-m\libgcc.a(_thumb1_case_uqi.o)
                              Drivers/STM32L0xx_HAL_Driver/Src/stm32l0xx_hal_dma.o (__gnu_thumb1_case_uqi)
c:/st/stm32cubeide_1.2.0/stm32cubeide/plugins/com.st.stm32cube.ide.mcu.externaltools.gnu-tools-for-stm32.7-2018-q2-update.win32_1.0.0.201904181610/tools/bin/../lib/gcc/arm-none-eabi/7.3.1/thumb/v6-m\libgcc.a(_udivsi3.o)
                              Drivers/STM32L0xx_HAL_Driver/Src/stm32l0xx_hal.o (__aeabi_uidiv)
c:/st/stm32cubeide_1.2.0/stm32cubeide/plugins/com.st.stm32cube.ide.mcu.externaltools.gnu-tools-for-stm32.7-2018-q2-update.win32_1.0.0.201904181610/tools/bin/../lib/gcc/arm-none-eabi/7.3.1/thumb/v6-m\libgcc.a(_divsi3.o)
                              Drivers/STM32L0xx_HAL_Driver/Src/stm32l0xx_hal_rcc.o (__aeabi_idiv)
c:/st/stm32cubeide_1.2.0/stm32cubeide/plugins/com.st.stm32cube.ide.mcu.externaltools.gnu-tools-for-stm32.7-2018-q2-update.win32_1.0.0.201904181610/tools/bin/../lib/gcc/arm-none-eabi/7.3.1/thumb/v6-m\libgcc.a(_dvmd_tls.o)
                              c:/st/stm32cubeide_1.2.0/stm32cubeide/plugins/com.st.stm32cube.ide.mcu.externaltools.gnu-tools-for-stm32.7-2018-q2-update.win32_1.0.0.201904181610/tools/bin/../lib/gcc/arm-none-eabi/7.3.1/thumb/v6-m\libgcc.a(_udivsi3.o) (__aeabi_idiv0)
c:/st/stm32cubeide_1.2.0/stm32cubeide/plugins/com.st.stm32cube.ide.mcu.externaltools.gnu-tools-for-stm32.7-2018-q2-update.win32_1.0.0.201904181610/tools/bin/../lib/gcc/arm-none-eabi/7.3.1/thumb/v6-m\libgcc.a(_aeabi_ldivmod.o)
                              Drivers/STM32L0xx_HAL_Driver/Src/stm32l0xx_hal_uart.o (__aeabi_ldivmod)
c:/st/stm32cubeide_1.2.0/stm32cubeide/plugins/com.st.stm32cube.ide.mcu.externaltools.gnu-tools-for-stm32.7-2018-q2-update.win32_1.0.0.201904181610/tools/bin/../lib/gcc/arm-none-eabi/7.3.1/thumb/v6-m\libgcc.a(_aeabi_uldivmod.o)
                              Drivers/STM32L0xx_HAL_Driver/Src/stm32l0xx_hal_uart.o (__aeabi_uldivmod)
c:/st/stm32cubeide_1.2.0/stm32cubeide/plugins/com.st.stm32cube.ide.mcu.externaltools.gnu-tools-for-stm32.7-2018-q2-update.win32_1.0.0.201904181610/tools/bin/../lib/gcc/arm-none-eabi/7.3.1/thumb/v6-m\libgcc.a(_udivmoddi4.o)
[...]
Memory Configuration

Name             Origin             Length             Attributes
RAM              0x0000000020000000 0x0000000000002000 xrw
FLASH            0x0000000008000000 0x0000000000010000 xr
*default*        0x0000000000000000 0xffffffffffffffff

Linker script and memory map

LOAD c:/st/stm32cubeide_1.2.0/stm32cubeide/plugins/com.st.stm32cube.ide.mcu.externaltools.gnu-tools-for-stm32.7-2018-q2-update.win32_1.0.0.201904181610/tools/bin/../lib/gcc/arm-none-eabi/7.3.1/thumb/v6-m/crti.o
LOAD c:/st/stm32cubeide_1.2.0/stm32cubeide/plugins/com.st.stm32cube.ide.mcu.externaltools.gnu-tools-for-stm32.7-2018-q2-update.win32_1.0.0.201904181610/tools/bin/../lib/gcc/arm-none-eabi/7.3.1/thumb/v6-m/crtbegin.o
LOAD c:/st/stm32cubeide_1.2.0/stm32cubeide/plugins/com.st.stm32cube.ide.mcu.externaltools.gnu-tools-for-stm32.7-2018-q2-update.win32_1.0.0.201904181610/tools/bin/../lib/gcc/arm-none-eabi/7.3.1/../../../../arm-none-eabi/lib/thumb/v6-m/crt0.o
LOAD Drivers/STM32L0xx_HAL_Driver/Src/stm32l0xx_hal.o
LOAD Drivers/STM32L0xx_HAL_Driver/Src/stm32l0xx_hal_cortex.o
LOAD Drivers/STM32L0xx_HAL_Driver/Src/stm32l0xx_hal_dma.o
LOAD Drivers/STM32L0xx_HAL_Driver/Src/stm32l0xx_hal_flash.o
LOAD Drivers/STM32L0xx_HAL_Driver/Src/stm32l0xx_hal_flash_ex.o
LOAD Drivers/STM32L0xx_HAL_Driver/Src/stm32l0xx_hal_flash_ramfunc.o
LOAD Drivers/STM32L0xx_HAL_Driver/Src/stm32l0xx_hal_gpio.o
LOAD Drivers/STM32L0xx_HAL_Driver/Src/stm32l0xx_hal_i2c.o
LOAD Drivers/STM32L0xx_HAL_Driver/Src/stm32l0xx_hal_i2c_ex.o
LOAD Drivers/STM32L0xx_HAL_Driver/Src/stm32l0xx_hal_i2s.o
LOAD Drivers/STM32L0xx_HAL_Driver/Src/stm32l0xx_hal_lptim.o
LOAD Drivers/STM32L0xx_HAL_Driver/Src/stm32l0xx_hal_pwr.o
LOAD Drivers/STM32L0xx_HAL_Driver/Src/stm32l0xx_hal_pwr_ex.o
LOAD Drivers/STM32L0xx_HAL_Driver/Src/stm32l0xx_hal_rcc.o
LOAD Drivers/STM32L0xx_HAL_Driver/Src/stm32l0xx_hal_rcc_ex.o
LOAD Drivers/STM32L0xx_HAL_Driver/Src/stm32l0xx_hal_rng.o
LOAD Drivers/STM32L0xx_HAL_Driver/Src/stm32l0xx_hal_spi.o
LOAD Drivers/STM32L0xx_HAL_Driver/Src/stm32l0xx_hal_tim.o
LOAD Drivers/STM32L0xx_HAL_Driver/Src/stm32l0xx_hal_tim_ex.o
LOAD Drivers/STM32L0xx_HAL_Driver/Src/stm32l0xx_hal_uart.o
LOAD Drivers/STM32L0xx_HAL_Driver/Src/stm32l0xx_hal_uart_ex.o
LOAD Middlewares/Third_Party/FatFs/src/ccsbcs.o
LOAD Middlewares/Third_Party/FatFs/src/diskio.o
LOAD Middlewares/Third_Party/FatFs/src/fat_sd_spi.o
LOAD Middlewares/Third_Party/FatFs/src/ff.o
LOAD Middlewares/Third_Party/FatFs/src/syscall.o
LOAD Middlewares/Third_Party/FatFs/src/unicode.o
LOAD Src/dma.o
LOAD Src/gpio.o
LOAD Src/i2c.o
LOAD Src/i2s.o
LOAD Src/lptim.o
LOAD Src/main.o
LOAD Src/motor.o
LOAD Src/spi.o
LOAD Src/stm32l0xx_hal_msp.o
LOAD Src/stm32l0xx_it.o
LOAD Src/system_stm32l0xx.o
LOAD Src/usart.o
LOAD Src/wav_player.o
LOAD Startup/startup_stm32l052c8tx.o
START GROUP
LOAD c:/st/stm32cubeide_1.2.0/stm32cubeide/plugins/com.st.stm32cube.ide.mcu.externaltools.gnu-tools-for-stm32.7-2018-q2-update.win32_1.0.0.201904181610/tools/bin/../lib/gcc/arm-none-eabi/7.3.1/../../../../arm-none-eabi/lib/thumb/v6-m\libc_nano.a
LOAD c:/st/stm32cubeide_1.2.0/stm32cubeide/plugins/com.st.stm32cube.ide.mcu.externaltools.gnu-tools-for-stm32.7-2018-q2-update.win32_1.0.0.201904181610/tools/bin/../lib/gcc/arm-none-eabi/7.3.1/../../../../arm-none-eabi/lib/thumb/v6-m\libm.a
END GROUP
START GROUP
LOAD c:/st/stm32cubeide_1.2.0/stm32cubeide/plugins/com.st.stm32cube.ide.mcu.externaltools.gnu-tools-for-stm32.7-2018-q2-update.win32_1.0.0.201904181610/tools/bin/../lib/gcc/arm-none-eabi/7.3.1/thumb/v6-m\libgcc.a
LOAD c:/st/stm32cubeide_1.2.0/stm32cubeide/plugins/com.st.stm32cube.ide.mcu.externaltools.gnu-tools-for-stm32.7-2018-q2-update.win32_1.0.0.201904181610/tools/bin/../lib/gcc/arm-none-eabi/7.3.1/../../../../arm-none-eabi/lib/thumb/v6-m\libc_nano.a
END GROUP
START GROUP
LOAD c:/st/stm32cubeide_1.2.0/stm32cubeide/plugins/com.st.stm32cube.ide.mcu.externaltools.gnu-tools-for-stm32.7-2018-q2-update.win32_1.0.0.201904181610/tools/bin/../lib/gcc/arm-none-eabi/7.3.1/thumb/v6-m\libgcc.a
LOAD c:/st/stm32cubeide_1.2.0/stm32cubeide/plugins/com.st.stm32cube.ide.mcu.externaltools.gnu-tools-for-stm32.7-2018-q2-update.win32_1.0.0.201904181610/tools/bin/../lib/gcc/arm-none-eabi/7.3.1/../../../../arm-none-eabi/lib/thumb/v6-m\libc_nano.a
LOAD c:/st/stm32cubeide_1.2.0/stm32cubeide/plugins/com.st.stm32cube.ide.mcu.externaltools.gnu-tools-for-stm32.7-2018-q2-update.win32_1.0.0.201904181610/tools/bin/../lib/gcc/arm-none-eabi/7.3.1/../../../../arm-none-eabi/lib/thumb/v6-m\libnosys.a
END GROUP
START GROUP
LOAD c:/st/stm32cubeide_1.2.0/stm32cubeide/plugins/com.st.stm32cube.ide.mcu.externaltools.gnu-tools-for-stm32.7-2018-q2-update.win32_1.0.0.201904181610/tools/bin/../lib/gcc/arm-none-eabi/7.3.1/thumb/v6-m\libgcc.a
LOAD c:/st/stm32cubeide_1.2.0/stm32cubeide/plugins/com.st.stm32cube.ide.mcu.externaltools.gnu-tools-for-stm32.7-2018-q2-update.win32_1.0.0.201904181610/tools/bin/../lib/gcc/arm-none-eabi/7.3.1/../../../../arm-none-eabi/lib/thumb/v6-m\libc_nano.a
LOAD c:/st/stm32cubeide_1.2.0/stm32cubeide/plugins/com.st.stm32cube.ide.mcu.externaltools.gnu-tools-for-stm32.7-2018-q2-update.win32_1.0.0.201904181610/tools/bin/../lib/gcc/arm-none-eabi/7.3.1/../../../../arm-none-eabi/lib/thumb/v6-m\libnosys.a
END GROUP
LOAD c:/st/stm32cubeide_1.2.0/stm32cubeide/plugins/com.st.stm32cube.ide.mcu.externaltools.gnu-tools-for-stm32.7-2018-q2-update.win32_1.0.0.201904181610/tools/bin/../lib/gcc/arm-none-eabi/7.3.1/thumb/v6-m/crtend.o
LOAD c:/st/stm32cubeide_1.2.0/stm32cubeide/plugins/com.st.stm32cube.ide.mcu.externaltools.gnu-tools-for-stm32.7-2018-q2-update.win32_1.0.0.201904181610/tools/bin/../lib/gcc/arm-none-eabi/7.3.1/thumb/v6-m/crtn.o
                0x0000000020002000                _estack = 0x20002000
                0x0000000000000200                _Min_Heap_Size = 0x200
                0x0000000000000400                _Min_Stack_Size = 0x400

.isr_vector     0x0000000008000000       0xc0
                0x0000000008000000                . = ALIGN (0x4)
 *(.isr_vector)
 .isr_vector    0x0000000008000000       0xc0 Startup/startup_stm32l052c8tx.o
                0x0000000008000000                g_pfnVectors
                0x00000000080000c0                . = ALIGN (0x4)

.text           0x00000000080000c0     0x4178
                0x00000000080000c0                . = ALIGN (0x4)
 *(.text)
 .text          0x00000000080000c0       0x48 c:/st/stm32cubeide_1.2.0/stm32cubeide/plugins/com.st.stm32cube.ide.mcu.externaltools.gnu-tools-for-stm32.7-2018-q2-update.win32_1.0.0.201904181610/tools/bin/../lib/gcc/arm-none-eabi/7.3.1/thumb/v6-m/crtbegin.o
 .text          0x0000000008000108       0x14 c:/st/stm32cubeide_1.2.0/stm32cubeide/plugins/com.st.stm32cube.ide.mcu.externaltools.gnu-tools-for-stm32.7-2018-q2-update.win32_1.0.0.201904181610/tools/bin/../lib/gcc/arm-none-eabi/7.3.1/thumb/v6-m\libgcc.a(_thumb1_case_uqi.o)
                0x0000000008000108                __gnu_thumb1_case_uqi
 .text          0x000000000800011c      0x114 c:/st/stm32cubeide_1.2.0/stm32cubeide/plugins/com.st.stm32cube.ide.mcu.externaltools.gnu-tools-for-stm32.7-2018-q2-update.win32_1.0.0.201904181610/tools/bin/../lib/gcc/arm-none-eabi/7.3.1/thumb/v6-m\libgcc.a(_udivsi3.o)
                0x000000000800011c                __aeabi_uidiv
                0x000000000800011c                __udivsi3
                0x0000000008000228                __aeabi_uidivmod
 .text          0x0000000008000230        0x4 c:/st/stm32cubeide_1.2.0/stm32cubeide/plugins/com.st.stm32cube.ide.mcu.externaltools.gnu-tools-for-stm32.7-2018-q2-update.win32_1.0.0.201904181610/tools/bin/../lib/gcc/arm-none-eabi/7.3.1/thumb/v6-m\libgcc.a(_dvmd_tls.o)
                0x0000000008000230                __aeabi_idiv0
                0x0000000008000230                __aeabi_ldiv0
 .text          0x0000000008000234       0x40 c:/st/stm32cubeide_1.2.0/stm32cubeide/plugins/com.st.stm32cube.ide.mcu.externaltools.gnu-tools-for-stm32.7-2018-q2-update.win32_1.0.0.201904181610/tools/bin/../lib/gcc/arm-none-eabi/7.3.1/thumb/v6-m\libgcc.a(_aeabi_uldivmod.o)
                0x0000000008000234                __aeabi_uldivmod
 .text          0x0000000008000274      0x184 c:/st/stm32cubeide_1.2.0/stm32cubeide/plugins/com.st.stm32cube.ide.mcu.externaltools.gnu-tools-for-stm32.7-2018-q2-update.win32_1.0.0.201904181610/tools/bin/../lib/gcc/arm-none-eabi/7.3.1/thumb/v6-m\libgcc.a(_udivmoddi4.o)
                0x0000000008000274                __udivmoddi4
 .text          0x00000000080003f8       0x18 c:/st/stm32cubeide_1.2.0/stm32cubeide/plugins/com.st.stm32cube.ide.mcu.externaltools.gnu-tools-for-stm32.7-2018-q2-update.win32_1.0.0.201904181610/tools/bin/../lib/gcc/arm-none-eabi/7.3.1/thumb/v6-m\libgcc.a(_clzdi2.o)
                0x00000000080003f8                __clzdi2
 .text          0x0000000008000410       0x3c c:/st/stm32cubeide_1.2.0/stm32cubeide/plugins/com.st.stm32cube.ide.mcu.externaltools.gnu-tools-for-stm32.7-2018-q2-update.win32_1.0.0.201904181610/tools/bin/../lib/gcc/arm-none-eabi/7.3.1/thumb/v6-m\libgcc.a(_clzsi2.o)
                0x0000000008000410                __clzsi2
 *(.text*)
 .text.HAL_InitTick
                0x000000000800044c       0x30 Drivers/STM32L0xx_HAL_Driver/Src/stm32l0xx_hal.o
                0x000000000800044c                HAL_InitTick
 .text.HAL_Init
                0x000000000800047c       0x28 Drivers/STM32L0xx_HAL_Driver/Src/stm32l0xx_hal.o
                0x000000000800047c                HAL_Init
 .text.HAL_IncTick
                0x00000000080004a4       0x10 Drivers/STM32L0xx_HAL_Driver/Src/stm32l0xx_hal.o
                0x00000000080004a4                HAL_IncTick
 .text.HAL_GetTick
                0x00000000080004b4        0xc Drivers/STM32L0xx_HAL_Driver/Src/stm32l0xx_hal.o
                0x00000000080004b4                HAL_GetTick
 .text.HAL_Delay
                0x00000000080004c0       0x1e Drivers/STM32L0xx_HAL_Driver/Src/stm32l0xx_hal.o
                0x00000000080004c0                HAL_Delay
 *fill*         0x00000000080004de        0x2 
 .text.HAL_NVIC_SetPriority
                0x00000000080004e0       0x54 Drivers/STM32L0xx_HAL_Driver/Src/stm32l0xx_hal_cortex.o
                0x00000000080004e0                HAL_NVIC_SetPriority
 .text.HAL_NVIC_EnableIRQ
                0x0000000008000534       0x14 Drivers/STM32L0xx_HAL_Driver/Src/stm32l0xx_hal_cortex.o
                0x0000000008000534                HAL_NVIC_EnableIRQ
 .text.HAL_SYSTICK_Config
                0x0000000008000548       0x34 Drivers/STM32L0xx_HAL_Driver/Src/stm32l0xx_hal_cortex.o
                0x0000000008000548                HAL_SYSTICK_Config
 .text.HAL_SYSTICK_CLKSourceConfig
                0x000000000800057c       0x1c Drivers/STM32L0xx_HAL_Driver/Src/stm32l0xx_hal_cortex.o
                0x000000000800057c                HAL_SYSTICK_CLKSourceConfig
 .text.HAL_SYSTICK_IRQHandler
                0x0000000008000598        0x8 Drivers/STM32L0xx_HAL_Driver/Src/stm32l0xx_hal_cortex.o
                0x0000000008000598                HAL_SYSTICK_IRQHandler
 .text.HAL_DMA_Init
                0x00000000080005a0       0x88 Drivers/STM32L0xx_HAL_Driver/Src/stm32l0xx_hal_dma.o
                0x00000000080005a0                HAL_DMA_Init
 .text.HAL_DMA_Start_IT
                0x0000000008000628       0x80 Drivers/STM32L0xx_HAL_Driver/Src/stm32l0xx_hal_dma.o
                0x0000000008000628                HAL_DMA_Start_IT
 .text.HAL_DMA_Abort_IT
                0x00000000080006a8       0x4a Drivers/STM32L0xx_HAL_Driver/Src/stm32l0xx_hal_dma.o
                0x00000000080006a8                HAL_DMA_Abort_IT
 .text.HAL_DMA_IRQHandler
                0x00000000080006f2       0x96 Drivers/STM32L0xx_HAL_Driver/Src/stm32l0xx_hal_dma.o
                0x00000000080006f2                HAL_DMA_IRQHandler
 .text.HAL_GPIO_Init
                0x0000000008000788      0x16c Drivers/STM32L0xx_HAL_Driver/Src/stm32l0xx_hal_gpio.o
                0x0000000008000788                HAL_GPIO_Init
 .text.HAL_GPIO_ReadPin
                0x00000000080008f4        0xc Drivers/STM32L0xx_HAL_Driver/Src/stm32l0xx_hal_gpio.o
                0x00000000080008f4                HAL_GPIO_ReadPin
 .text.HAL_GPIO_WritePin
                0x0000000008000900        0xc Drivers/STM32L0xx_HAL_Driver/Src/stm32l0xx_hal_gpio.o
                0x0000000008000900                HAL_GPIO_WritePin
 .text.HAL_GPIO_EXTI_Callback
                0x000000000800090c        0x2 Drivers/STM32L0xx_HAL_Driver/Src/stm32l0xx_hal_gpio.o
                0x000000000800090c                HAL_GPIO_EXTI_Callback
 *fill*         0x000000000800090e        0x2 
 .text.HAL_GPIO_EXTI_IRQHandler
                0x0000000008000910       0x18 Drivers/STM32L0xx_HAL_Driver/Src/stm32l0xx_hal_gpio.o
                0x0000000008000910                HAL_GPIO_EXTI_IRQHandler
 .text.HAL_I2S_Init
                0x0000000008000928       0xe0 Drivers/STM32L0xx_HAL_Driver/Src/stm32l0xx_hal_i2s.o
                0x0000000008000928                HAL_I2S_Init
 .text.HAL_I2S_Transmit_DMA
                0x0000000008000a08       0x9c Drivers/STM32L0xx_HAL_Driver/Src/stm32l0xx_hal_i2s.o
                0x0000000008000a08                HAL_I2S_Transmit_DMA
 .text.HAL_I2S_TxHalfCpltCallback
                0x0000000008000aa4        0x2 Drivers/STM32L0xx_HAL_Driver/Src/stm32l0xx_hal_i2s.o
                0x0000000008000aa4                HAL_I2S_TxHalfCpltCallback
 .text.I2S_DMATxHalfCplt
                0x0000000008000aa6        0xa Drivers/STM32L0xx_HAL_Driver/Src/stm32l0xx_hal_i2s.o
 .text.I2S_DMATxCplt
                0x0000000008000ab0       0x26 Drivers/STM32L0xx_HAL_Driver/Src/stm32l0xx_hal_i2s.o
 .text.HAL_I2S_ErrorCallback
                0x0000000008000ad6        0x2 Drivers/STM32L0xx_HAL_Driver/Src/stm32l0xx_hal_i2s.o
                0x0000000008000ad6                HAL_I2S_ErrorCallback
 .text.I2S_DMAError
                0x0000000008000ad8       0x2a Drivers/STM32L0xx_HAL_Driver/Src/stm32l0xx_hal_i2s.o
 *fill*         0x0000000008000b02        0x2 
 .text.HAL_LPTIM_Init
                0x0000000008000b04       0xa0 Drivers/STM32L0xx_HAL_Driver/Src/stm32l0xx_hal_lptim.o
                0x0000000008000b04                HAL_LPTIM_Init
 .text.HAL_LPTIM_PWM_Start
                0x0000000008000ba4       0x34 Drivers/STM32L0xx_HAL_Driver/Src/stm32l0xx_hal_lptim.o
                0x0000000008000ba4                HAL_LPTIM_PWM_Start
 .text.HAL_RCC_GetSysClockFreq
                0x0000000008000bd8       0x80 Drivers/STM32L0xx_HAL_Driver/Src/stm32l0xx_hal_rcc.o
                0x0000000008000bd8                HAL_RCC_GetSysClockFreq
 .text.HAL_RCC_OscConfig
                0x0000000008000c58      0x508 Drivers/STM32L0xx_HAL_Driver/Src/stm32l0xx_hal_rcc.o
                0x0000000008000c58                HAL_RCC_OscConfig
 .text.HAL_RCC_ClockConfig
                0x0000000008001160      0x170 Drivers/STM32L0xx_HAL_Driver/Src/stm32l0xx_hal_rcc.o
                0x0000000008001160                HAL_RCC_ClockConfig
 .text.HAL_RCC_GetHCLKFreq
                0x00000000080012d0        0xc Drivers/STM32L0xx_HAL_Driver/Src/stm32l0xx_hal_rcc.o
                0x00000000080012d0                HAL_RCC_GetHCLKFreq
 .text.HAL_RCC_GetPCLK1Freq
                0x00000000080012dc       0x20 Drivers/STM32L0xx_HAL_Driver/Src/stm32l0xx_hal_rcc.o
                0x00000000080012dc                HAL_RCC_GetPCLK1Freq
 .text.HAL_RCC_GetPCLK2Freq
                0x00000000080012fc       0x20 Drivers/STM32L0xx_HAL_Driver/Src/stm32l0xx_hal_rcc.o
                0x00000000080012fc                HAL_RCC_GetPCLK2Freq
 .text.HAL_RCCEx_PeriphCLKConfig
                0x000000000800131c      0x1a0 Drivers/STM32L0xx_HAL_Driver/Src/stm32l0xx_hal_rcc_ex.o
                0x000000000800131c                HAL_RCCEx_PeriphCLKConfig
 .text.SPI_WaitFlagStateUntilTimeout.constprop.7
                0x00000000080014bc       0x84 Drivers/STM32L0xx_HAL_Driver/Src/stm32l0xx_hal_spi.o
 .text.SPI_EndRxTransaction
                0x0000000008001540       0x54 Drivers/STM32L0xx_HAL_Driver/Src/stm32l0xx_hal_spi.o
 .text.SPI_EndRxTxTransaction
                0x0000000008001594       0x3e Drivers/STM32L0xx_HAL_Driver/Src/stm32l0xx_hal_spi.o
 *fill*         0x00000000080015d2        0x2 
 .text.HAL_SPI_Init
                0x00000000080015d4       0x80 Drivers/STM32L0xx_HAL_Driver/Src/stm32l0xx_hal_spi.o
                0x00000000080015d4                HAL_SPI_Init
 .text.HAL_SPI_TransmitReceive
                0x0000000008001654      0x1e6 Drivers/STM32L0xx_HAL_Driver/Src/stm32l0xx_hal_spi.o
                0x0000000008001654                HAL_SPI_TransmitReceive
 *fill*         0x000000000800183a        0x2 
 .text.HAL_SPI_TransmitReceive_DMA
                0x000000000800183c      0x118 Drivers/STM32L0xx_HAL_Driver/Src/stm32l0xx_hal_spi.o
                0x000000000800183c                HAL_SPI_TransmitReceive_DMA
 .text.HAL_SPI_Receive_DMA
                0x0000000008001954       0xe4 Drivers/STM32L0xx_HAL_Driver/Src/stm32l0xx_hal_spi.o
                0x0000000008001954                HAL_SPI_Receive_DMA
 .text.HAL_SPI_TxRxCpltCallback
                0x0000000008001a38        0x2 Drivers/STM32L0xx_HAL_Driver/Src/stm32l0xx_hal_spi.o
                0x0000000008001a38                HAL_SPI_TxRxCpltCallback
 .text.HAL_SPI_RxHalfCpltCallback
                0x0000000008001a3a        0x2 Drivers/STM32L0xx_HAL_Driver/Src/stm32l0xx_hal_spi.o
                0x0000000008001a3a                HAL_SPI_RxHalfCpltCallback
 .text.SPI_DMAHalfReceiveCplt
                0x0000000008001a3c        0xa Drivers/STM32L0xx_HAL_Driver/Src/stm32l0xx_hal_spi.o
 .text.HAL_SPI_TxRxHalfCpltCallback
                0x0000000008001a46        0x2 Drivers/STM32L0xx_HAL_Driver/Src/stm32l0xx_hal_spi.o
                0x0000000008001a46                HAL_SPI_TxRxHalfCpltCallback
 .text.SPI_DMAHalfTransmitReceiveCplt
                0x0000000008001a48        0xa Drivers/STM32L0xx_HAL_Driver/Src/stm32l0xx_hal_spi.o
 .text.HAL_SPI_ErrorCallback
                0x0000000008001a52        0x2 Drivers/STM32L0xx_HAL_Driver/Src/stm32l0xx_hal_spi.o
                0x0000000008001a52                HAL_SPI_ErrorCallback
 .text.SPI_DMAError
                0x0000000008001a54       0x24 Drivers/STM32L0xx_HAL_Driver/Src/stm32l0xx_hal_spi.o
 .text.SPI_DMAReceiveCplt
                0x0000000008001a78       0x56 Drivers/STM32L0xx_HAL_Driver/Src/stm32l0xx_hal_spi.o
 .text.SPI_DMATransmitReceiveCplt
                0x0000000008001ace       0x5e Drivers/STM32L0xx_HAL_Driver/Src/stm32l0xx_hal_spi.o
 .text.UART_EndRxTransfer
                0x0000000008001b2c       0x24 Drivers/STM32L0xx_HAL_Driver/Src/stm32l0xx_hal_uart.o
 .text.HAL_UART_Receive_IT
                0x0000000008001b50       0xc8 Drivers/STM32L0xx_HAL_Driver/Src/stm32l0xx_hal_uart.o
                0x0000000008001b50                HAL_UART_Receive_IT
 .text.HAL_UART_TxCpltCallback
                0x0000000008001c18        0x2 Drivers/STM32L0xx_HAL_Driver/Src/stm32l0xx_hal_uart.o
                0x0000000008001c18                HAL_UART_TxCpltCallback
 *fill*         0x0000000008001c1a        0x2 
 .text.UART_RxISR_8BIT
                0x0000000008001c1c       0x60 Drivers/STM32L0xx_HAL_Driver/Src/stm32l0xx_hal_uart.o
 .text.UART_RxISR_16BIT
                0x0000000008001c7c       0x5c Drivers/STM32L0xx_HAL_Driver/Src/stm32l0xx_hal_uart.o
 .text.HAL_UART_ErrorCallback
                0x0000000008001cd8        0x2 Drivers/STM32L0xx_HAL_Driver/Src/stm32l0xx_hal_uart.o
                0x0000000008001cd8                HAL_UART_ErrorCallback
 *fill*         0x0000000008001cda        0x2 
 .text.HAL_UART_IRQHandler
                0x0000000008001cdc      0x138 Drivers/STM32L0xx_HAL_Driver/Src/stm32l0xx_hal_uart.o
                0x0000000008001cdc                HAL_UART_IRQHandler
 .text.UART_DMAAbortOnError
                0x0000000008001e14       0x16 Drivers/STM32L0xx_HAL_Driver/Src/stm32l0xx_hal_uart.o
 *fill*         0x0000000008001e2a        0x2 
 .text.UART_SetConfig
                0x0000000008001e2c      0x244 Drivers/STM32L0xx_HAL_Driver/Src/stm32l0xx_hal_uart.o
                0x0000000008001e2c                UART_SetConfig
 .text.UART_AdvFeatureConfig
                0x0000000008002070       0xd0 Drivers/STM32L0xx_HAL_Driver/Src/stm32l0xx_hal_uart.o
                0x0000000008002070                UART_AdvFeatureConfig
 .text.UART_WaitOnFlagUntilTimeout
                0x0000000008002140       0x5c Drivers/STM32L0xx_HAL_Driver/Src/stm32l0xx_hal_uart.o
                0x0000000008002140                UART_WaitOnFlagUntilTimeout
 .text.HAL_UART_Transmit
                0x000000000800219c       0xd2 Drivers/STM32L0xx_HAL_Driver/Src/stm32l0xx_hal_uart.o
                0x000000000800219c                HAL_UART_Transmit
 *fill*         0x000000000800226e        0x2 
 .text.UART_CheckIdleState
                0x0000000008002270       0x60 Drivers/STM32L0xx_HAL_Driver/Src/stm32l0xx_hal_uart.o
                0x0000000008002270                UART_CheckIdleState
 .text.HAL_UART_Init
                0x00000000080022d0       0x64 Drivers/STM32L0xx_HAL_Driver/Src/stm32l0xx_hal_uart.o
                0x00000000080022d0                HAL_UART_Init
 .text.HAL_UARTEx_WakeupCallback
                0x0000000008002334        0x2 Drivers/STM32L0xx_HAL_Driver/Src/stm32l0xx_hal_uart_ex.o
                0x0000000008002334                HAL_UARTEx_WakeupCallback
 *fill*         0x0000000008002336        0x2 
 .text.ff_convert
                0x0000000008002338       0x3c Middlewares/Third_Party/FatFs/src/ccsbcs.o
                0x0000000008002338                ff_convert
 .text.ff_wtoupper
                0x0000000008002374       0x4c Middlewares/Third_Party/FatFs/src/ccsbcs.o
                0x0000000008002374                ff_wtoupper
 .text.disk_status
                0x00000000080023c0       0x10 Middlewares/Third_Party/FatFs/src/diskio.o
                0x00000000080023c0                disk_status
 .text.disk_initialize
                0x00000000080023d0       0x14 Middlewares/Third_Party/FatFs/src/diskio.o
                0x00000000080023d0                disk_initialize
 .text.disk_read
                0x00000000080023e4       0x30 Middlewares/Third_Party/FatFs/src/diskio.o
                0x00000000080023e4                disk_read
 .text.crc7_one
                0x0000000008002414       0x1e Middlewares/Third_Party/FatFs/src/fat_sd_spi.o
 *fill*         0x0000000008002432        0x2 
 .text.spi_txrx
                0x0000000008002434       0x2c Middlewares/Third_Party/FatFs/src/fat_sd_spi.o
 .text.sd_cmd   0x0000000008002460       0x70 Middlewares/Third_Party/FatFs/src/fat_sd_spi.o
 .text.sd_get_r1
                0x00000000080024d0       0x1c Middlewares/Third_Party/FatFs/src/fat_sd_spi.o
 .text.sd_nec   0x00000000080024ec       0x12 Middlewares/Third_Party/FatFs/src/fat_sd_spi.o
 .text.sd_get_r7
                0x00000000080024fe       0x3a Middlewares/Third_Party/FatFs/src/fat_sd_spi.o
 .text.sd_read_status.isra.2
                0x0000000008002538       0x48 Middlewares/Third_Party/FatFs/src/fat_sd_spi.o
 .text.sd_get_data.isra.3
                0x0000000008002580       0x44 Middlewares/Third_Party/FatFs/src/fat_sd_spi.o
 .text.sd_readsector.isra.6
                0x00000000080025c4       0x7e Middlewares/Third_Party/FatFs/src/fat_sd_spi.o
 *fill*         0x0000000008002642        0x2 
 .text.sd_init.isra.1
                0x0000000008002644      0x254 Middlewares/Third_Party/FatFs/src/fat_sd_spi.o
 .text.hwif_init
                0x0000000008002898      0x14c Middlewares/Third_Party/FatFs/src/fat_sd_spi.o
                0x0000000008002898                hwif_init
 .text.sd_read  0x00000000080029e4       0x3c Middlewares/Third_Party/FatFs/src/fat_sd_spi.o
                0x00000000080029e4                sd_read
 .text.HAL_SPI_RxCpltCallback
                0x0000000008002a20        0xc Middlewares/Third_Party/FatFs/src/fat_sd_spi.o
                0x0000000008002a20                HAL_SPI_RxCpltCallback
 .text.get_ldnumber
                0x0000000008002a2c       0x2c Middlewares/Third_Party/FatFs/src/ff.o
 .text.validate
                0x0000000008002a58       0x2c Middlewares/Third_Party/FatFs/src/ff.o
 .text.move_window
                0x0000000008002a84       0x2c Middlewares/Third_Party/FatFs/src/ff.o
 .text.check_fs
                0x0000000008002ab0       0x74 Middlewares/Third_Party/FatFs/src/ff.o
 .text.find_volume.isra.3
                0x0000000008002b24      0x200 Middlewares/Third_Party/FatFs/src/ff.o
 .text.clust2sect
                0x0000000008002d24       0x18 Middlewares/Third_Party/FatFs/src/ff.o
                0x0000000008002d24                clust2sect
 .text.get_fat  0x0000000008002d3c       0xd4 Middlewares/Third_Party/FatFs/src/ff.o
                0x0000000008002d3c                get_fat
 .text.dir_sdi.constprop.7
                0x0000000008002e10       0x76 Middlewares/Third_Party/FatFs/src/ff.o
 *fill*         0x0000000008002e86        0x2 
 .text.f_mount  0x0000000008002e88       0x4c Middlewares/Third_Party/FatFs/src/ff.o
                0x0000000008002e88                f_mount
 .text.f_open   0x0000000008002ed4      0x4d8 Middlewares/Third_Party/FatFs/src/ff.o
                0x0000000008002ed4                f_open
 .text.f_read   0x00000000080033ac      0x10c Middlewares/Third_Party/FatFs/src/ff.o
                0x00000000080033ac                f_read
 .text.f_close  0x00000000080034b8       0x10 Middlewares/Third_Party/FatFs/src/ff.o
                0x00000000080034b8                f_close
 .text.MX_DMA_Init
                0x00000000080034c8       0x3c Src/dma.o
                0x00000000080034c8                MX_DMA_Init
 .text.MX_GPIO_Init
                0x0000000008003504      0x100 Src/gpio.o
                0x0000000008003504                MX_GPIO_Init
 .text.MX_I2S2_Init
                0x0000000008003604       0x40 Src/i2s.o
                0x0000000008003604                MX_I2S2_Init
 .text.HAL_I2S_MspInit
                0x0000000008003644       0x88 Src/i2s.o
                0x0000000008003644                HAL_I2S_MspInit
 .text.MX_LPTIM1_Init
                0x00000000080036cc       0x48 Src/lptim.o
                0x00000000080036cc                MX_LPTIM1_Init
 .text.HAL_LPTIM_MspInit
                0x0000000008003714       0x54 Src/lptim.o
                0x0000000008003714                HAL_LPTIM_MspInit
 .text.SystemClock_Config
                0x0000000008003768       0x9c Src/main.o
                0x0000000008003768                SystemClock_Config
 .text.startup.main
                0x0000000008003804      0x354 Src/main.o
                0x0000000008003804                main
 .text.HAL_SYSTICK_Callback
                0x0000000008003b58       0x28 Src/main.o
                0x0000000008003b58                HAL_SYSTICK_Callback
 .text.HAL_UART_RxCpltCallback
                0x0000000008003b80        0xc Src/main.o
                0x0000000008003b80                HAL_UART_RxCpltCallback
 .text._Error_Handler
                0x0000000008003b8c        0x2 Src/main.o
                0x0000000008003b8c                _Error_Handler
 *fill*         0x0000000008003b8e        0x2 
 .text.update_motor
                0x0000000008003b90       0x80 Src/motor.o
                0x0000000008003b90                update_motor
 .text.get_motor_position
                0x0000000008003c10       0x40 Src/motor.o
                0x0000000008003c10                get_motor_position
 .text.set_motor_position
                0x0000000008003c50       0x30 Src/motor.o
                0x0000000008003c50                set_motor_position
 .text.MX_SPI1_Init
                0x0000000008003c80       0x4c Src/spi.o
                0x0000000008003c80                MX_SPI1_Init
 .text.HAL_SPI_MspInit
                0x0000000008003ccc       0xd0 Src/spi.o
                0x0000000008003ccc                HAL_SPI_MspInit
 .text.HAL_MspInit
                0x0000000008003d9c       0x40 Src/stm32l0xx_hal_msp.o
                0x0000000008003d9c                HAL_MspInit
 .text.NMI_Handler
                0x0000000008003ddc        0x2 Src/stm32l0xx_it.o
                0x0000000008003ddc                NMI_Handler
 .text.HardFault_Handler
                0x0000000008003dde        0x2 Src/stm32l0xx_it.o
                0x0000000008003dde                HardFault_Handler
 .text.SVC_Handler
                0x0000000008003de0        0x2 Src/stm32l0xx_it.o
                0x0000000008003de0                SVC_Handler
 .text.PendSV_Handler
                0x0000000008003de2        0x2 Src/stm32l0xx_it.o
                0x0000000008003de2                PendSV_Handler
 .text.SysTick_Handler
                0x0000000008003de4        0xc Src/stm32l0xx_it.o
                0x0000000008003de4                SysTick_Handler
 .text.EXTI4_15_IRQHandler
                0x0000000008003df0        0xc Src/stm32l0xx_it.o
                0x0000000008003df0                EXTI4_15_IRQHandler
 .text.DMA1_Channel2_3_IRQHandler
                0x0000000008003dfc       0x18 Src/stm32l0xx_it.o
                0x0000000008003dfc                DMA1_Channel2_3_IRQHandler
 .text.DMA1_Channel4_5_6_7_IRQHandler
                0x0000000008003e14       0x10 Src/stm32l0xx_it.o
                0x0000000008003e14                DMA1_Channel4_5_6_7_IRQHandler
 .text.USART1_IRQHandler
                0x0000000008003e24       0x10 Src/stm32l0xx_it.o
                0x0000000008003e24                USART1_IRQHandler
 .text.SystemInit
                0x0000000008003e34       0x5c Src/system_stm32l0xx.o
                0x0000000008003e34                SystemInit
 .text.MX_USART1_UART_Init
                0x0000000008003e90       0x50 Src/usart.o
                0x0000000008003e90                MX_USART1_UART_Init
 .text.HAL_UART_MspInit
                0x0000000008003ee0       0x6c Src/usart.o
                0x0000000008003ee0                HAL_UART_MspInit
 .text.play_wav
                0x0000000008003f4c       0xf4 Src/wav_player.o
                0x0000000008003f4c                play_wav
 .text.open_wav
                0x0000000008004040       0x50 Src/wav_player.o
                0x0000000008004040                open_wav
 .text.play_chunk
                0x0000000008004090       0xa4 Src/wav_player.o
                0x0000000008004090                play_chunk
 .text.close_wav
                0x0000000008004134       0x2c Src/wav_player.o
                0x0000000008004134                close_wav
 .text.HAL_I2S_TxCpltCallback
                0x0000000008004160        0x2 Src/wav_player.o
                0x0000000008004160                HAL_I2S_TxCpltCallback
 *fill*         0x0000000008004162        0x2 
 .text.Reset_Handler
                0x0000000008004164       0x50 Startup/startup_stm32l052c8tx.o
                0x0000000008004164                Reset_Handler
 .text.Default_Handler
                0x00000000080041b4        0x2 Startup/startup_stm32l052c8tx.o
                0x00000000080041b4                TSC_IRQHandler
                0x00000000080041b4                ADC1_COMP_IRQHandler
                0x00000000080041b4                PVD_IRQHandler
                0x00000000080041b4                I2C1_IRQHandler
                0x00000000080041b4                RCC_CRS_IRQHandler
                0x00000000080041b4                SPI1_IRQHandler
                0x00000000080041b4                TIM6_DAC_IRQHandler
                0x00000000080041b4                EXTI2_3_IRQHandler
                0x00000000080041b4                I2C2_IRQHandler
                0x00000000080041b4                RTC_IRQHandler
                0x00000000080041b4                DMA1_Channel1_IRQHandler
                0x00000000080041b4                Default_Handler
                0x00000000080041b4                TIM22_IRQHandler
                0x00000000080041b4                EXTI0_1_IRQHandler
                0x00000000080041b4                USB_IRQHandler
                0x00000000080041b4                SPI2_IRQHandler
                0x00000000080041b4                TIM21_IRQHandler
                0x00000000080041b4                WWDG_IRQHandler
                0x00000000080041b4                TIM2_IRQHandler
                0x00000000080041b4                USART2_IRQHandler
                0x00000000080041b4                FLASH_IRQHandler
                0x00000000080041b4                RNG_LPUART1_IRQHandler
                0x00000000080041b4                LPTIM1_IRQHandler
 *fill*         0x00000000080041b6        0x2 
 .text.__libc_init_array
                0x00000000080041b8       0x48 c:/st/stm32cubeide_1.2.0/stm32cubeide/plugins/com.st.stm32cube.ide.mcu.externaltools.gnu-tools-for-stm32.7-2018-q2-update.win32_1.0.0.201904181610/tools/bin/../lib/gcc/arm-none-eabi/7.3.1/../../../../arm-none-eabi/lib/thumb/v6-m\libc_nano.a(lib_a-init.o)
                0x00000000080041b8                __libc_init_array
 .text.memset   0x0000000008004200       0x10 c:/st/stm32cubeide_1.2.0/stm32cubeide/plugins/com.st.stm32cube.ide.mcu.externaltools.gnu-tools-for-stm32.7-2018-q2-update.win32_1.0.0.201904181610/tools/bin/../lib/gcc/arm-none-eabi/7.3.1/../../../../arm-none-eabi/lib/thumb/v6-m\libc_nano.a(lib_a-memset.o)
                0x0000000008004200                memset
 .text.strcpy   0x0000000008004210       0x10 c:/st/stm32cubeide_1.2.0/stm32cubeide/plugins/com.st.stm32cube.ide.mcu.externaltools.gnu-tools-for-stm32.7-2018-q2-update.win32_1.0.0.201904181610/tools/bin/../lib/gcc/arm-none-eabi/7.3.1/../../../../arm-none-eabi/lib/thumb/v6-m\libc_nano.a(lib_a-strcpy.o)
                0x0000000008004210                strcpy
 *(.glue_7)
 .glue_7        0x0000000008004220        0x0 linker stubs
 *(.glue_7t)
 .glue_7t       0x0000000008004220        0x0 linker stubs
 *(.eh_frame)
 .eh_frame      0x0000000008004220        0x0 c:/st/stm32cubeide_1.2.0/stm32cubeide/plugins/com.st.stm32cube.ide.mcu.externaltools.gnu-tools-for-stm32.7-2018-q2-update.win32_1.0.0.201904181610/tools/bin/../lib/gcc/arm-none-eabi/7.3.1/thumb/v6-m/crtbegin.o
 *(.init)
 .init          0x0000000008004220        0x4 c:/st/stm32cubeide_1.2.0/stm32cubeide/plugins/com.st.stm32cube.ide.mcu.externaltools.gnu-tools-for-stm32.7-2018-q2-update.win32_1.0.0.201904181610/tools/bin/../lib/gcc/arm-none-eabi/7.3.1/thumb/v6-m/crti.o
                0x0000000008004220                _init
 .init          0x0000000008004224        0x8 c:/st/stm32cubeide_1.2.0/stm32cubeide/plugins/com.st.stm32cube.ide.mcu.externaltools.gnu-tools-for-stm32.7-2018-q2-update.win32_1.0.0.201904181610/tools/bin/../lib/gcc/arm-none-eabi/7.3.1/thumb/v6-m/crtn.o
 *(.fini)
 .fini          0x000000000800422c        0x4 c:/st/stm32cubeide_1.2.0/stm32cubeide/plugins/com.st.stm32cube.ide.mcu.externaltools.gnu-tools-for-stm32.7-2018-q2-update.win32_1.0.0.201904181610/tools/bin/../lib/gcc/arm-none-eabi/7.3.1/thumb/v6-m/crti.o
                0x000000000800422c                _fini
 .fini          0x0000000008004230        0x8 c:/st/stm32cubeide_1.2.0/stm32cubeide/plugins/com.st.stm32cube.ide.mcu.externaltools.gnu-tools-for-stm32.7-2018-q2-update.win32_1.0.0.201904181610/tools/bin/../lib/gcc/arm-none-eabi/7.3.1/thumb/v6-m/crtn.o
                0x0000000008004238                . = ALIGN (0x4)
                0x0000000008004238                _etext = .

.vfp11_veneer   0x0000000008004238        0x0
 .vfp11_veneer  0x0000000008004238        0x0 linker stubs

.v4_bx          0x0000000008004238        0x0
 .v4_bx         0x0000000008004238        0x0 linker stubs

.iplt           0x0000000008004238        0x0
 .iplt          0x0000000008004238        0x0 c:/st/stm32cubeide_1.2.0/stm32cubeide/plugins/com.st.stm32cube.ide.mcu.externaltools.gnu-tools-for-stm32.7-2018-q2-update.win32_1.0.0.201904181610/tools/bin/../lib/gcc/arm-none-eabi/7.3.1/thumb/v6-m/crtbegin.o

.rodata         0x0000000008004238      0xad4
                0x0000000008004238                . = ALIGN (0x4)
 *(.rodata)
 *(.rodata*)
 .rodata.CSWTCH.55
                0x0000000008004238        0x4 Drivers/STM32L0xx_HAL_Driver/Src/stm32l0xx_hal_uart.o
 .rodata.CSWTCH.56
                0x000000000800423c        0xd Drivers/STM32L0xx_HAL_Driver/Src/stm32l0xx_hal_uart.o
 *fill*         0x0000000008004249        0x1 
 .rodata.Tbl    0x000000000800424a      0x100 Middlewares/Third_Party/FatFs/src/ccsbcs.o
 .rodata.lower.4301
                0x000000000800434a      0x3dc Middlewares/Third_Party/FatFs/src/ccsbcs.o
 .rodata.upper.4302
                0x0000000008004726      0x3dc Middlewares/Third_Party/FatFs/src/ccsbcs.o
 .rodata.ExCvt  0x0000000008004b02       0x80 Middlewares/Third_Party/FatFs/src/ff.o
 .rodata.LfnOfs
                0x0000000008004b82        0xd Middlewares/Third_Party/FatFs/src/ff.o
 .rodata.f_open.str1.1
                0x0000000008004b8f       0x10 Middlewares/Third_Party/FatFs/src/ff.o
 .rodata.MX_I2S2_Init.str1.1
                0x0000000008004b9f        0xd Src/i2s.o
 .rodata.MX_LPTIM1_Init.str1.1
                0x0000000008004bac        0xf Src/lptim.o
 .rodata.main.str1.1
                0x0000000008004bbb      0x110 Src/main.o
                                        0x156 (size before relaxing)
 .rodata.CSWTCH.2
                0x0000000008004ccb        0x4 Src/motor.o
 .rodata.MX_SPI1_Init.str1.1
                0x0000000008004ccf        0xd Src/spi.o
 .rodata.AHBPrescTable
                0x0000000008004cdc       0x10 Src/system_stm32l0xx.o
                0x0000000008004cdc                AHBPrescTable
 .rodata.APBPrescTable
                0x0000000008004cec        0x8 Src/system_stm32l0xx.o
                0x0000000008004cec                APBPrescTable
 .rodata.PLLMulTable
                0x0000000008004cf4        0x9 Src/system_stm32l0xx.o
                0x0000000008004cf4                PLLMulTable
 .rodata.MX_USART1_UART_Init.str1.1
                0x0000000008004cfd        0xf Src/usart.o
                0x0000000008004d0c                . = ALIGN (0x4)

.ARM.extab      0x0000000008004d0c        0x0
                0x0000000008004d0c                . = ALIGN (0x4)
 *(.ARM.extab* .gnu.linkonce.armextab.*)
                0x0000000008004d0c                . = ALIGN (0x4)

.ARM            0x0000000008004d0c        0x8
                0x0000000008004d0c                . = ALIGN (0x4)
                0x0000000008004d0c                __exidx_start = .
 *(.ARM.exidx*)
 .ARM.exidx     0x0000000008004d0c        0x8 c:/st/stm32cubeide_1.2.0/stm32cubeide/plugins/com.st.stm32cube.ide.mcu.externaltools.gnu-tools-for-stm32.7-2018-q2-update.win32_1.0.0.201904181610/tools/bin/../lib/gcc/arm-none-eabi/7.3.1/thumb/v6-m\libgcc.a(_udivmoddi4.o)
                0x0000000008004d14                __exidx_end = .
                0x0000000008004d14                . = ALIGN (0x4)

.rel.dyn        0x0000000008004d14        0x0
 .rel.iplt      0x0000000008004d14        0x0 c:/st/stm32cubeide_1.2.0/stm32cubeide/plugins/com.st.stm32cube.ide.mcu.externaltools.gnu-tools-for-stm32.7-2018-q2-update.win32_1.0.0.201904181610/tools/bin/../lib/gcc/arm-none-eabi/7.3.1/thumb/v6-m/crtbegin.o

.preinit_array  0x0000000008004d14        0x0
                0x0000000008004d14                . = ALIGN (0x4)
                0x0000000008004d14                PROVIDE (__preinit_array_start = .)
 *(.preinit_array*)
                0x0000000008004d14                PROVIDE (__preinit_array_end = .)
                0x0000000008004d14                . = ALIGN (0x4)

.init_array     0x0000000008004d14        0x4
                0x0000000008004d14                . = ALIGN (0x4)
                0x0000000008004d14                PROVIDE (__init_array_start = .)
 *(SORT_BY_NAME(.init_array.*))
 *(.init_array*)
 .init_array    0x0000000008004d14        0x4 c:/st/stm32cubeide_1.2.0/stm32cubeide/plugins/com.st.stm32cube.ide.mcu.externaltools.gnu-tools-for-stm32.7-2018-q2-update.win32_1.0.0.201904181610/tools/bin/../lib/gcc/arm-none-eabi/7.3.1/thumb/v6-m/crtbegin.o
                0x0000000008004d18                PROVIDE (__init_array_end = .)
                0x0000000008004d18                . = ALIGN (0x4)

.fini_array     0x0000000008004d18        0x4
                0x0000000008004d18                . = ALIGN (0x4)
                [!provide]                        PROVIDE (__fini_array_start = .)
 *(SORT_BY_NAME(.fini_array.*))
 *(.fini_array*)
 .fini_array    0x0000000008004d18        0x4 c:/st/stm32cubeide_1.2.0/stm32cubeide/plugins/com.st.stm32cube.ide.mcu.externaltools.gnu-tools-for-stm32.7-2018-q2-update.win32_1.0.0.201904181610/tools/bin/../lib/gcc/arm-none-eabi/7.3.1/thumb/v6-m/crtbegin.o
                [!provide]                        PROVIDE (__fini_array_end = .)
                0x0000000008004d1c                . = ALIGN (0x4)
                0x0000000008004d1c                _sidata = LOADADDR (.data)

.data           0x0000000020000000        0x4 load address 0x0000000008004d1c
                0x0000000020000000                . = ALIGN (0x4)
                0x0000000020000000                _sdata = .
 *(.data)
 *(.data*)
 .data.SystemCoreClock
                0x0000000020000000        0x4 Src/system_stm32l0xx.o
                0x0000000020000000                SystemCoreClock
                0x0000000020000004                . = ALIGN (0x4)
                0x0000000020000004                _edata = .

.igot.plt       0x0000000020000004        0x0 load address 0x0000000008004d20
 .igot.plt      0x0000000020000004        0x0 c:/st/stm32cubeide_1.2.0/stm32cubeide/plugins/com.st.stm32cube.ide.mcu.externaltools.gnu-tools-for-stm32.7-2018-q2-update.win32_1.0.0.201904181610/tools/bin/../lib/gcc/arm-none-eabi/7.3.1/thumb/v6-m/crtbegin.o
                0x0000000020000004                . = ALIGN (0x4)

.bss            0x0000000020000004      0xcb4 load address 0x0000000008004d20
                0x0000000020000004                _sbss = .
                0x0000000020000004                __bss_start__ = _sbss
 *(.bss)
 .bss           0x0000000020000004       0x1c c:/st/stm32cubeide_1.2.0/stm32cubeide/plugins/com.st.stm32cube.ide.mcu.externaltools.gnu-tools-for-stm32.7-2018-q2-update.win32_1.0.0.201904181610/tools/bin/../lib/gcc/arm-none-eabi/7.3.1/thumb/v6-m/crtbegin.o
 *(.bss*)
 .bss.dma_complete
                0x0000000020000020        0x1 Middlewares/Third_Party/FatFs/src/fat_sd_spi.o
 *fill*         0x0000000020000021        0x3 
 .bss.FatFs     0x0000000020000024        0x4 Middlewares/Third_Party/FatFs/src/ff.o
 .bss.Fsid      0x0000000020000028        0x2 Middlewares/Third_Party/FatFs/src/ff.o
 .bss.LfnBuf    0x000000002000002a      0x200 Middlewares/Third_Party/FatFs/src/ff.o
 .bss.timer_1sec
                0x000000002000022a        0x2 Src/main.o
                0x000000002000022a                timer_1sec
 .bss.timer_1sec_flag
                0x000000002000022c        0x1 Src/main.o
                0x000000002000022c                timer_1sec_flag
 .bss.uart_ready
                0x000000002000022d        0x1 Src/main.o
                0x000000002000022d                uart_ready
 .bss.audio_buf_0
                0x000000002000022e      0x200 Src/wav_player.o
 .bss.audio_buf_1
                0x000000002000042e      0x200 Src/wav_player.o
 *fill*         0x000000002000062e        0x2 
 .bss.audio_buf_ptr
                0x0000000020000630        0x4 Src/wav_player.o
 .bss.audio_buf_ptr_start
                0x0000000020000634        0x4 Src/wav_player.o
 .bss.fil       0x0000000020000638       0x1c Src/wav_player.o
 *(COMMON)
 COMMON         0x0000000020000654        0x4 Drivers/STM32L0xx_HAL_Driver/Src/stm32l0xx_hal.o
                0x0000000020000654                uwTick
 COMMON         0x0000000020000658       0x10 Middlewares/Third_Party/FatFs/src/diskio.o
                0x0000000020000658                SD_ff_hw
 COMMON         0x0000000020000668       0x84 Src/i2s.o
                0x0000000020000668                hdma_spi2_tx
                0x00000000200006b0                hi2s2
 COMMON         0x00000000200006ec       0x30 Src/lptim.o
                0x00000000200006ec                hlptim1
 COMMON         0x000000002000071c      0x431 Src/main.o
                0x000000002000071c                FatFs
                0x0000000020000944                uart_data
                0x0000000020000948                bytes_read
                0x000000002000094c                fr
                0x000000002000094d                wav_buf
 *fill*         0x0000000020000b4d        0x3 
 COMMON         0x0000000020000b50       0xe8 Src/spi.o
                0x0000000020000b50                hspi1
                0x0000000020000ba8                hdma_spi1_rx
                0x0000000020000bf0                hdma_spi1_tx
 COMMON         0x0000000020000c38       0x80 Src/usart.o
                0x0000000020000c38                huart1
                0x0000000020000cb8                . = ALIGN (0x4)
                0x0000000020000cb8                _ebss = .
                0x0000000020000cb8                __bss_end__ = _ebss

._user_heap_stack
                0x0000000020000cb8      0x600 load address 0x0000000008004d20
                0x0000000020000cb8                . = ALIGN (0x8)
                [!provide]                        PROVIDE (end = .)
                [!provide]                        PROVIDE (_end = .)
                0x0000000020000eb8                . = (. + _Min_Heap_Size)
 *fill*         0x0000000020000cb8      0x200 
                0x00000000200012b8                . = (. + _Min_Stack_Size)
 *fill*         0x0000000020000eb8      0x400 
                0x00000000200012b8                . = ALIGN (0x8)

/DISCARD/
 libc.a(*)
 libm.a(*)
 libgcc.a(*)

.ARM.attributes
                0x0000000000000000       0x28
 *(.ARM.attributes)
 .ARM.attributes
                0x0000000000000000       0x1e c:/st/stm32cubeide_1.2.0/stm32cubeide/plugins/com.st.stm32cube.ide.mcu.externaltools.gnu-tools-for-stm32.7-2018-q2-update.win32_1.0.0.201904181610/tools/bin/../lib/gcc/arm-none-eabi/7.3.1/thumb/v6-m/crti.o
 .ARM.attributes
                0x000000000000001e       0x2c c:/st/stm32cubeide_1.2.0/stm32cubeide/plugins/com.st.stm32cube.ide.mcu.externaltools.gnu-tools-for-stm32.7-2018-q2-update.win32_1.0.0.201904181610/tools/bin/../lib/gcc/arm-none-eabi/7.3.1/thumb/v6-m/crtbegin.o
 .ARM.attributes
                0x000000000000004a       0x32 Drivers/STM32L0xx_HAL_Driver/Src/stm32l0xx_hal.o
 .ARM.attributes
                0x000000000000007c       0x32 Drivers/STM32L0xx_HAL_Driver/Src/stm32l0xx_hal_cortex.o
 .ARM.attributes
                0x00000000000000ae       0x32 Drivers/STM32L0xx_HAL_Driver/Src/stm32l0xx_hal_dma.o
 .ARM.attributes
                0x00000000000000e0       0x32 Drivers/STM32L0xx_HAL_Driver/Src/stm32l0xx_hal_gpio.o
 .ARM.attributes
                0x0000000000000112       0x32 Drivers/STM32L0xx_HAL_Driver/Src/stm32l0xx_hal_i2s.o
 .ARM.attributes
                0x0000000000000144       0x32 Drivers/STM32L0xx_HAL_Driver/Src/stm32l0xx_hal_lptim.o
 .ARM.attributes
                0x0000000000000176       0x32 Drivers/STM32L0xx_HAL_Driver/Src/stm32l0xx_hal_rcc.o
 .ARM.attributes
                0x00000000000001a8       0x32 Drivers/STM32L0xx_HAL_Driver/Src/stm32l0xx_hal_rcc_ex.o
 .ARM.attributes
                0x00000000000001da       0x32 Drivers/STM32L0xx_HAL_Driver/Src/stm32l0xx_hal_spi.o
 .ARM.attributes
                0x000000000000020c       0x32 Drivers/STM32L0xx_HAL_Driver/Src/stm32l0xx_hal_uart.o
 .ARM.attributes
                0x000000000000023e       0x32 Drivers/STM32L0xx_HAL_Driver/Src/stm32l0xx_hal_uart_ex.o
 .ARM.attributes
                0x0000000000000270       0x32 Middlewares/Third_Party/FatFs/src/ccsbcs.o
 .ARM.attributes
                0x00000000000002a2       0x32 Middlewares/Third_Party/FatFs/src/diskio.o
 .ARM.attributes
                0x00000000000002d4       0x32 Middlewares/Third_Party/FatFs/src/fat_sd_spi.o
 .ARM.attributes
                0x0000000000000306       0x32 Middlewares/Third_Party/FatFs/src/ff.o
 .ARM.attributes
                0x0000000000000338       0x32 Src/dma.o
 .ARM.attributes
                0x000000000000036a       0x32 Src/gpio.o
 .ARM.attributes
                0x000000000000039c       0x32 Src/i2s.o
 .ARM.attributes
                0x00000000000003ce       0x32 Src/lptim.o
 .ARM.attributes
                0x0000000000000400       0x32 Src/main.o
 .ARM.attributes
                0x0000000000000432       0x32 Src/motor.o
 .ARM.attributes
                0x0000000000000464       0x32 Src/spi.o
 .ARM.attributes
                0x0000000000000496       0x32 Src/stm32l0xx_hal_msp.o
 .ARM.attributes
                0x00000000000004c8       0x32 Src/stm32l0xx_it.o
 .ARM.attributes
                0x00000000000004fa       0x32 Src/system_stm32l0xx.o
 .ARM.attributes
                0x000000000000052c       0x32 Src/usart.o
 .ARM.attributes
                0x000000000000055e       0x32 Src/wav_player.o
 .ARM.attributes
                0x0000000000000590       0x22 Startup/startup_stm32l052c8tx.o
 .ARM.attributes
                0x00000000000005b2       0x2c c:/st/stm32cubeide_1.2.0/stm32cubeide/plugins/com.st.stm32cube.ide.mcu.externaltools.gnu-tools-for-stm32.7-2018-q2-update.win32_1.0.0.201904181610/tools/bin/../lib/gcc/arm-none-eabi/7.3.1/../../../../arm-none-eabi/lib/thumb/v6-m\libc_nano.a(lib_a-init.o)
 .ARM.attributes
                0x00000000000005de       0x2c c:/st/stm32cubeide_1.2.0/stm32cubeide/plugins/com.st.stm32cube.ide.mcu.externaltools.gnu-tools-for-stm32.7-2018-q2-update.win32_1.0.0.201904181610/tools/bin/../lib/gcc/arm-none-eabi/7.3.1/../../../../arm-none-eabi/lib/thumb/v6-m\libc_nano.a(lib_a-memset.o)
 .ARM.attributes
                0x000000000000060a       0x2c c:/st/stm32cubeide_1.2.0/stm32cubeide/plugins/com.st.stm32cube.ide.mcu.externaltools.gnu-tools-for-stm32.7-2018-q2-update.win32_1.0.0.201904181610/tools/bin/../lib/gcc/arm-none-eabi/7.3.1/../../../../arm-none-eabi/lib/thumb/v6-m\libc_nano.a(lib_a-strcpy.o)
 .ARM.attributes
                0x0000000000000636       0x1e c:/st/stm32cubeide_1.2.0/stm32cubeide/plugins/com.st.stm32cube.ide.mcu.externaltools.gnu-tools-for-stm32.7-2018-q2-update.win32_1.0.0.201904181610/tools/bin/../lib/gcc/arm-none-eabi/7.3.1/thumb/v6-m\libgcc.a(_thumb1_case_uqi.o)
 .ARM.attributes
                0x0000000000000654       0x1e c:/st/stm32cubeide_1.2.0/stm32cubeide/plugins/com.st.stm32cube.ide.mcu.externaltools.gnu-tools-for-stm32.7-2018-q2-update.win32_1.0.0.201904181610/tools/bin/../lib/gcc/arm-none-eabi/7.3.1/thumb/v6-m\libgcc.a(_udivsi3.o)
 .ARM.attributes
                0x0000000000000672       0x1e c:/st/stm32cubeide_1.2.0/stm32cubeide/plugins/com.st.stm32cube.ide.mcu.externaltools.gnu-tools-for-stm32.7-2018-q2-update.win32_1.0.0.201904181610/tools/bin/../lib/gcc/arm-none-eabi/7.3.1/thumb/v6-m\libgcc.a(_dvmd_tls.o)
 .ARM.attributes
                0x0000000000000690       0x1e c:/st/stm32cubeide_1.2.0/stm32cubeide/plugins/com.st.stm32cube.ide.mcu.externaltools.gnu-tools-for-stm32.7-2018-q2-update.win32_1.0.0.201904181610/tools/bin/../lib/gcc/arm-none-eabi/7.3.1/thumb/v6-m\libgcc.a(_aeabi_uldivmod.o)
 .ARM.attributes
                0x00000000000006ae       0x2c c:/st/stm32cubeide_1.2.0/stm32cubeide/plugins/com.st.stm32cube.ide.mcu.externaltools.gnu-tools-for-stm32.7-2018-q2-update.win32_1.0.0.201904181610/tools/bin/../lib/gcc/arm-none-eabi/7.3.1/thumb/v6-m\libgcc.a(_udivmoddi4.o)
 .ARM.attributes
                0x00000000000006da       0x1e c:/st/stm32cubeide_1.2.0/stm32cubeide/plugins/com.st.stm32cube.ide.mcu.externaltools.gnu-tools-for-stm32.7-2018-q2-update.win32_1.0.0.201904181610/tools/bin/../lib/gcc/arm-none-eabi/7.3.1/thumb/v6-m\libgcc.a(_clzdi2.o)
 .ARM.attributes
                0x00000000000006f8       0x1e c:/st/stm32cubeide_1.2.0/stm32cubeide/plugins/com.st.stm32cube.ide.mcu.externaltools.gnu-tools-for-stm32.7-2018-q2-update.win32_1.0.0.201904181610/tools/bin/../lib/gcc/arm-none-eabi/7.3.1/thumb/v6-m\libgcc.a(_clzsi2.o)
 .ARM.attributes
                0x0000000000000716       0x1e c:/st/stm32cubeide_1.2.0/stm32cubeide/plugins/com.st.stm32cube.ide.mcu.externaltools.gnu-tools-for-stm32.7-2018-q2-update.win32_1.0.0.201904181610/tools/bin/../lib/gcc/arm-none-eabi/7.3.1/thumb/v6-m/crtn.o
OUTPUT(CommandCenter_Audio.elf elf32-littlearm)

.debug_info     0x0000000000000000    0x1434f
 .debug_info    0x0000000000000000      0x862 Drivers/STM32L0xx_HAL_Driver/Src/stm32l0xx_hal.o
 .debug_info    0x0000000000000862      0x9b5 Drivers/STM32L0xx_HAL_Driver/Src/stm32l0xx_hal_cortex.o
 .debug_info    0x0000000000001217      0x817 Drivers/STM32L0xx_HAL_Driver/Src/stm32l0xx_hal_dma.o
 .debug_info    0x0000000000001a2e      0x6d8 Drivers/STM32L0xx_HAL_Driver/Src/stm32l0xx_hal_gpio.o
 .debug_info    0x0000000000002106      0xee6 Drivers/STM32L0xx_HAL_Driver/Src/stm32l0xx_hal_i2s.o
 .debug_info    0x0000000000002fec      0xea2 Drivers/STM32L0xx_HAL_Driver/Src/stm32l0xx_hal_lptim.o
 .debug_info    0x0000000000003e8e      0xc01 Drivers/STM32L0xx_HAL_Driver/Src/stm32l0xx_hal_rcc.o
 .debug_info    0x0000000000004a8f      0x8b9 Drivers/STM32L0xx_HAL_Driver/Src/stm32l0xx_hal_rcc_ex.o
 .debug_info    0x0000000000005348     0x1c83 Drivers/STM32L0xx_HAL_Driver/Src/stm32l0xx_hal_spi.o
 .debug_info    0x0000000000006fcb     0x1bb1 Drivers/STM32L0xx_HAL_Driver/Src/stm32l0xx_hal_uart.o
 .debug_info    0x0000000000008b7c      0x984 Drivers/STM32L0xx_HAL_Driver/Src/stm32l0xx_hal_uart_ex.o
 .debug_info    0x0000000000009500      0x185 Middlewares/Third_Party/FatFs/src/ccsbcs.o
 .debug_info    0x0000000000009685      0x907 Middlewares/Third_Party/FatFs/src/diskio.o
 .debug_info    0x0000000000009f8c     0x1bb9 Middlewares/Third_Party/FatFs/src/fat_sd_spi.o
 .debug_info    0x000000000000bb45     0x1528 Middlewares/Third_Party/FatFs/src/ff.o
 .debug_info    0x000000000000d06d      0x3b2 Src/dma.o
 .debug_info    0x000000000000d41f      0x55c Src/gpio.o
 .debug_info    0x000000000000d97b      0x911 Src/i2s.o
 .debug_info    0x000000000000e28c      0x70f Src/lptim.o
 .debug_info    0x000000000000e99b     0x23bc Src/main.o
 .debug_info    0x0000000000010d57      0x68e Src/motor.o
 .debug_info    0x00000000000113e5      0x9de Src/spi.o
 .debug_info    0x0000000000011dc3      0x389 Src/stm32l0xx_hal_msp.o
 .debug_info    0x000000000001214c      0x76c Src/stm32l0xx_it.o
 .debug_info    0x00000000000128b8      0x395 Src/system_stm32l0xx.o
 .debug_info    0x0000000000012c4d      0xaed Src/usart.o
 .debug_info    0x000000000001373a      0xbf3 Src/wav_player.o
 .debug_info    0x000000000001432d       0x22 Startup/startup_stm32l052c8tx.o

.debug_abbrev   0x0000000000000000     0x3ba5
 .debug_abbrev  0x0000000000000000      0x293 Drivers/STM32L0xx_HAL_Driver/Src/stm32l0xx_hal.o
 .debug_abbrev  0x0000000000000293      0x26f Drivers/STM32L0xx_HAL_Driver/Src/stm32l0xx_hal_cortex.o
 .debug_abbrev  0x0000000000000502      0x21f Drivers/STM32L0xx_HAL_Driver/Src/stm32l0xx_hal_dma.o
 .debug_abbrev  0x0000000000000721      0x1cf Drivers/STM32L0xx_HAL_Driver/Src/stm32l0xx_hal_gpio.o
 .debug_abbrev  0x00000000000008f0      0x2e7 Drivers/STM32L0xx_HAL_Driver/Src/stm32l0xx_hal_i2s.o
 .debug_abbrev  0x0000000000000bd7      0x274 Drivers/STM32L0xx_HAL_Driver/Src/stm32l0xx_hal_lptim.o
 .debug_abbrev  0x0000000000000e4b      0x2c9 Drivers/STM32L0xx_HAL_Driver/Src/stm32l0xx_hal_rcc.o
 .debug_abbrev  0x0000000000001114      0x22f Drivers/STM32L0xx_HAL_Driver/Src/stm32l0xx_hal_rcc_ex.o
 .debug_abbrev  0x0000000000001343      0x353 Drivers/STM32L0xx_HAL_Driver/Src/stm32l0xx_hal_spi.o
 .debug_abbrev  0x0000000000001696      0x333 Drivers/STM32L0xx_HAL_Driver/Src/stm32l0xx_hal_uart.o
 .debug_abbrev  0x00000000000019c9      0x246 Drivers/STM32L0xx_HAL_Driver/Src/stm32l0xx_hal_uart_ex.o
 .debug_abbrev  0x0000000000001c0f       0xdd Middlewares/Third_Party/FatFs/src/ccsbcs.o
 .debug_abbrev  0x0000000000001cec      0x21e Middlewares/Third_Party/FatFs/src/diskio.o
 .debug_abbrev  0x0000000000001f0a      0x4b9 Middlewares/Third_Party/FatFs/src/fat_sd_spi.o
 .debug_abbrev  0x00000000000023c3      0x2f8 Middlewares/Third_Party/FatFs/src/ff.o
 .debug_abbrev  0x00000000000026bb      0x13e Src/dma.o
 .debug_abbrev  0x00000000000027f9      0x173 Src/gpio.o
 .debug_abbrev  0x000000000000296c      0x1cf Src/i2s.o
 .debug_abbrev  0x0000000000002b3b      0x1a9 Src/lptim.o
 .debug_abbrev  0x0000000000002ce4      0x337 Src/main.o
 .debug_abbrev  0x000000000000301b      0x19e Src/motor.o
 .debug_abbrev  0x00000000000031b9      0x1cf Src/spi.o
 .debug_abbrev  0x0000000000003388      0x126 Src/stm32l0xx_hal_msp.o
 .debug_abbrev  0x00000000000034ae      0x1bd Src/stm32l0xx_it.o
 .debug_abbrev  0x000000000000366b      0x111 Src/system_stm32l0xx.o
 .debug_abbrev  0x000000000000377c      0x1d8 Src/usart.o
 .debug_abbrev  0x0000000000003954      0x23f Src/wav_player.o
 .debug_abbrev  0x0000000000003b93       0x12 Startup/startup_stm32l052c8tx.o

.debug_loc      0x0000000000000000     0x91a3
 .debug_loc     0x0000000000000000      0x13d Drivers/STM32L0xx_HAL_Driver/Src/stm32l0xx_hal.o
 .debug_loc     0x000000000000013d      0x3cb Drivers/STM32L0xx_HAL_Driver/Src/stm32l0xx_hal_cortex.o
 .debug_loc     0x0000000000000508      0x7d6 Drivers/STM32L0xx_HAL_Driver/Src/stm32l0xx_hal_dma.o
 .debug_loc     0x0000000000000cde      0x2e9 Drivers/STM32L0xx_HAL_Driver/Src/stm32l0xx_hal_gpio.o
 .debug_loc     0x0000000000000fc7      0xb0f Drivers/STM32L0xx_HAL_Driver/Src/stm32l0xx_hal_i2s.o
 .debug_loc     0x0000000000001ad6      0x923 Drivers/STM32L0xx_HAL_Driver/Src/stm32l0xx_hal_lptim.o
 .debug_loc     0x00000000000023f9      0x561 Drivers/STM32L0xx_HAL_Driver/Src/stm32l0xx_hal_rcc.o
 .debug_loc     0x000000000000295a      0x5a7 Drivers/STM32L0xx_HAL_Driver/Src/stm32l0xx_hal_rcc_ex.o
 .debug_loc     0x0000000000002f01     0x17c8 Drivers/STM32L0xx_HAL_Driver/Src/stm32l0xx_hal_spi.o
 .debug_loc     0x00000000000046c9     0x14c0 Drivers/STM32L0xx_HAL_Driver/Src/stm32l0xx_hal_uart.o
 .debug_loc     0x0000000000005b89      0x32b Drivers/STM32L0xx_HAL_Driver/Src/stm32l0xx_hal_uart_ex.o
 .debug_loc     0x0000000000005eb4      0x178 Middlewares/Third_Party/FatFs/src/ccsbcs.o
 .debug_loc     0x000000000000602c      0x16b Middlewares/Third_Party/FatFs/src/diskio.o
 .debug_loc     0x0000000000006197      0xd4e Middlewares/Third_Party/FatFs/src/fat_sd_spi.o
 .debug_loc     0x0000000000006ee5     0x1cc8 Middlewares/Third_Party/FatFs/src/ff.o
 .debug_loc     0x0000000000008bad       0x58 Src/i2s.o
 .debug_loc     0x0000000000008c05       0x4d Src/lptim.o
 .debug_loc     0x0000000000008c52      0x16d Src/main.o
 .debug_loc     0x0000000000008dbf      0x142 Src/motor.o
 .debug_loc     0x0000000000008f01       0x58 Src/spi.o
 .debug_loc     0x0000000000008f59      0x17f Src/system_stm32l0xx.o
 .debug_loc     0x00000000000090d8       0x4d Src/usart.o
 .debug_loc     0x0000000000009125       0x7e Src/wav_player.o

.debug_aranges  0x0000000000000000      0xca0
 .debug_aranges
                0x0000000000000000       0xf0 Drivers/STM32L0xx_HAL_Driver/Src/stm32l0xx_hal.o
 .debug_aranges
                0x00000000000000f0       0x90 Drivers/STM32L0xx_HAL_Driver/Src/stm32l0xx_hal_cortex.o
 .debug_aranges
                0x0000000000000180       0x78 Drivers/STM32L0xx_HAL_Driver/Src/stm32l0xx_hal_dma.o
 .debug_aranges
                0x00000000000001f8       0x58 Drivers/STM32L0xx_HAL_Driver/Src/stm32l0xx_hal_gpio.o
 .debug_aranges
                0x0000000000000250       0xc0 Drivers/STM32L0xx_HAL_Driver/Src/stm32l0xx_hal_i2s.o
 .debug_aranges
                0x0000000000000310       0xf8 Drivers/STM32L0xx_HAL_Driver/Src/stm32l0xx_hal_lptim.o
 .debug_aranges
                0x0000000000000408       0x80 Drivers/STM32L0xx_HAL_Driver/Src/stm32l0xx_hal_rcc.o
 .debug_aranges
                0x0000000000000488       0x98 Drivers/STM32L0xx_HAL_Driver/Src/stm32l0xx_hal_rcc_ex.o
 .debug_aranges
                0x0000000000000520      0x188 Drivers/STM32L0xx_HAL_Driver/Src/stm32l0xx_hal_spi.o
 .debug_aranges
                0x00000000000006a8      0x1a0 Drivers/STM32L0xx_HAL_Driver/Src/stm32l0xx_hal_uart.o
 .debug_aranges
                0x0000000000000848       0x58 Drivers/STM32L0xx_HAL_Driver/Src/stm32l0xx_hal_uart_ex.o
 .debug_aranges
                0x00000000000008a0       0x28 Middlewares/Third_Party/FatFs/src/ccsbcs.o
 .debug_aranges
                0x00000000000008c8       0x48 Middlewares/Third_Party/FatFs/src/diskio.o
 .debug_aranges
                0x0000000000000910       0xa0 Middlewares/Third_Party/FatFs/src/fat_sd_spi.o
 .debug_aranges
                0x00000000000009b0       0x80 Middlewares/Third_Party/FatFs/src/ff.o
 .debug_aranges
                0x0000000000000a30       0x20 Src/dma.o
 .debug_aranges
                0x0000000000000a50       0x20 Src/gpio.o
 .debug_aranges
                0x0000000000000a70       0x30 Src/i2s.o
 .debug_aranges
                0x0000000000000aa0       0x30 Src/lptim.o
 .debug_aranges
                0x0000000000000ad0       0x40 Src/main.o
 .debug_aranges
                0x0000000000000b10       0x30 Src/motor.o
 .debug_aranges
                0x0000000000000b40       0x30 Src/spi.o
 .debug_aranges
                0x0000000000000b70       0x20 Src/stm32l0xx_hal_msp.o
 .debug_aranges
                0x0000000000000b90       0x50 Src/stm32l0xx_it.o
 .debug_aranges
                0x0000000000000be0       0x28 Src/system_stm32l0xx.o
 .debug_aranges
                0x0000000000000c08       0x30 Src/usart.o
 .debug_aranges
                0x0000000000000c38       0x40 Src/wav_player.o
 .debug_aranges
                0x0000000000000c78       0x28 Startup/startup_stm32l052c8tx.o

.debug_ranges   0x0000000000000000      0xfc8
 .debug_ranges  0x0000000000000000       0xe0 Drivers/STM32L0xx_HAL_Driver/Src/stm32l0xx_hal.o
 .debug_ranges  0x00000000000000e0      0x138 Drivers/STM32L0xx_HAL_Driver/Src/stm32l0xx_hal_cortex.o
 .debug_ranges  0x0000000000000218       0xa8 Drivers/STM32L0xx_HAL_Driver/Src/stm32l0xx_hal_dma.o
 .debug_ranges  0x00000000000002c0       0x48 Drivers/STM32L0xx_HAL_Driver/Src/stm32l0xx_hal_gpio.o
 .debug_ranges  0x0000000000000308       0xc8 Drivers/STM32L0xx_HAL_Driver/Src/stm32l0xx_hal_i2s.o
 .debug_ranges  0x00000000000003d0       0xe8 Drivers/STM32L0xx_HAL_Driver/Src/stm32l0xx_hal_lptim.o
 .debug_ranges  0x00000000000004b8       0xb8 Drivers/STM32L0xx_HAL_Driver/Src/stm32l0xx_hal_rcc.o
 .debug_ranges  0x0000000000000570       0xa8 Drivers/STM32L0xx_HAL_Driver/Src/stm32l0xx_hal_rcc_ex.o
 .debug_ranges  0x0000000000000618      0x238 Drivers/STM32L0xx_HAL_Driver/Src/stm32l0xx_hal_spi.o
 .debug_ranges  0x0000000000000850      0x190 Drivers/STM32L0xx_HAL_Driver/Src/stm32l0xx_hal_uart.o
 .debug_ranges  0x00000000000009e0       0x60 Drivers/STM32L0xx_HAL_Driver/Src/stm32l0xx_hal_uart_ex.o
 .debug_ranges  0x0000000000000a40       0x18 Middlewares/Third_Party/FatFs/src/ccsbcs.o
 .debug_ranges  0x0000000000000a58       0x38 Middlewares/Third_Party/FatFs/src/diskio.o
 .debug_ranges  0x0000000000000a90      0x130 Middlewares/Third_Party/FatFs/src/fat_sd_spi.o
 .debug_ranges  0x0000000000000bc0      0x168 Middlewares/Third_Party/FatFs/src/ff.o
 .debug_ranges  0x0000000000000d28       0x40 Src/dma.o
 .debug_ranges  0x0000000000000d68       0xa0 Src/gpio.o
 .debug_ranges  0x0000000000000e08       0x20 Src/i2s.o
 .debug_ranges  0x0000000000000e28       0x38 Src/lptim.o
 .debug_ranges  0x0000000000000e60       0x30 Src/main.o
 .debug_ranges  0x0000000000000e90       0x20 Src/motor.o
 .debug_ranges  0x0000000000000eb0       0x20 Src/spi.o
 .debug_ranges  0x0000000000000ed0       0x10 Src/stm32l0xx_hal_msp.o
 .debug_ranges  0x0000000000000ee0       0x40 Src/stm32l0xx_it.o
 .debug_ranges  0x0000000000000f20       0x18 Src/system_stm32l0xx.o
 .debug_ranges  0x0000000000000f38       0x40 Src/usart.o
 .debug_ranges  0x0000000000000f78       0x30 Src/wav_player.o
 .debug_ranges  0x0000000000000fa8       0x20 Startup/startup_stm32l052c8tx.o

.debug_macro    0x0000000000000000    0x1538d
 .debug_macro   0x0000000000000000      0x1e8 Drivers/STM32L0xx_HAL_Driver/Src/stm32l0xx_hal.o
 .debug_macro   0x00000000000001e8      0xa4e Drivers/STM32L0xx_HAL_Driver/Src/stm32l0xx_hal.o
 .debug_macro   0x0000000000000c36       0xad Drivers/STM32L0xx_HAL_Driver/Src/stm32l0xx_hal.o
 .debug_macro   0x0000000000000ce3       0x2e Drivers/STM32L0xx_HAL_Driver/Src/stm32l0xx_hal.o
 .debug_macro   0x0000000000000d11       0x28 Drivers/STM32L0xx_HAL_Driver/Src/stm32l0xx_hal.o
 .debug_macro   0x0000000000000d39       0x22 Drivers/STM32L0xx_HAL_Driver/Src/stm32l0xx_hal.o
 .debug_macro   0x0000000000000d5b       0x8e Drivers/STM32L0xx_HAL_Driver/Src/stm32l0xx_hal.o
 .debug_macro   0x0000000000000de9       0x51 Drivers/STM32L0xx_HAL_Driver/Src/stm32l0xx_hal.o
 .debug_macro   0x0000000000000e3a       0xef Drivers/STM32L0xx_HAL_Driver/Src/stm32l0xx_hal.o
 .debug_macro   0x0000000000000f29       0x6a Drivers/STM32L0xx_HAL_Driver/Src/stm32l0xx_hal.o
 .debug_macro   0x0000000000000f93      0x1df Drivers/STM32L0xx_HAL_Driver/Src/stm32l0xx_hal.o
 .debug_macro   0x0000000000001172       0x34 Drivers/STM32L0xx_HAL_Driver/Src/stm32l0xx_hal.o
 .debug_macro   0x00000000000011a6       0x26 Drivers/STM32L0xx_HAL_Driver/Src/stm32l0xx_hal.o
 .debug_macro   0x00000000000011cc      0x44f Drivers/STM32L0xx_HAL_Driver/Src/stm32l0xx_hal.o
 .debug_macro   0x000000000000161b     0x9986 Drivers/STM32L0xx_HAL_Driver/Src/stm32l0xx_hal.o
 .debug_macro   0x000000000000afa1       0x3c Drivers/STM32L0xx_HAL_Driver/Src/stm32l0xx_hal.o
 .debug_macro   0x000000000000afdd     0x352c Drivers/STM32L0xx_HAL_Driver/Src/stm32l0xx_hal.o
 .debug_macro   0x000000000000e509      0x174 Drivers/STM32L0xx_HAL_Driver/Src/stm32l0xx_hal.o
 .debug_macro   0x000000000000e67d       0x5b Drivers/STM32L0xx_HAL_Driver/Src/stm32l0xx_hal.o
 .debug_macro   0x000000000000e6d8      0x8d6 Drivers/STM32L0xx_HAL_Driver/Src/stm32l0xx_hal.o
 .debug_macro   0x000000000000efae      0x970 Drivers/STM32L0xx_HAL_Driver/Src/stm32l0xx_hal.o
 .debug_macro   0x000000000000f91e      0x13f Drivers/STM32L0xx_HAL_Driver/Src/stm32l0xx_hal.o
 .debug_macro   0x000000000000fa5d      0x176 Drivers/STM32L0xx_HAL_Driver/Src/stm32l0xx_hal.o
 .debug_macro   0x000000000000fbd3      0x28e Drivers/STM32L0xx_HAL_Driver/Src/stm32l0xx_hal.o
 .debug_macro   0x000000000000fe61      0x1e9 Drivers/STM32L0xx_HAL_Driver/Src/stm32l0xx_hal.o
 .debug_macro   0x000000000001004a      0x129 Drivers/STM32L0xx_HAL_Driver/Src/stm32l0xx_hal.o
 .debug_macro   0x0000000000010173      0x2b4 Drivers/STM32L0xx_HAL_Driver/Src/stm32l0xx_hal.o
 .debug_macro   0x0000000000010427      0x22c Drivers/STM32L0xx_HAL_Driver/Src/stm32l0xx_hal.o
 .debug_macro   0x0000000000010653       0x5b Drivers/STM32L0xx_HAL_Driver/Src/stm32l0xx_hal.o
 .debug_macro   0x00000000000106ae       0xa5 Drivers/STM32L0xx_HAL_Driver/Src/stm32l0xx_hal.o
 .debug_macro   0x0000000000010753      0x1a0 Drivers/STM32L0xx_HAL_Driver/Src/stm32l0xx_hal.o
 .debug_macro   0x00000000000108f3      0x25c Drivers/STM32L0xx_HAL_Driver/Src/stm32l0xx_hal.o
 .debug_macro   0x0000000000010b4f      0x187 Drivers/STM32L0xx_HAL_Driver/Src/stm32l0xx_hal.o
 .debug_macro   0x0000000000010cd6       0x16 Drivers/STM32L0xx_HAL_Driver/Src/stm32l0xx_hal.o
 .debug_macro   0x0000000000010cec      0x22c Drivers/STM32L0xx_HAL_Driver/Src/stm32l0xx_hal.o
 .debug_macro   0x0000000000010f18      0x57b Drivers/STM32L0xx_HAL_Driver/Src/stm32l0xx_hal.o
 .debug_macro   0x0000000000011493       0x44 Drivers/STM32L0xx_HAL_Driver/Src/stm32l0xx_hal.o
 .debug_macro   0x00000000000114d7      0x13d Drivers/STM32L0xx_HAL_Driver/Src/stm32l0xx_hal.o
 .debug_macro   0x0000000000011614      0x1c4 Drivers/STM32L0xx_HAL_Driver/Src/stm32l0xx_hal_cortex.o
 .debug_macro   0x00000000000117d8      0x1c4 Drivers/STM32L0xx_HAL_Driver/Src/stm32l0xx_hal_dma.o
 .debug_macro   0x000000000001199c      0x1fc Drivers/STM32L0xx_HAL_Driver/Src/stm32l0xx_hal_gpio.o
 .debug_macro   0x0000000000011b98      0x1c5 Drivers/STM32L0xx_HAL_Driver/Src/stm32l0xx_hal_i2s.o
 .debug_macro   0x0000000000011d5d      0x1cc Drivers/STM32L0xx_HAL_Driver/Src/stm32l0xx_hal_lptim.o
 .debug_macro   0x0000000000011f29      0x1e8 Drivers/STM32L0xx_HAL_Driver/Src/stm32l0xx_hal_rcc.o
 .debug_macro   0x0000000000012111      0x1c4 Drivers/STM32L0xx_HAL_Driver/Src/stm32l0xx_hal_rcc_ex.o
 .debug_macro   0x00000000000122d5      0x1cc Drivers/STM32L0xx_HAL_Driver/Src/stm32l0xx_hal_spi.o
 .debug_macro   0x00000000000124a1      0x1ef Drivers/STM32L0xx_HAL_Driver/Src/stm32l0xx_hal_uart.o
 .debug_macro   0x0000000000012690      0x1c4 Drivers/STM32L0xx_HAL_Driver/Src/stm32l0xx_hal_uart_ex.o
 .debug_macro   0x0000000000012854       0x3a Middlewares/Third_Party/FatFs/src/ccsbcs.o
 .debug_macro   0x000000000001288e       0xdc Middlewares/Third_Party/FatFs/src/ccsbcs.o
 .debug_macro   0x000000000001296a       0xcb Middlewares/Third_Party/FatFs/src/ccsbcs.o
 .debug_macro   0x0000000000012a35      0x202 Middlewares/Third_Party/FatFs/src/diskio.o
 .debug_macro   0x0000000000012c37       0x16 Middlewares/Third_Party/FatFs/src/diskio.o
 .debug_macro   0x0000000000012c4d       0x7c Middlewares/Third_Party/FatFs/src/diskio.o
 .debug_macro   0x0000000000012cc9      0x15a Middlewares/Third_Party/FatFs/src/diskio.o
 .debug_macro   0x0000000000012e23       0x2e Middlewares/Third_Party/FatFs/src/diskio.o
 .debug_macro   0x0000000000012e51      0x202 Middlewares/Third_Party/FatFs/src/fat_sd_spi.o
 .debug_macro   0x0000000000013053      0x283 Middlewares/Third_Party/FatFs/src/ff.o
 .debug_macro   0x00000000000132d6       0x8e Middlewares/Third_Party/FatFs/src/ff.o
 .debug_macro   0x0000000000013364      0x1d7 Src/dma.o
 .debug_macro   0x000000000001353b      0x1dd Src/gpio.o
 .debug_macro   0x0000000000013718      0x154 Src/gpio.o
 .debug_macro   0x000000000001386c      0x1eb Src/i2s.o
 .debug_macro   0x0000000000013a57      0x1dd Src/lptim.o
 .debug_macro   0x0000000000013c34      0x329 Src/main.o
 .debug_macro   0x0000000000013f5d       0x46 Src/main.o
 .debug_macro   0x0000000000013fa3       0x18 Src/main.o
 .debug_macro   0x0000000000013fbb       0x3c Src/main.o
 .debug_macro   0x0000000000013ff7       0x34 Src/main.o
 .debug_macro   0x000000000001402b       0x52 Src/main.o
 .debug_macro   0x000000000001407d       0x1f Src/main.o
 .debug_macro   0x000000000001409c       0x43 Src/main.o
 .debug_macro   0x00000000000140df       0x20 Src/main.o
 .debug_macro   0x00000000000140ff      0x1a3 Src/main.o
 .debug_macro   0x00000000000142a2      0x330 Src/main.o
 .debug_macro   0x00000000000145d2       0x10 Src/main.o
 .debug_macro   0x00000000000145e2       0x35 Src/main.o
 .debug_macro   0x0000000000014617       0x20 Src/main.o
 .debug_macro   0x0000000000014637       0x1c Src/main.o
 .debug_macro   0x0000000000014653      0x1f6 Src/motor.o
 .debug_macro   0x0000000000014849      0x1eb Src/spi.o
 .debug_macro   0x0000000000014a34      0x1c4 Src/stm32l0xx_hal_msp.o
 .debug_macro   0x0000000000014bf8      0x1d7 Src/stm32l0xx_it.o
 .debug_macro   0x0000000000014dcf      0x1ca Src/system_stm32l0xx.o
 .debug_macro   0x0000000000014f99      0x1dd Src/usart.o
 .debug_macro   0x0000000000015176      0x217 Src/wav_player.o

.debug_line     0x0000000000000000     0xed24
 .debug_line    0x0000000000000000      0x911 Drivers/STM32L0xx_HAL_Driver/Src/stm32l0xx_hal.o
 .debug_line    0x0000000000000911      0x8f0 Drivers/STM32L0xx_HAL_Driver/Src/stm32l0xx_hal_cortex.o
 .debug_line    0x0000000000001201      0x994 Drivers/STM32L0xx_HAL_Driver/Src/stm32l0xx_hal_dma.o
 .debug_line    0x0000000000001b95      0x87e Drivers/STM32L0xx_HAL_Driver/Src/stm32l0xx_hal_gpio.o
 .debug_line    0x0000000000002413      0xbaa Drivers/STM32L0xx_HAL_Driver/Src/stm32l0xx_hal_i2s.o
 .debug_line    0x0000000000002fbd      0xb2b Drivers/STM32L0xx_HAL_Driver/Src/stm32l0xx_hal_lptim.o
 .debug_line    0x0000000000003ae8      0xa60 Drivers/STM32L0xx_HAL_Driver/Src/stm32l0xx_hal_rcc.o
 .debug_line    0x0000000000004548      0x9e7 Drivers/STM32L0xx_HAL_Driver/Src/stm32l0xx_hal_rcc_ex.o
 .debug_line    0x0000000000004f2f     0x11ab Drivers/STM32L0xx_HAL_Driver/Src/stm32l0xx_hal_spi.o
 .debug_line    0x00000000000060da     0x12e4 Drivers/STM32L0xx_HAL_Driver/Src/stm32l0xx_hal_uart.o
 .debug_line    0x00000000000073be      0x83c Drivers/STM32L0xx_HAL_Driver/Src/stm32l0xx_hal_uart_ex.o
 .debug_line    0x0000000000007bfa       0xc3 Middlewares/Third_Party/FatFs/src/ccsbcs.o
 .debug_line    0x0000000000007cbd      0x79b Middlewares/Third_Party/FatFs/src/diskio.o
 .debug_line    0x0000000000008458      0xa18 Middlewares/Third_Party/FatFs/src/fat_sd_spi.o
 .debug_line    0x0000000000008e70      0x4d0 Middlewares/Third_Party/FatFs/src/ff.o
 .debug_line    0x0000000000009340      0x6e2 Src/dma.o
 .debug_line    0x0000000000009a22      0x736 Src/gpio.o
 .debug_line    0x000000000000a158      0x748 Src/i2s.o
 .debug_line    0x000000000000a8a0      0x733 Src/lptim.o
 .debug_line    0x000000000000afd3      0x9d1 Src/main.o
 .debug_line    0x000000000000b9a4      0x73e Src/motor.o
 .debug_line    0x000000000000c0e2      0x779 Src/spi.o
 .debug_line    0x000000000000c85b      0x6d4 Src/stm32l0xx_hal_msp.o
 .debug_line    0x000000000000cf2f      0x752 Src/stm32l0xx_it.o
 .debug_line    0x000000000000d681      0x70b Src/system_stm32l0xx.o
 .debug_line    0x000000000000dd8c      0x744 Src/usart.o
 .debug_line    0x000000000000e4d0      0x7cf Src/wav_player.o
 .debug_line    0x000000000000ec9f       0x85 Startup/startup_stm32l052c8tx.o

.debug_str      0x0000000000000000    0x79249
 .debug_str     0x0000000000000000    0x7152f Drivers/STM32L0xx_HAL_Driver/Src/stm32l0xx_hal.o
                                      0x7193f (size before relaxing)
 .debug_str     0x000000000007152f      0x2cc Drivers/STM32L0xx_HAL_Driver/Src/stm32l0xx_hal_cortex.o
                                      0x7175a (size before relaxing)
 .debug_str     0x00000000000717fb      0x411 Drivers/STM32L0xx_HAL_Driver/Src/stm32l0xx_hal_dma.o
                                      0x7169a (size before relaxing)
 .debug_str     0x0000000000071c0c      0x2b8 Drivers/STM32L0xx_HAL_Driver/Src/stm32l0xx_hal_gpio.o
                                      0x715d1 (size before relaxing)
 .debug_str     0x0000000000071ec4      0x417 Drivers/STM32L0xx_HAL_Driver/Src/stm32l0xx_hal_i2s.o
                                      0x718ba (size before relaxing)
 .debug_str     0x00000000000722db      0x60a Drivers/STM32L0xx_HAL_Driver/Src/stm32l0xx_hal_lptim.o
                                      0x71962 (size before relaxing)
 .debug_str     0x00000000000728e5      0x3c3 Drivers/STM32L0xx_HAL_Driver/Src/stm32l0xx_hal_rcc.o
                                      0x717cd (size before relaxing)
 .debug_str     0x0000000000072ca8      0x427 Drivers/STM32L0xx_HAL_Driver/Src/stm32l0xx_hal_rcc_ex.o
                                      0x717e6 (size before relaxing)
 .debug_str     0x00000000000730cf      0x685 Drivers/STM32L0xx_HAL_Driver/Src/stm32l0xx_hal_spi.o
                                      0x71bba (size before relaxing)
 .debug_str     0x0000000000073754      0x955 Drivers/STM32L0xx_HAL_Driver/Src/stm32l0xx_hal_uart.o
                                      0x71f8f (size before relaxing)
 .debug_str     0x00000000000740a9      0x185 Drivers/STM32L0xx_HAL_Driver/Src/stm32l0xx_hal_uart_ex.o
                                      0x7182e (size before relaxing)
 .debug_str     0x000000000007422e      0x5f8 Middlewares/Third_Party/FatFs/src/ccsbcs.o
                                       0x32a0 (size before relaxing)
 .debug_str     0x0000000000074826      0x8df Middlewares/Third_Party/FatFs/src/diskio.o
                                      0x71ed2 (size before relaxing)
 .debug_str     0x0000000000075105      0x172 Middlewares/Third_Party/FatFs/src/fat_sd_spi.o
                                      0x72023 (size before relaxing)
 .debug_str     0x0000000000075277      0xb1a Middlewares/Third_Party/FatFs/src/ff.o
                                       0x3f99 (size before relaxing)
 .debug_str     0x0000000000075d91       0x22 Src/dma.o
                                      0x719bf (size before relaxing)
 .debug_str     0x0000000000075db3       0x2b Src/gpio.o
                                      0x718e1 (size before relaxing)
 .debug_str     0x0000000000075dde       0x4f Src/i2s.o
                                      0x71cb6 (size before relaxing)
 .debug_str     0x0000000000075e2d       0x3d Src/lptim.o
                                      0x71b22 (size before relaxing)
 .debug_str     0x0000000000075e6a     0x316b Src/main.o
                                      0x75fb8 (size before relaxing)
 .debug_str     0x0000000000078fd5       0x51 Src/motor.o
                                      0x71b19 (size before relaxing)
 .debug_str     0x0000000000079026       0x31 Src/spi.o
                                      0x71d15 (size before relaxing)
 .debug_str     0x0000000000079057       0x1b Src/stm32l0xx_hal_msp.o
                                      0x71445 (size before relaxing)
 .debug_str     0x0000000000079072       0xd1 Src/stm32l0xx_it.o
                                      0x71c79 (size before relaxing)
 .debug_str     0x0000000000079143       0x64 Src/system_stm32l0xx.o
                                      0x7131c (size before relaxing)
 .debug_str     0x00000000000791a7       0x1a Src/usart.o
                                      0x71ec5 (size before relaxing)
 .debug_str     0x00000000000791c1       0x57 Src/wav_player.o
                                      0x724d0 (size before relaxing)
 .debug_str     0x0000000000079218       0x31 Startup/startup_stm32l052c8tx.o
                                         0x6c (size before relaxing)

.comment        0x0000000000000000       0x7b
 .comment       0x0000000000000000       0x7b Drivers/STM32L0xx_HAL_Driver/Src/stm32l0xx_hal.o
                                         0x7c (size before relaxing)
 .comment       0x000000000000007b       0x7c Drivers/STM32L0xx_HAL_Driver/Src/stm32l0xx_hal_cortex.o
 .comment       0x000000000000007b       0x7c Drivers/STM32L0xx_HAL_Driver/Src/stm32l0xx_hal_dma.o
 .comment       0x000000000000007b       0x7c Drivers/STM32L0xx_HAL_Driver/Src/stm32l0xx_hal_gpio.o
 .comment       0x000000000000007b       0x7c Drivers/STM32L0xx_HAL_Driver/Src/stm32l0xx_hal_i2s.o
 .comment       0x000000000000007b       0x7c Drivers/STM32L0xx_HAL_Driver/Src/stm32l0xx_hal_lptim.o
 .comment       0x000000000000007b       0x7c Drivers/STM32L0xx_HAL_Driver/Src/stm32l0xx_hal_rcc.o
 .comment       0x000000000000007b       0x7c Drivers/STM32L0xx_HAL_Driver/Src/stm32l0xx_hal_rcc_ex.o
 .comment       0x000000000000007b       0x7c Drivers/STM32L0xx_HAL_Driver/Src/stm32l0xx_hal_spi.o
 .comment       0x000000000000007b       0x7c Drivers/STM32L0xx_HAL_Driver/Src/stm32l0xx_hal_uart.o
 .comment       0x000000000000007b       0x7c Drivers/STM32L0xx_HAL_Driver/Src/stm32l0xx_hal_uart_ex.o
 .comment       0x000000000000007b       0x7c Middlewares/Third_Party/FatFs/src/ccsbcs.o
 .comment       0x000000000000007b       0x7c Middlewares/Third_Party/FatFs/src/diskio.o
 .comment       0x000000000000007b       0x7c Middlewares/Third_Party/FatFs/src/fat_sd_spi.o
 .comment       0x000000000000007b       0x7c Middlewares/Third_Party/FatFs/src/ff.o
 .comment       0x000000000000007b       0x7c Src/dma.o
 .comment       0x000000000000007b       0x7c Src/gpio.o
 .comment       0x000000000000007b       0x7c Src/i2s.o
 .comment       0x000000000000007b       0x7c Src/lptim.o
 .comment       0x000000000000007b       0x7c Src/main.o
 .comment       0x000000000000007b       0x7c Src/motor.o
 .comment       0x000000000000007b       0x7c Src/spi.o
 .comment       0x000000000000007b       0x7c Src/stm32l0xx_hal_msp.o
 .comment       0x000000000000007b       0x7c Src/stm32l0xx_it.o
 .comment       0x000000000000007b       0x7c Src/system_stm32l0xx.o
 .comment       0x000000000000007b       0x7c Src/usart.o
 .comment       0x000000000000007b       0x7c Src/wav_player.o

.debug_frame    0x0000000000000000     0x23c4
 .debug_frame   0x0000000000000000      0x1f8 Drivers/STM32L0xx_HAL_Driver/Src/stm32l0xx_hal.o
 .debug_frame   0x00000000000001f8      0x11c Drivers/STM32L0xx_HAL_Driver/Src/stm32l0xx_hal_cortex.o
 .debug_frame   0x0000000000000314      0x164 Drivers/STM32L0xx_HAL_Driver/Src/stm32l0xx_hal_dma.o
 .debug_frame   0x0000000000000478       0xbc Drivers/STM32L0xx_HAL_Driver/Src/stm32l0xx_hal_gpio.o
 .debug_frame   0x0000000000000534      0x2a8 Drivers/STM32L0xx_HAL_Driver/Src/stm32l0xx_hal_i2s.o
 .debug_frame   0x00000000000007dc      0x3e8 Drivers/STM32L0xx_HAL_Driver/Src/stm32l0xx_hal_lptim.o
 .debug_frame   0x0000000000000bc4      0x148 Drivers/STM32L0xx_HAL_Driver/Src/stm32l0xx_hal_rcc.o
 .debug_frame   0x0000000000000d0c      0x180 Drivers/STM32L0xx_HAL_Driver/Src/stm32l0xx_hal_rcc_ex.o
 .debug_frame   0x0000000000000e8c      0x56c Drivers/STM32L0xx_HAL_Driver/Src/stm32l0xx_hal_spi.o
 .debug_frame   0x00000000000013f8      0x57c Drivers/STM32L0xx_HAL_Driver/Src/stm32l0xx_hal_uart.o
 .debug_frame   0x0000000000001974       0xd0 Drivers/STM32L0xx_HAL_Driver/Src/stm32l0xx_hal_uart_ex.o
 .debug_frame   0x0000000000001a44       0x48 Middlewares/Third_Party/FatFs/src/ccsbcs.o
 .debug_frame   0x0000000000001a8c       0x98 Middlewares/Third_Party/FatFs/src/diskio.o
 .debug_frame   0x0000000000001b24      0x1ec Middlewares/Third_Party/FatFs/src/fat_sd_spi.o
 .debug_frame   0x0000000000001d10      0x178 Middlewares/Third_Party/FatFs/src/ff.o
 .debug_frame   0x0000000000001e88       0x2c Src/dma.o
 .debug_frame   0x0000000000001eb4       0x30 Src/gpio.o
 .debug_frame   0x0000000000001ee4       0x60 Src/i2s.o
 .debug_frame   0x0000000000001f44       0x5c Src/lptim.o
 .debug_frame   0x0000000000001fa0       0x80 Src/main.o
 .debug_frame   0x0000000000002020       0x60 Src/motor.o
 .debug_frame   0x0000000000002080       0x60 Src/spi.o
 .debug_frame   0x00000000000020e0       0x28 Src/stm32l0xx_hal_msp.o
 .debug_frame   0x0000000000002108       0xc8 Src/stm32l0xx_it.o
 .debug_frame   0x00000000000021d0       0x3c Src/system_stm32l0xx.o
 .debug_frame   0x000000000000220c       0x5c Src/usart.o
 .debug_frame   0x0000000000002268       0x94 Src/wav_player.o
 .debug_frame   0x00000000000022fc       0x2c c:/st/stm32cubeide_1.2.0/stm32cubeide/plugins/com.st.stm32cube.ide.mcu.externaltools.gnu-tools-for-stm32.7-2018-q2-update.win32_1.0.0.201904181610/tools/bin/../lib/gcc/arm-none-eabi/7.3.1/../../../../arm-none-eabi/lib/thumb/v6-m\libc_nano.a(lib_a-init.o)
 .debug_frame   0x0000000000002328       0x20 c:/st/stm32cubeide_1.2.0/stm32cubeide/plugins/com.st.stm32cube.ide.mcu.externaltools.gnu-tools-for-stm32.7-2018-q2-update.win32_1.0.0.201904181610/tools/bin/../lib/gcc/arm-none-eabi/7.3.1/../../../../arm-none-eabi/lib/thumb/v6-m\libc_nano.a(lib_a-memset.o)
 .debug_frame   0x0000000000002348       0x20 c:/st/stm32cubeide_1.2.0/stm32cubeide/plugins/com.st.stm32cube.ide.mcu.externaltools.gnu-tools-for-stm32.7-2018-q2-update.win32_1.0.0.201904181610/tools/bin/../lib/gcc/arm-none-eabi/7.3.1/../../../../arm-none-eabi/lib/thumb/v6-m\libc_nano.a(lib_a-strcpy.o)
 .debug_frame   0x0000000000002368       0x20 c:/st/stm32cubeide_1.2.0/stm32cubeide/plugins/com.st.stm32cube.ide.mcu.externaltools.gnu-tools-for-stm32.7-2018-q2-update.win32_1.0.0.201904181610/tools/bin/../lib/gcc/arm-none-eabi/7.3.1/thumb/v6-m\libgcc.a(_udivsi3.o)
 .debug_frame   0x0000000000002388       0x3c c:/st/stm32cubeide_1.2.0/stm32cubeide/plugins/com.st.stm32cube.ide.mcu.externaltools.gnu-tools-for-stm32.7-2018-q2-update.win32_1.0.0.201904181610/tools/bin/../lib/gcc/arm-none-eabi/7.3.1/thumb/v6-m\libgcc.a(_udivmoddi4.o)
