APDS9960.h:288:13:uint8_t APDS9960::enable::get()	16	static
APDS9960.h:304:13:uint8_t APDS9960::pers::get()	16	static
APDS9960.h:326:13:uint8_t APDS9960::ppulse::get()	16	static
APDS9960.h:340:13:uint8_t APDS9960::control::get()	16	static
APDS9960.h:356:13:uint8_t APDS9960::config2::get()	16	static
APDS9960.h:401:10:void APDS9960::status::set(uint8_t)	16	static
APDS9960.h:462:13:uint8_t APDS9960::gconf1::get()	16	static
APDS9960.h:479:13:uint8_t APDS9960::gconf2::get()	16	static
APDS9960.h:493:13:uint8_t APDS9960::gpulse::get()	16	static
APDS9960.h:503:13:uint8_t APDS9960::gconf3::get()	16	static
APDS9960.h:521:13:uint8_t APDS9960::gconf4::get()	16	static
APDS9960.h:541:10:void APDS9960::gstatus::set(uint8_t)	16	static
APDS9960.cpp:53:7:float powf(float, float)	24	static
APDS9960.cpp:65:6:void APDS9960::enable(bool)	16	static
APDS9960.cpp:82:6:bool APDS9960::begin(uint16_t, apds9960AGain_t, uint8_t)	32	static
APDS9960.cpp:134:6:void APDS9960::setADCIntegrationTime(uint16_t)	32	static
APDS9960.cpp:154:7:float APDS9960::getADCIntegrationTime()	32	static
APDS9960.cpp:171:6:void APDS9960::setADCGain(apds9960AGain_t)	16	static
APDS9960.cpp:182:17:apds9960AGain_t APDS9960::getADCGain()	16	static
APDS9960.cpp:191:6:void APDS9960::setProxGain(apds9960PGain_t)	16	static
APDS9960.cpp:202:17:apds9960PGain_t APDS9960::getProxGain()	16	static
APDS9960.cpp:213:6:void APDS9960::setProxPulse(apds9960PPulseLen_t, uint8_t)	16	static
APDS9960.cpp:231:6:void APDS9960::enableProximity(bool)	16	static
APDS9960.cpp:240:6:void APDS9960::enableProximityInterrupt()	16	static
APDS9960.cpp:249:6:void APDS9960::disableProximityInterrupt()	16	static
APDS9960.cpp:263:6:void APDS9960::setProximityInterruptThreshold(uint8_t, uint8_t, uint8_t)	24	static
APDS9960.cpp:279:6:bool APDS9960::getProximityInterrupt()	24	static
APDS9960.cpp:288:9:uint8_t APDS9960::readProximity()	16	static
APDS9960.cpp:294:6:bool APDS9960::gestureValid()	24	static
APDS9960.cpp:305:6:void APDS9960::setGestureDimensions(uint8_t)	16	static
APDS9960.cpp:316:6:void APDS9960::setGestureFIFOThreshold(uint8_t)	16	static
APDS9960.cpp:327:6:void APDS9960::setGestureGain(uint8_t)	16	static
APDS9960.cpp:337:6:void APDS9960::setGestureProximityThreshold(uint8_t)	16	static
APDS9960.cpp:352:6:void APDS9960::setGestureOffset(uint8_t, uint8_t, uint8_t, uint8_t)	24	static
APDS9960.cpp:366:6:void APDS9960::enableGesture(bool)	16	static
APDS9960.cpp:379:6:void APDS9960::resetCounts()	16	static
APDS9960.cpp:395:6:void APDS9960::setLED(apds9960LedDrive_t, apds9960LedBoost_t)	16	static
APDS9960.cpp:410:6:void APDS9960::enableColor(bool)	16	static
APDS9960.cpp:419:6:bool APDS9960::colorDataReady()	24	static
APDS9960.cpp:435:6:void APDS9960::getColorData(uint16_t*, uint16_t*, uint16_t*, uint16_t*)	24	static
APDS9960.cpp:454:10:uint16_t APDS9960::calculateColorTemperature(uint16_t, uint16_t, uint16_t)	72	static
APDS9960.cpp:494:10:uint16_t APDS9960::calculateLux(uint16_t, uint16_t, uint16_t)	48	static
APDS9960.cpp:507:6:void APDS9960::enableColorInterrupt()	16	static
APDS9960.cpp:515:6:void APDS9960::disableColorInterrupt()	16	static
APDS9960.cpp:523:6:void APDS9960::clearInterrupt()	16	static
APDS9960.cpp:534:6:void APDS9960::setIntLimits(uint16_t, uint16_t)	16	static
APDS9960.cpp:548:6:void APDS9960::write8(uint8_t, uint8_t)	16	static
APDS9960.cpp:558:9:uint8_t APDS9960::read8(uint8_t)	32	static
APDS9960.cpp:571:10:uint32_t APDS9960::read32(uint8_t)	32	static
APDS9960.cpp:584:10:uint16_t APDS9960::read16(uint8_t)	32	static
APDS9960.cpp:597:10:uint16_t APDS9960::read16R(uint8_t)	32	static
APDS9960.cpp:615:6:void APDS9960::read(uint8_t, uint8_t*, uint8_t)	48	static
APDS9960.cpp:634:6:void APDS9960::write(uint8_t, uint8_t, uint8_t)	40	static
APDS9960.cpp:639:9:color_t APDS9960::colorSort(uint16_t, uint16_t, uint16_t, uint32_t, uint8_t)	64	static
APDS9960.cpp:709:6:void APDS9960::calibrate_sensor(uint16_t*, uint16_t*, uint32_t*)	88	static
