Archive member included to satisfy reference by file (symbol)

/opt/st/stm32cubeide_1.1.0/plugins/com.st.stm32cube.ide.mcu.externaltools.gnu-tools-for-stm32.7-2018-q2-update.linux64_1.0.0.201904181610/tools/bin/../lib/gcc/arm-none-eabi/7.3.1/../../../../arm-none-eabi/lib/thumb/v6-m/libc_nano.a(lib_a-errno.o)
                              Src/syscalls.o (__errno)
/opt/st/stm32cubeide_1.1.0/plugins/com.st.stm32cube.ide.mcu.externaltools.gnu-tools-for-stm32.7-2018-q2-update.linux64_1.0.0.201904181610/tools/bin/../lib/gcc/arm-none-eabi/7.3.1/../../../../arm-none-eabi/lib/thumb/v6-m/libc_nano.a(lib_a-exit.o)
                              /opt/st/stm32cubeide_1.1.0/plugins/com.st.stm32cube.ide.mcu.externaltools.gnu-tools-for-stm32.7-2018-q2-update.linux64_1.0.0.201904181610/tools/bin/../lib/gcc/arm-none-eabi/7.3.1/../../../../arm-none-eabi/lib/thumb/v6-m/crt0.o (exit)
/opt/st/stm32cubeide_1.1.0/plugins/com.st.stm32cube.ide.mcu.externaltools.gnu-tools-for-stm32.7-2018-q2-update.linux64_1.0.0.201904181610/tools/bin/../lib/gcc/arm-none-eabi/7.3.1/../../../../arm-none-eabi/lib/thumb/v6-m/libc_nano.a(lib_a-impure.o)
                              /opt/st/stm32cubeide_1.1.0/plugins/com.st.stm32cube.ide.mcu.externaltools.gnu-tools-for-stm32.7-2018-q2-update.linux64_1.0.0.201904181610/tools/bin/../lib/gcc/arm-none-eabi/7.3.1/../../../../arm-none-eabi/lib/thumb/v6-m/libc_nano.a(lib_a-exit.o) (_global_impure_ptr)
/opt/st/stm32cubeide_1.1.0/plugins/com.st.stm32cube.ide.mcu.externaltools.gnu-tools-for-stm32.7-2018-q2-update.linux64_1.0.0.201904181610/tools/bin/../lib/gcc/arm-none-eabi/7.3.1/../../../../arm-none-eabi/lib/thumb/v6-m/libc_nano.a(lib_a-init.o)
                              /opt/st/stm32cubeide_1.1.0/plugins/com.st.stm32cube.ide.mcu.externaltools.gnu-tools-for-stm32.7-2018-q2-update.linux64_1.0.0.201904181610/tools/bin/../lib/gcc/arm-none-eabi/7.3.1/../../../../arm-none-eabi/lib/thumb/v6-m/crt0.o (__libc_init_array)
/opt/st/stm32cubeide_1.1.0/plugins/com.st.stm32cube.ide.mcu.externaltools.gnu-tools-for-stm32.7-2018-q2-update.linux64_1.0.0.201904181610/tools/bin/../lib/gcc/arm-none-eabi/7.3.1/../../../../arm-none-eabi/lib/thumb/v6-m/libc_nano.a(lib_a-malloc.o)
                              Src/dotstar.o (malloc)
/opt/st/stm32cubeide_1.1.0/plugins/com.st.stm32cube.ide.mcu.externaltools.gnu-tools-for-stm32.7-2018-q2-update.linux64_1.0.0.201904181610/tools/bin/../lib/gcc/arm-none-eabi/7.3.1/../../../../arm-none-eabi/lib/thumb/v6-m/libc_nano.a(lib_a-memset.o)
                              /opt/st/stm32cubeide_1.1.0/plugins/com.st.stm32cube.ide.mcu.externaltools.gnu-tools-for-stm32.7-2018-q2-update.linux64_1.0.0.201904181610/tools/bin/../lib/gcc/arm-none-eabi/7.3.1/../../../../arm-none-eabi/lib/thumb/v6-m/crt0.o (memset)
/opt/st/stm32cubeide_1.1.0/plugins/com.st.stm32cube.ide.mcu.externaltools.gnu-tools-for-stm32.7-2018-q2-update.linux64_1.0.0.201904181610/tools/bin/../lib/gcc/arm-none-eabi/7.3.1/../../../../arm-none-eabi/lib/thumb/v6-m/libc_nano.a(lib_a-nano-freer.o)
                              /opt/st/stm32cubeide_1.1.0/plugins/com.st.stm32cube.ide.mcu.externaltools.gnu-tools-for-stm32.7-2018-q2-update.linux64_1.0.0.201904181610/tools/bin/../lib/gcc/arm-none-eabi/7.3.1/../../../../arm-none-eabi/lib/thumb/v6-m/libc_nano.a(lib_a-malloc.o) (_free_r)
/opt/st/stm32cubeide_1.1.0/plugins/com.st.stm32cube.ide.mcu.externaltools.gnu-tools-for-stm32.7-2018-q2-update.linux64_1.0.0.201904181610/tools/bin/../lib/gcc/arm-none-eabi/7.3.1/../../../../arm-none-eabi/lib/thumb/v6-m/libc_nano.a(lib_a-nano-mallocr.o)
                              /opt/st/stm32cubeide_1.1.0/plugins/com.st.stm32cube.ide.mcu.externaltools.gnu-tools-for-stm32.7-2018-q2-update.linux64_1.0.0.201904181610/tools/bin/../lib/gcc/arm-none-eabi/7.3.1/../../../../arm-none-eabi/lib/thumb/v6-m/libc_nano.a(lib_a-malloc.o) (_malloc_r)
/opt/st/stm32cubeide_1.1.0/plugins/com.st.stm32cube.ide.mcu.externaltools.gnu-tools-for-stm32.7-2018-q2-update.linux64_1.0.0.201904181610/tools/bin/../lib/gcc/arm-none-eabi/7.3.1/../../../../arm-none-eabi/lib/thumb/v6-m/libc_nano.a(lib_a-sbrkr.o)
                              /opt/st/stm32cubeide_1.1.0/plugins/com.st.stm32cube.ide.mcu.externaltools.gnu-tools-for-stm32.7-2018-q2-update.linux64_1.0.0.201904181610/tools/bin/../lib/gcc/arm-none-eabi/7.3.1/../../../../arm-none-eabi/lib/thumb/v6-m/libc_nano.a(lib_a-nano-mallocr.o) (_sbrk_r)
/opt/st/stm32cubeide_1.1.0/plugins/com.st.stm32cube.ide.mcu.externaltools.gnu-tools-for-stm32.7-2018-q2-update.linux64_1.0.0.201904181610/tools/bin/../lib/gcc/arm-none-eabi/7.3.1/../../../../arm-none-eabi/lib/thumb/v6-m/libc_nano.a(lib_a-mlock.o)
                              /opt/st/stm32cubeide_1.1.0/plugins/com.st.stm32cube.ide.mcu.externaltools.gnu-tools-for-stm32.7-2018-q2-update.linux64_1.0.0.201904181610/tools/bin/../lib/gcc/arm-none-eabi/7.3.1/../../../../arm-none-eabi/lib/thumb/v6-m/libc_nano.a(lib_a-nano-freer.o) (__malloc_lock)
[...]
Memory Configuration

Name             Origin             Length             Attributes
FLASH            0x0000000008000000 0x0000000000010000 xr
RAM              0x0000000020000000 0x0000000000002000 xrw
*default*        0x0000000000000000 0xffffffffffffffff

Linker script and memory map

LOAD /opt/st/stm32cubeide_1.1.0/plugins/com.st.stm32cube.ide.mcu.externaltools.gnu-tools-for-stm32.7-2018-q2-update.linux64_1.0.0.201904181610/tools/bin/../lib/gcc/arm-none-eabi/7.3.1/thumb/v6-m/crti.o
LOAD /opt/st/stm32cubeide_1.1.0/plugins/com.st.stm32cube.ide.mcu.externaltools.gnu-tools-for-stm32.7-2018-q2-update.linux64_1.0.0.201904181610/tools/bin/../lib/gcc/arm-none-eabi/7.3.1/thumb/v6-m/crtbegin.o
LOAD /opt/st/stm32cubeide_1.1.0/plugins/com.st.stm32cube.ide.mcu.externaltools.gnu-tools-for-stm32.7-2018-q2-update.linux64_1.0.0.201904181610/tools/bin/../lib/gcc/arm-none-eabi/7.3.1/../../../../arm-none-eabi/lib/thumb/v6-m/crt0.o
LOAD Drivers/STM32L0xx_HAL_Driver/Src/stm32l0xx_hal.o
LOAD Drivers/STM32L0xx_HAL_Driver/Src/stm32l0xx_hal_cortex.o
LOAD Drivers/STM32L0xx_HAL_Driver/Src/stm32l0xx_hal_dma.o
LOAD Drivers/STM32L0xx_HAL_Driver/Src/stm32l0xx_hal_flash.o
LOAD Drivers/STM32L0xx_HAL_Driver/Src/stm32l0xx_hal_flash_ex.o
LOAD Drivers/STM32L0xx_HAL_Driver/Src/stm32l0xx_hal_flash_ramfunc.o
LOAD Drivers/STM32L0xx_HAL_Driver/Src/stm32l0xx_hal_gpio.o
LOAD Drivers/STM32L0xx_HAL_Driver/Src/stm32l0xx_hal_i2c.o
LOAD Drivers/STM32L0xx_HAL_Driver/Src/stm32l0xx_hal_i2c_ex.o
LOAD Drivers/STM32L0xx_HAL_Driver/Src/stm32l0xx_hal_pwr.o
LOAD Drivers/STM32L0xx_HAL_Driver/Src/stm32l0xx_hal_pwr_ex.o
LOAD Drivers/STM32L0xx_HAL_Driver/Src/stm32l0xx_hal_rcc.o
LOAD Drivers/STM32L0xx_HAL_Driver/Src/stm32l0xx_hal_rcc_ex.o
LOAD Drivers/STM32L0xx_HAL_Driver/Src/stm32l0xx_hal_spi.o
LOAD Drivers/STM32L0xx_HAL_Driver/Src/stm32l0xx_hal_tim.o
LOAD Drivers/STM32L0xx_HAL_Driver/Src/stm32l0xx_hal_tim_ex.o
LOAD Drivers/STM32L0xx_HAL_Driver/Src/stm32l0xx_hal_uart.o
LOAD Drivers/STM32L0xx_HAL_Driver/Src/stm32l0xx_hal_uart_ex.o
LOAD Src/APDS9960.o
LOAD Src/LedControl.o
LOAD Src/bar_graph.o
LOAD Src/dotstar.o
LOAD Src/gpio.o
LOAD Src/i2c.o
LOAD Src/main.o
LOAD Src/ring_effects.o
LOAD Src/spi.o
LOAD Src/stm32l0xx_hal_msp.o
LOAD Src/stm32l0xx_it.o
LOAD Src/syscalls.o
LOAD Src/sysmem.o
LOAD Src/system_stm32l0xx.o
LOAD Src/usart.o
LOAD Startup/startup_stm32l052c8tx.o
START GROUP
LOAD /opt/st/stm32cubeide_1.1.0/plugins/com.st.stm32cube.ide.mcu.externaltools.gnu-tools-for-stm32.7-2018-q2-update.linux64_1.0.0.201904181610/tools/bin/../lib/gcc/arm-none-eabi/7.3.1/../../../../arm-none-eabi/lib/thumb/v6-m/libstdc++_nano.a
LOAD /opt/st/stm32cubeide_1.1.0/plugins/com.st.stm32cube.ide.mcu.externaltools.gnu-tools-for-stm32.7-2018-q2-update.linux64_1.0.0.201904181610/tools/bin/../lib/gcc/arm-none-eabi/7.3.1/../../../../arm-none-eabi/lib/thumb/v6-m/libsupc++_nano.a
END GROUP
LOAD /opt/st/stm32cubeide_1.1.0/plugins/com.st.stm32cube.ide.mcu.externaltools.gnu-tools-for-stm32.7-2018-q2-update.linux64_1.0.0.201904181610/tools/bin/../lib/gcc/arm-none-eabi/7.3.1/../../../../arm-none-eabi/lib/thumb/v6-m/libstdc++_nano.a
LOAD /opt/st/stm32cubeide_1.1.0/plugins/com.st.stm32cube.ide.mcu.externaltools.gnu-tools-for-stm32.7-2018-q2-update.linux64_1.0.0.201904181610/tools/bin/../lib/gcc/arm-none-eabi/7.3.1/../../../../arm-none-eabi/lib/thumb/v6-m/libm.a
LOAD /opt/st/stm32cubeide_1.1.0/plugins/com.st.stm32cube.ide.mcu.externaltools.gnu-tools-for-stm32.7-2018-q2-update.linux64_1.0.0.201904181610/tools/bin/../lib/gcc/arm-none-eabi/7.3.1/../../../../arm-none-eabi/lib/thumb/v6-m/libc_nano.a
START GROUP
LOAD /opt/st/stm32cubeide_1.1.0/plugins/com.st.stm32cube.ide.mcu.externaltools.gnu-tools-for-stm32.7-2018-q2-update.linux64_1.0.0.201904181610/tools/bin/../lib/gcc/arm-none-eabi/7.3.1/thumb/v6-m/libgcc.a
LOAD /opt/st/stm32cubeide_1.1.0/plugins/com.st.stm32cube.ide.mcu.externaltools.gnu-tools-for-stm32.7-2018-q2-update.linux64_1.0.0.201904181610/tools/bin/../lib/gcc/arm-none-eabi/7.3.1/../../../../arm-none-eabi/lib/thumb/v6-m/libc_nano.a
END GROUP
START GROUP
LOAD /opt/st/stm32cubeide_1.1.0/plugins/com.st.stm32cube.ide.mcu.externaltools.gnu-tools-for-stm32.7-2018-q2-update.linux64_1.0.0.201904181610/tools/bin/../lib/gcc/arm-none-eabi/7.3.1/thumb/v6-m/libgcc.a
LOAD /opt/st/stm32cubeide_1.1.0/plugins/com.st.stm32cube.ide.mcu.externaltools.gnu-tools-for-stm32.7-2018-q2-update.linux64_1.0.0.201904181610/tools/bin/../lib/gcc/arm-none-eabi/7.3.1/../../../../arm-none-eabi/lib/thumb/v6-m/libc_nano.a
LOAD /opt/st/stm32cubeide_1.1.0/plugins/com.st.stm32cube.ide.mcu.externaltools.gnu-tools-for-stm32.7-2018-q2-update.linux64_1.0.0.201904181610/tools/bin/../lib/gcc/arm-none-eabi/7.3.1/../../../../arm-none-eabi/lib/thumb/v6-m/libnosys.a
END GROUP
START GROUP
LOAD /opt/st/stm32cubeide_1.1.0/plugins/com.st.stm32cube.ide.mcu.externaltools.gnu-tools-for-stm32.7-2018-q2-update.linux64_1.0.0.201904181610/tools/bin/../lib/gcc/arm-none-eabi/7.3.1/thumb/v6-m/libgcc.a
LOAD /opt/st/stm32cubeide_1.1.0/plugins/com.st.stm32cube.ide.mcu.externaltools.gnu-tools-for-stm32.7-2018-q2-update.linux64_1.0.0.201904181610/tools/bin/../lib/gcc/arm-none-eabi/7.3.1/../../../../arm-none-eabi/lib/thumb/v6-m/libc_nano.a
LOAD /opt/st/stm32cubeide_1.1.0/plugins/com.st.stm32cube.ide.mcu.externaltools.gnu-tools-for-stm32.7-2018-q2-update.linux64_1.0.0.201904181610/tools/bin/../lib/gcc/arm-none-eabi/7.3.1/../../../../arm-none-eabi/lib/thumb/v6-m/libnosys.a
END GROUP
LOAD /opt/st/stm32cubeide_1.1.0/plugins/com.st.stm32cube.ide.mcu.externaltools.gnu-tools-for-stm32.7-2018-q2-update.linux64_1.0.0.201904181610/tools/bin/../lib/gcc/arm-none-eabi/7.3.1/thumb/v6-m/crtend.o
LOAD /opt/st/stm32cubeide_1.1.0/plugins/com.st.stm32cube.ide.mcu.externaltools.gnu-tools-for-stm32.7-2018-q2-update.linux64_1.0.0.201904181610/tools/bin/../lib/gcc/arm-none-eabi/7.3.1/thumb/v6-m/crtn.o
                0x0000000020001fff                _estack = 0x20001fff
                0x0000000000000200                _Min_Heap_Size = 0x200
                0x0000000000000400                _Min_Stack_Size = 0x400

.isr_vector     0x0000000008000000       0xc0
                0x0000000008000000                . = ALIGN (0x4)
 *(.isr_vector)
 .isr_vector    0x0000000008000000       0xc0 Startup/startup_stm32l052c8tx.o
                0x0000000008000000                g_pfnVectors
                0x00000000080000c0                . = ALIGN (0x4)

.text           0x00000000080000c0     0x698c
                0x00000000080000c0                . = ALIGN (0x4)
 *(.text)
 .text          0x00000000080000c0       0x48 /opt/st/stm32cubeide_1.1.0/plugins/com.st.stm32cube.ide.mcu.externaltools.gnu-tools-for-stm32.7-2018-q2-update.linux64_1.0.0.201904181610/tools/bin/../lib/gcc/arm-none-eabi/7.3.1/thumb/v6-m/crtbegin.o
 .text          0x0000000008000108      0x114 /opt/st/stm32cubeide_1.1.0/plugins/com.st.stm32cube.ide.mcu.externaltools.gnu-tools-for-stm32.7-2018-q2-update.linux64_1.0.0.201904181610/tools/bin/../lib/gcc/arm-none-eabi/7.3.1/thumb/v6-m/libgcc.a(_udivsi3.o)
                0x0000000008000108                __udivsi3
                0x0000000008000108                __aeabi_uidiv
                0x0000000008000214                __aeabi_uidivmod
 .text          0x000000000800021c        0x4 /opt/st/stm32cubeide_1.1.0/plugins/com.st.stm32cube.ide.mcu.externaltools.gnu-tools-for-stm32.7-2018-q2-update.linux64_1.0.0.201904181610/tools/bin/../lib/gcc/arm-none-eabi/7.3.1/thumb/v6-m/libgcc.a(_dvmd_tls.o)
                0x000000000800021c                __aeabi_ldiv0
                0x000000000800021c                __aeabi_idiv0
 .text          0x0000000008000220       0x74 /opt/st/stm32cubeide_1.1.0/plugins/com.st.stm32cube.ide.mcu.externaltools.gnu-tools-for-stm32.7-2018-q2-update.linux64_1.0.0.201904181610/tools/bin/../lib/gcc/arm-none-eabi/7.3.1/thumb/v6-m/libgcc.a(_arm_cmpsf2.o)
                0x0000000008000220                __aeabi_cfrcmple
                0x0000000008000228                __aeabi_cfcmple
                0x0000000008000228                __aeabi_cfcmpeq
                0x0000000008000238                __aeabi_fcmpeq
                0x0000000008000244                __aeabi_fcmplt
                0x0000000008000258                __aeabi_fcmple
                0x000000000800026c                __aeabi_fcmpgt
                0x0000000008000280                __aeabi_fcmpge
 .text          0x0000000008000294       0x40 /opt/st/stm32cubeide_1.1.0/plugins/com.st.stm32cube.ide.mcu.externaltools.gnu-tools-for-stm32.7-2018-q2-update.linux64_1.0.0.201904181610/tools/bin/../lib/gcc/arm-none-eabi/7.3.1/thumb/v6-m/libgcc.a(_aeabi_uldivmod.o)
                0x0000000008000294                __aeabi_uldivmod
 .text          0x00000000080002d4       0x30 /opt/st/stm32cubeide_1.1.0/plugins/com.st.stm32cube.ide.mcu.externaltools.gnu-tools-for-stm32.7-2018-q2-update.linux64_1.0.0.201904181610/tools/bin/../lib/gcc/arm-none-eabi/7.3.1/thumb/v6-m/libgcc.a(_fixunssfsi.o)
                0x00000000080002d4                __aeabi_f2uiz
                0x00000000080002d4                __fixunssfsi
 .text          0x0000000008000304      0x184 /opt/st/stm32cubeide_1.1.0/plugins/com.st.stm32cube.ide.mcu.externaltools.gnu-tools-for-stm32.7-2018-q2-update.linux64_1.0.0.201904181610/tools/bin/../lib/gcc/arm-none-eabi/7.3.1/thumb/v6-m/libgcc.a(_udivmoddi4.o)
                0x0000000008000304                __udivmoddi4
 .text          0x0000000008000488       0x50 /opt/st/stm32cubeide_1.1.0/plugins/com.st.stm32cube.ide.mcu.externaltools.gnu-tools-for-stm32.7-2018-q2-update.linux64_1.0.0.201904181610/tools/bin/../lib/gcc/arm-none-eabi/7.3.1/thumb/v6-m/libgcc.a(eqsf2.o)
                0x0000000008000488                __nesf2
                0x0000000008000488                __eqsf2
 .text          0x00000000080004d8       0x9c /opt/st/stm32cubeide_1.1.0/plugins/com.st.stm32cube.ide.mcu.externaltools.gnu-tools-for-stm32.7-2018-q2-update.linux64_1.0.0.201904181610/tools/bin/../lib/gcc/arm-none-eabi/7.3.1/thumb/v6-m/libgcc.a(gesf2.o)
                0x00000000080004d8                __gtsf2
                0x00000000080004d8                __gesf2
 .text          0x0000000008000574       0xa0 /opt/st/stm32cubeide_1.1.0/plugins/com.st.stm32cube.ide.mcu.externaltools.gnu-tools-for-stm32.7-2018-q2-update.linux64_1.0.0.201904181610/tools/bin/../lib/gcc/arm-none-eabi/7.3.1/thumb/v6-m/libgcc.a(lesf2.o)
                0x0000000008000574                __lesf2
                0x0000000008000574                __ltsf2
 .text          0x0000000008000614      0x388 /opt/st/stm32cubeide_1.1.0/plugins/com.st.stm32cube.ide.mcu.externaltools.gnu-tools-for-stm32.7-2018-q2-update.linux64_1.0.0.201904181610/tools/bin/../lib/gcc/arm-none-eabi/7.3.1/thumb/v6-m/libgcc.a(subsf3.o)
                0x0000000008000614                __aeabi_fsub
 .text          0x000000000800099c       0x40 /opt/st/stm32cubeide_1.1.0/plugins/com.st.stm32cube.ide.mcu.externaltools.gnu-tools-for-stm32.7-2018-q2-update.linux64_1.0.0.201904181610/tools/bin/../lib/gcc/arm-none-eabi/7.3.1/thumb/v6-m/libgcc.a(fixsfsi.o)
                0x000000000800099c                __aeabi_f2iz
 .text          0x00000000080009dc       0x80 /opt/st/stm32cubeide_1.1.0/plugins/com.st.stm32cube.ide.mcu.externaltools.gnu-tools-for-stm32.7-2018-q2-update.linux64_1.0.0.201904181610/tools/bin/../lib/gcc/arm-none-eabi/7.3.1/thumb/v6-m/libgcc.a(floatunsisf.o)
                0x00000000080009dc                __aeabi_ui2f
 .text          0x0000000008000a5c      0x604 /opt/st/stm32cubeide_1.1.0/plugins/com.st.stm32cube.ide.mcu.externaltools.gnu-tools-for-stm32.7-2018-q2-update.linux64_1.0.0.201904181610/tools/bin/../lib/gcc/arm-none-eabi/7.3.1/thumb/v6-m/libgcc.a(divdf3.o)
                0x0000000008000a5c                __aeabi_ddiv
 .text          0x0000000008001060      0x4e4 /opt/st/stm32cubeide_1.1.0/plugins/com.st.stm32cube.ide.mcu.externaltools.gnu-tools-for-stm32.7-2018-q2-update.linux64_1.0.0.201904181610/tools/bin/../lib/gcc/arm-none-eabi/7.3.1/thumb/v6-m/libgcc.a(muldf3.o)
                0x0000000008001060                __aeabi_dmul
 .text          0x0000000008001544       0x6c /opt/st/stm32cubeide_1.1.0/plugins/com.st.stm32cube.ide.mcu.externaltools.gnu-tools-for-stm32.7-2018-q2-update.linux64_1.0.0.201904181610/tools/bin/../lib/gcc/arm-none-eabi/7.3.1/thumb/v6-m/libgcc.a(fixdfsi.o)
                0x0000000008001544                __aeabi_d2iz
 .text          0x00000000080015b0       0x74 /opt/st/stm32cubeide_1.1.0/plugins/com.st.stm32cube.ide.mcu.externaltools.gnu-tools-for-stm32.7-2018-q2-update.linux64_1.0.0.201904181610/tools/bin/../lib/gcc/arm-none-eabi/7.3.1/thumb/v6-m/libgcc.a(floatsidf.o)
                0x00000000080015b0                __aeabi_i2d
 .text          0x0000000008001624       0x64 /opt/st/stm32cubeide_1.1.0/plugins/com.st.stm32cube.ide.mcu.externaltools.gnu-tools-for-stm32.7-2018-q2-update.linux64_1.0.0.201904181610/tools/bin/../lib/gcc/arm-none-eabi/7.3.1/thumb/v6-m/libgcc.a(floatunsidf.o)
                0x0000000008001624                __aeabi_ui2d
 .text          0x0000000008001688       0xa4 /opt/st/stm32cubeide_1.1.0/plugins/com.st.stm32cube.ide.mcu.externaltools.gnu-tools-for-stm32.7-2018-q2-update.linux64_1.0.0.201904181610/tools/bin/../lib/gcc/arm-none-eabi/7.3.1/thumb/v6-m/libgcc.a(extendsfdf2.o)
                0x0000000008001688                __aeabi_f2d
 .text          0x000000000800172c      0x108 /opt/st/stm32cubeide_1.1.0/plugins/com.st.stm32cube.ide.mcu.externaltools.gnu-tools-for-stm32.7-2018-q2-update.linux64_1.0.0.201904181610/tools/bin/../lib/gcc/arm-none-eabi/7.3.1/thumb/v6-m/libgcc.a(truncdfsf2.o)
                0x000000000800172c                __aeabi_d2f
 .text          0x0000000008001834       0x3c /opt/st/stm32cubeide_1.1.0/plugins/com.st.stm32cube.ide.mcu.externaltools.gnu-tools-for-stm32.7-2018-q2-update.linux64_1.0.0.201904181610/tools/bin/../lib/gcc/arm-none-eabi/7.3.1/thumb/v6-m/libgcc.a(_clzsi2.o)
                0x0000000008001834                __clzsi2
 .text          0x0000000008001870       0x18 /opt/st/stm32cubeide_1.1.0/plugins/com.st.stm32cube.ide.mcu.externaltools.gnu-tools-for-stm32.7-2018-q2-update.linux64_1.0.0.201904181610/tools/bin/../lib/gcc/arm-none-eabi/7.3.1/thumb/v6-m/libgcc.a(_clzdi2.o)
                0x0000000008001870                __clzdi2
 *(.text*)
 .text.HAL_Init
                0x0000000008001888       0x40 Drivers/STM32L0xx_HAL_Driver/Src/stm32l0xx_hal.o
                0x0000000008001888                HAL_Init
 .text.HAL_InitTick
                0x00000000080018c8       0x54 Drivers/STM32L0xx_HAL_Driver/Src/stm32l0xx_hal.o
                0x00000000080018c8                HAL_InitTick
 .text.HAL_IncTick
                0x000000000800191c       0x18 Drivers/STM32L0xx_HAL_Driver/Src/stm32l0xx_hal.o
                0x000000000800191c                HAL_IncTick
 .text.HAL_GetTick
                0x0000000008001934       0x14 Drivers/STM32L0xx_HAL_Driver/Src/stm32l0xx_hal.o
                0x0000000008001934                HAL_GetTick
 .text.HAL_Delay
                0x0000000008001948       0x3a Drivers/STM32L0xx_HAL_Driver/Src/stm32l0xx_hal.o
                0x0000000008001948                HAL_Delay
 *fill*         0x0000000008001982        0x2 
 .text.NVIC_SetPriority
                0x0000000008001984       0xdc Drivers/STM32L0xx_HAL_Driver/Src/stm32l0xx_hal_cortex.o
 .text.SysTick_Config
                0x0000000008001a60       0x48 Drivers/STM32L0xx_HAL_Driver/Src/stm32l0xx_hal_cortex.o
 .text.HAL_NVIC_SetPriority
                0x0000000008001aa8       0x2a Drivers/STM32L0xx_HAL_Driver/Src/stm32l0xx_hal_cortex.o
                0x0000000008001aa8                HAL_NVIC_SetPriority
 .text.HAL_SYSTICK_Config
                0x0000000008001ad2       0x1a Drivers/STM32L0xx_HAL_Driver/Src/stm32l0xx_hal_cortex.o
                0x0000000008001ad2                HAL_SYSTICK_Config
 .text.HAL_SYSTICK_CLKSourceConfig
                0x0000000008001aec       0x34 Drivers/STM32L0xx_HAL_Driver/Src/stm32l0xx_hal_cortex.o
                0x0000000008001aec                HAL_SYSTICK_CLKSourceConfig
 .text.HAL_GPIO_Init
                0x0000000008001b20      0x2ec Drivers/STM32L0xx_HAL_Driver/Src/stm32l0xx_hal_gpio.o
                0x0000000008001b20                HAL_GPIO_Init
 .text.HAL_GPIO_ReadPin
                0x0000000008001e0c       0x3a Drivers/STM32L0xx_HAL_Driver/Src/stm32l0xx_hal_gpio.o
                0x0000000008001e0c                HAL_GPIO_ReadPin
 .text.HAL_GPIO_WritePin
                0x0000000008001e46       0x3a Drivers/STM32L0xx_HAL_Driver/Src/stm32l0xx_hal_gpio.o
                0x0000000008001e46                HAL_GPIO_WritePin
 .text.HAL_I2C_Init
                0x0000000008001e80      0x12c Drivers/STM32L0xx_HAL_Driver/Src/stm32l0xx_hal_i2c.o
                0x0000000008001e80                HAL_I2C_Init
 .text.HAL_I2C_Master_Transmit
                0x0000000008001fac      0x210 Drivers/STM32L0xx_HAL_Driver/Src/stm32l0xx_hal_i2c.o
                0x0000000008001fac                HAL_I2C_Master_Transmit
 .text.HAL_I2C_Master_Receive
                0x00000000080021bc      0x210 Drivers/STM32L0xx_HAL_Driver/Src/stm32l0xx_hal_i2c.o
                0x00000000080021bc                HAL_I2C_Master_Receive
 .text.I2C_Flush_TXDR
                0x00000000080023cc       0x44 Drivers/STM32L0xx_HAL_Driver/Src/stm32l0xx_hal_i2c.o
 .text.I2C_WaitOnFlagUntilTimeout
                0x0000000008002410       0x7e Drivers/STM32L0xx_HAL_Driver/Src/stm32l0xx_hal_i2c.o
 .text.I2C_WaitOnTXISFlagUntilTimeout
                0x000000000800248e       0x7e Drivers/STM32L0xx_HAL_Driver/Src/stm32l0xx_hal_i2c.o
 .text.I2C_WaitOnSTOPFlagUntilTimeout
                0x000000000800250c       0x78 Drivers/STM32L0xx_HAL_Driver/Src/stm32l0xx_hal_i2c.o
 .text.I2C_WaitOnRXNEFlagUntilTimeout
                0x0000000008002584       0xd8 Drivers/STM32L0xx_HAL_Driver/Src/stm32l0xx_hal_i2c.o
 .text.I2C_IsAcknowledgeFailed
                0x000000000800265c       0xcc Drivers/STM32L0xx_HAL_Driver/Src/stm32l0xx_hal_i2c.o
 .text.I2C_TransferConfig
                0x0000000008002728       0x6c Drivers/STM32L0xx_HAL_Driver/Src/stm32l0xx_hal_i2c.o
 .text.HAL_I2CEx_ConfigAnalogFilter
                0x0000000008002794       0x98 Drivers/STM32L0xx_HAL_Driver/Src/stm32l0xx_hal_i2c_ex.o
                0x0000000008002794                HAL_I2CEx_ConfigAnalogFilter
 .text.HAL_I2CEx_ConfigDigitalFilter
                0x000000000800282c       0x98 Drivers/STM32L0xx_HAL_Driver/Src/stm32l0xx_hal_i2c_ex.o
                0x000000000800282c                HAL_I2CEx_ConfigDigitalFilter
 .text.HAL_RCC_OscConfig
                0x00000000080028c4      0x780 Drivers/STM32L0xx_HAL_Driver/Src/stm32l0xx_hal_rcc.o
                0x00000000080028c4                HAL_RCC_OscConfig
 .text.HAL_RCC_ClockConfig
                0x0000000008003044      0x254 Drivers/STM32L0xx_HAL_Driver/Src/stm32l0xx_hal_rcc.o
                0x0000000008003044                HAL_RCC_ClockConfig
 .text.HAL_RCC_GetSysClockFreq
                0x0000000008003298      0x108 Drivers/STM32L0xx_HAL_Driver/Src/stm32l0xx_hal_rcc.o
                0x0000000008003298                HAL_RCC_GetSysClockFreq
 .text.HAL_RCC_GetHCLKFreq
                0x00000000080033a0       0x14 Drivers/STM32L0xx_HAL_Driver/Src/stm32l0xx_hal_rcc.o
                0x00000000080033a0                HAL_RCC_GetHCLKFreq
 .text.HAL_RCC_GetPCLK1Freq
                0x00000000080033b4       0x2c Drivers/STM32L0xx_HAL_Driver/Src/stm32l0xx_hal_rcc.o
                0x00000000080033b4                HAL_RCC_GetPCLK1Freq
 .text.HAL_RCC_GetPCLK2Freq
                0x00000000080033e0       0x2c Drivers/STM32L0xx_HAL_Driver/Src/stm32l0xx_hal_rcc.o
                0x00000000080033e0                HAL_RCC_GetPCLK2Freq
 .text.HAL_RCCEx_PeriphCLKConfig
                0x000000000800340c      0x290 Drivers/STM32L0xx_HAL_Driver/Src/stm32l0xx_hal_rcc_ex.o
                0x000000000800340c                HAL_RCCEx_PeriphCLKConfig
 .text.HAL_SPI_Init
                0x000000000800369c       0xd4 Drivers/STM32L0xx_HAL_Driver/Src/stm32l0xx_hal_spi.o
                0x000000000800369c                HAL_SPI_Init
 .text.HAL_SPI_Transmit
                0x0000000008003770      0x29c Drivers/STM32L0xx_HAL_Driver/Src/stm32l0xx_hal_spi.o
                0x0000000008003770                HAL_SPI_Transmit
 .text.HAL_SPI_GetState
                0x0000000008003a0c       0x18 Drivers/STM32L0xx_HAL_Driver/Src/stm32l0xx_hal_spi.o
                0x0000000008003a0c                HAL_SPI_GetState
 .text.SPI_WaitFlagStateUntilTimeout
                0x0000000008003a24       0xe0 Drivers/STM32L0xx_HAL_Driver/Src/stm32l0xx_hal_spi.o
 .text.SPI_EndRxTxTransaction
                0x0000000008003b04       0x7a Drivers/STM32L0xx_HAL_Driver/Src/stm32l0xx_hal_spi.o
 *fill*         0x0000000008003b7e        0x2 
 .text.HAL_UART_Init
                0x0000000008003b80       0xa8 Drivers/STM32L0xx_HAL_Driver/Src/stm32l0xx_hal_uart.o
                0x0000000008003b80                HAL_UART_Init
 .text.HAL_UART_Transmit
                0x0000000008003c28      0x14e Drivers/STM32L0xx_HAL_Driver/Src/stm32l0xx_hal_uart.o
                0x0000000008003c28                HAL_UART_Transmit
 *fill*         0x0000000008003d76        0x2 
 .text.UART_SetConfig
                0x0000000008003d78      0x630 Drivers/STM32L0xx_HAL_Driver/Src/stm32l0xx_hal_uart.o
                0x0000000008003d78                UART_SetConfig
 .text.UART_AdvFeatureConfig
                0x00000000080043a8      0x168 Drivers/STM32L0xx_HAL_Driver/Src/stm32l0xx_hal_uart.o
                0x00000000080043a8                UART_AdvFeatureConfig
 .text.UART_CheckIdleState
                0x0000000008004510       0x8c Drivers/STM32L0xx_HAL_Driver/Src/stm32l0xx_hal_uart.o
                0x0000000008004510                UART_CheckIdleState
 .text.UART_WaitOnFlagUntilTimeout
                0x000000000800459c       0x94 Drivers/STM32L0xx_HAL_Driver/Src/stm32l0xx_hal_uart.o
                0x000000000800459c                UART_WaitOnFlagUntilTimeout
 .text._ZN8APDS99606enable3getEv
                0x0000000008004630       0x8a Src/APDS9960.o
                0x0000000008004630                APDS9960::enable::get()
 .text._ZN8APDS99607control3getEv
                0x00000000080046ba       0x42 Src/APDS9960.o
                0x00000000080046ba                APDS9960::control::get()
 .text._ZN8APDS99606gconf13getEv
                0x00000000080046fc       0x42 Src/APDS9960.o
                0x00000000080046fc                APDS9960::gconf1::get()
 .text._ZN8APDS99606gconf23getEv
                0x000000000800473e       0x42 Src/APDS9960.o
                0x000000000800473e                APDS9960::gconf2::get()
 .text._ZN8APDS99606gpulse3getEv
                0x0000000008004780       0x30 Src/APDS9960.o
                0x0000000008004780                APDS9960::gpulse::get()
 .text._ZN8APDS99606gconf33getEv
                0x00000000080047b0       0x1a Src/APDS9960.o
                0x00000000080047b0                APDS9960::gconf3::get()
 .text._ZN8APDS99606gconf43getEv
                0x00000000080047ca       0x30 Src/APDS9960.o
                0x00000000080047ca                APDS9960::gconf4::get()
 .text._ZN8APDS99606enableEb
                0x00000000080047fa       0x48 Src/APDS9960.o
                0x00000000080047fa                APDS9960::enable(bool)
 .text._ZN8APDS99605beginEt15apds9960AGain_th
                0x0000000008004842      0x126 Src/APDS9960.o
                0x0000000008004842                APDS9960::begin(unsigned short, apds9960AGain_t, unsigned char)
 .text._ZN8APDS996021setADCIntegrationTimeEt
                0x0000000008004968       0x90 Src/APDS9960.o
                0x0000000008004968                APDS9960::setADCIntegrationTime(unsigned short)
 .text._ZN8APDS996010setADCGainE15apds9960AGain_t
                0x00000000080049f8       0x4e Src/APDS9960.o
                0x00000000080049f8                APDS9960::setADCGain(apds9960AGain_t)
 .text._ZN8APDS996015enableProximityEb
                0x0000000008004a46       0x48 Src/APDS9960.o
                0x0000000008004a46                APDS9960::enableProximity(bool)
 .text._ZN8APDS996025disableProximityInterruptEv
                0x0000000008004a8e       0x32 Src/APDS9960.o
                0x0000000008004a8e                APDS9960::disableProximityInterrupt()
 .text._ZN8APDS996020setGestureDimensionsEh
                0x0000000008004ac0       0x4e Src/APDS9960.o
                0x0000000008004ac0                APDS9960::setGestureDimensions(unsigned char)
 .text._ZN8APDS996023setGestureFIFOThresholdEh
                0x0000000008004b0e       0x4a Src/APDS9960.o
                0x0000000008004b0e                APDS9960::setGestureFIFOThreshold(unsigned char)
 .text._ZN8APDS996014setGestureGainEh
                0x0000000008004b58       0x4e Src/APDS9960.o
                0x0000000008004b58                APDS9960::setGestureGain(unsigned char)
 .text._ZN8APDS996028setGestureProximityThresholdEh
                0x0000000008004ba6       0x24 Src/APDS9960.o
                0x0000000008004ba6                APDS9960::setGestureProximityThreshold(unsigned char)
 .text._ZN8APDS996013enableGestureEb
                0x0000000008004bca       0x80 Src/APDS9960.o
                0x0000000008004bca                APDS9960::enableGesture(bool)
 .text._ZN8APDS996011resetCountsEv
                0x0000000008004c4a       0x2e Src/APDS9960.o
                0x0000000008004c4a                APDS9960::resetCounts()
 .text._ZN8APDS996011enableColorEb
                0x0000000008004c78       0x48 Src/APDS9960.o
                0x0000000008004c78                APDS9960::enableColor(bool)
 .text._ZN8APDS996012getColorDataEPtS0_S0_S0_
                0x0000000008004cc0       0x5e Src/APDS9960.o
                0x0000000008004cc0                APDS9960::getColorData(unsigned short*, unsigned short*, unsigned short*, unsigned short*)
 .text._ZN8APDS996021disableColorInterruptEv
                0x0000000008004d1e       0x32 Src/APDS9960.o
                0x0000000008004d1e                APDS9960::disableColorInterrupt()
 .text._ZN8APDS996014clearInterruptEv
                0x0000000008004d50       0x1c Src/APDS9960.o
                0x0000000008004d50                APDS9960::clearInterrupt()
 .text._ZN8APDS99606write8Ehh
                0x0000000008004d6c       0x30 Src/APDS9960.o
                0x0000000008004d6c                APDS9960::write8(unsigned char, unsigned char)
 .text._ZN8APDS99605read8Eh
                0x0000000008004d9c       0x2a Src/APDS9960.o
                0x0000000008004d9c                APDS9960::read8(unsigned char)
 .text._ZN8APDS99607read16REh
                0x0000000008004dc6       0x3e Src/APDS9960.o
                0x0000000008004dc6                APDS9960::read16R(unsigned char)
 .text._ZN8APDS99604readEhPhh
                0x0000000008004e04       0x9c Src/APDS9960.o
                0x0000000008004e04                APDS9960::read(unsigned char, unsigned char*, unsigned char)
 .text._ZN8APDS99605writeEhhh
                0x0000000008004ea0       0x58 Src/APDS9960.o
                0x0000000008004ea0                APDS9960::write(unsigned char, unsigned char, unsigned char)
 .text._ZN8APDS99609colorSortEttt
                0x0000000008004ef8      0x280 Src/APDS9960.o
                0x0000000008004ef8                APDS9960::colorSort(unsigned short, unsigned short, unsigned short)
 .text._ZN10LedControlC2Ei
                0x0000000008005178       0x9a Src/LedControl.o
                0x0000000008005178                LedControl::LedControl(int)
                0x0000000008005178                LedControl::LedControl(int)
 .text._ZN10LedControl8shutdownEib
                0x0000000008005212       0x4a Src/LedControl.o
                0x0000000008005212                LedControl::shutdown(int, bool)
 .text._ZN10LedControl12setScanLimitEii
                0x000000000800525c       0x40 Src/LedControl.o
                0x000000000800525c                LedControl::setScanLimit(int, int)
 .text._ZN10LedControl12setIntensityEii
                0x000000000800529c       0x40 Src/LedControl.o
                0x000000000800529c                LedControl::setIntensity(int, int)
 .text._ZN10LedControl12clearDisplayEi
                0x00000000080052dc       0x66 Src/LedControl.o
                0x00000000080052dc                LedControl::clearDisplay(int)
 .text._ZN10LedControl6setLedEiiib
                0x0000000008005342       0xda Src/LedControl.o
                0x0000000008005342                LedControl::setLed(int, int, int, bool)
 .text._ZN10LedControl11spiTransferEihh
                0x000000000800541c       0x74 Src/LedControl.o
                0x000000000800541c                LedControl::spiTransfer(int, unsigned char, unsigned char)
 .text._ZN8BarGraphC2Ehh
                0x0000000008005490       0x5c Src/bar_graph.o
                0x0000000008005490                BarGraph::BarGraph(unsigned char, unsigned char)
                0x0000000008005490                BarGraph::BarGraph(unsigned char, unsigned char)
 .text._ZN8BarGraph5beginEv
                0x00000000080054ec       0x74 Src/bar_graph.o
                0x00000000080054ec                BarGraph::begin()
 .text._ZN8BarGraph6updateEPh
                0x0000000008005560       0xfa Src/bar_graph.o
                0x0000000008005560                BarGraph::update(unsigned char*)
 .text._ZSt5floorIiEN9__gnu_cxx11__enable_ifIXsrSt12__is_integerIT_E7__valueEdE6__typeES3_
                0x000000000800565a       0x1c Src/bar_graph.o
                0x000000000800565a                __gnu_cxx::__enable_if<std::__is_integer<int>::__value, double>::__type std::floor<int>(int)
 .text._ZN7DotStarC2Ehh
                0x0000000008005676       0x74 Src/dotstar.o
                0x0000000008005676                DotStar::DotStar(unsigned char, unsigned char)
                0x0000000008005676                DotStar::DotStar(unsigned char, unsigned char)
 .text._ZN7DotStar5beginEv
                0x00000000080056ea       0x18 Src/dotstar.o
                0x00000000080056ea                DotStar::begin()
 .text._ZN7DotStar12updateLengthEh
                0x0000000008005702       0x76 Src/dotstar.o
                0x0000000008005702                DotStar::updateLength(unsigned char)
 .text._ZN7DotStar11sw_spi_initEv
                0x0000000008005778       0x2c Src/dotstar.o
                0x0000000008005778                DotStar::sw_spi_init()
 .text._ZN7DotStar10sw_spi_outEh
                0x00000000080057a4       0x80 Src/dotstar.o
                0x00000000080057a4                DotStar::sw_spi_out(unsigned char)
 .text._ZN7DotStar4showEv
                0x0000000008005824      0x15c Src/dotstar.o
                0x0000000008005824                DotStar::show()
 .text._ZN7DotStar8incrRingE8RGB_VALS
                0x0000000008005980       0x6c Src/dotstar.o
                0x0000000008005980                DotStar::incrRing(RGB_VALS)
 .text._ZN7DotStar8decrRingE8RGB_VALS
                0x00000000080059ec       0x6a Src/dotstar.o
                0x00000000080059ec                DotStar::decrRing(RGB_VALS)
 .text._ZN7DotStar5clearEv
                0x0000000008005a56       0x10 Src/dotstar.o
                0x0000000008005a56                DotStar::clear()
 .text._ZN7DotStar13setPixelColorEhhhh
                0x0000000008005a66       0x78 Src/dotstar.o
                0x0000000008005a66                DotStar::setPixelColor(unsigned char, unsigned char, unsigned char, unsigned char)
 .text._ZN7DotStar9numPixelsEv
                0x0000000008005ade       0x14 Src/dotstar.o
                0x0000000008005ade                DotStar::numPixels()
 .text._ZN7DotStar13setBrightnessEh
                0x0000000008005af2       0x22 Src/dotstar.o
                0x0000000008005af2                DotStar::setBrightness(unsigned char)
 .text.MX_GPIO_Init
                0x0000000008005b14      0x120 Src/gpio.o
                0x0000000008005b14                MX_GPIO_Init
 .text.MX_I2C1_Init
                0x0000000008005c34       0x80 Src/i2c.o
                0x0000000008005c34                MX_I2C1_Init
 .text.HAL_I2C_MspInit
                0x0000000008005cb4       0xb8 Src/i2c.o
                0x0000000008005cb4                HAL_I2C_MspInit
 .text._ZN8APDS9960C2Ev
                0x0000000008005d6c       0x12 Src/main.o
                0x0000000008005d6c                APDS9960::APDS9960()
                0x0000000008005d6c                APDS9960::APDS9960()
 *fill*         0x0000000008005d7e        0x2 
 .text.main     0x0000000008005d80      0x67c Src/main.o
                0x0000000008005d80                main
 .text._Z18SystemClock_Configv
                0x00000000080063fc       0xfc Src/main.o
                0x00000000080063fc                SystemClock_Config()
 .text.Error_Handler
                0x00000000080064f8        0xa Src/main.o
                0x00000000080064f8                Error_Handler
 .text._Z19ring_set_all_pixelsR7DotStar8RGB_VALS
                0x0000000008006502       0x72 Src/ring_effects.o
                0x0000000008006502                ring_set_all_pixels(DotStar&, RGB_VALS)
 .text.MX_SPI1_Init
                0x0000000008006574       0x70 Src/spi.o
                0x0000000008006574                MX_SPI1_Init
 .text.HAL_SPI_MspInit
                0x00000000080065e4       0x88 Src/spi.o
                0x00000000080065e4                HAL_SPI_MspInit
 .text.HAL_MspInit
                0x000000000800666c       0x28 Src/stm32l0xx_hal_msp.o
                0x000000000800666c                HAL_MspInit
 .text.NMI_Handler
                0x0000000008006694        0xa Src/stm32l0xx_it.o
                0x0000000008006694                NMI_Handler
 .text.HardFault_Handler
                0x000000000800669e        0x6 Src/stm32l0xx_it.o
                0x000000000800669e                HardFault_Handler
 .text.SVC_Handler
                0x00000000080066a4        0xa Src/stm32l0xx_it.o
                0x00000000080066a4                SVC_Handler
 .text.PendSV_Handler
                0x00000000080066ae        0xa Src/stm32l0xx_it.o
                0x00000000080066ae                PendSV_Handler
 .text.SysTick_Handler
                0x00000000080066b8        0xe Src/stm32l0xx_it.o
                0x00000000080066b8                SysTick_Handler
 *fill*         0x00000000080066c6        0x2 
 .text._sbrk    0x00000000080066c8       0x58 Src/sysmem.o
                0x00000000080066c8                _sbrk
 .text.SystemInit
                0x0000000008006720       0x7c Src/system_stm32l0xx.o
                0x0000000008006720                SystemInit
 .text.MX_USART1_UART_Init
                0x000000000800679c       0x60 Src/usart.o
                0x000000000800679c                MX_USART1_UART_Init
 .text.HAL_UART_MspInit
                0x00000000080067fc       0x88 Src/usart.o
                0x00000000080067fc                HAL_UART_MspInit
 .text.Reset_Handler
                0x0000000008006884       0x50 Startup/startup_stm32l052c8tx.o
                0x0000000008006884                Reset_Handler
 .text.Default_Handler
                0x00000000080068d4        0x2 Startup/startup_stm32l052c8tx.o
                0x00000000080068d4                TSC_IRQHandler
                0x00000000080068d4                ADC1_COMP_IRQHandler
                0x00000000080068d4                PVD_IRQHandler
                0x00000000080068d4                I2C1_IRQHandler
                0x00000000080068d4                RCC_CRS_IRQHandler
                0x00000000080068d4                SPI1_IRQHandler
                0x00000000080068d4                TIM6_DAC_IRQHandler
                0x00000000080068d4                EXTI2_3_IRQHandler
                0x00000000080068d4                I2C2_IRQHandler
                0x00000000080068d4                RTC_IRQHandler
                0x00000000080068d4                DMA1_Channel4_5_6_7_IRQHandler
                0x00000000080068d4                EXTI4_15_IRQHandler
                0x00000000080068d4                DMA1_Channel1_IRQHandler
                0x00000000080068d4                Default_Handler
                0x00000000080068d4                TIM22_IRQHandler
                0x00000000080068d4                EXTI0_1_IRQHandler
                0x00000000080068d4                USB_IRQHandler
                0x00000000080068d4                SPI2_IRQHandler
                0x00000000080068d4                TIM21_IRQHandler
                0x00000000080068d4                WWDG_IRQHandler
                0x00000000080068d4                TIM2_IRQHandler
                0x00000000080068d4                DMA1_Channel2_3_IRQHandler
                0x00000000080068d4                USART2_IRQHandler
                0x00000000080068d4                FLASH_IRQHandler
                0x00000000080068d4                USART1_IRQHandler
                0x00000000080068d4                RNG_LPUART1_IRQHandler
                0x00000000080068d4                LPTIM1_IRQHandler
 *fill*         0x00000000080068d6        0x2 
 .text.__errno  0x00000000080068d8        0xc /opt/st/stm32cubeide_1.1.0/plugins/com.st.stm32cube.ide.mcu.externaltools.gnu-tools-for-stm32.7-2018-q2-update.linux64_1.0.0.201904181610/tools/bin/../lib/gcc/arm-none-eabi/7.3.1/../../../../arm-none-eabi/lib/thumb/v6-m/libc_nano.a(lib_a-errno.o)
                0x00000000080068d8                __errno
 .text.__libc_init_array
                0x00000000080068e4       0x48 /opt/st/stm32cubeide_1.1.0/plugins/com.st.stm32cube.ide.mcu.externaltools.gnu-tools-for-stm32.7-2018-q2-update.linux64_1.0.0.201904181610/tools/bin/../lib/gcc/arm-none-eabi/7.3.1/../../../../arm-none-eabi/lib/thumb/v6-m/libc_nano.a(lib_a-init.o)
                0x00000000080068e4                __libc_init_array
 .text.malloc   0x000000000800692c       0x14 /opt/st/stm32cubeide_1.1.0/plugins/com.st.stm32cube.ide.mcu.externaltools.gnu-tools-for-stm32.7-2018-q2-update.linux64_1.0.0.201904181610/tools/bin/../lib/gcc/arm-none-eabi/7.3.1/../../../../arm-none-eabi/lib/thumb/v6-m/libc_nano.a(lib_a-malloc.o)
                0x000000000800692c                malloc
 .text.memset   0x0000000008006940       0x10 /opt/st/stm32cubeide_1.1.0/plugins/com.st.stm32cube.ide.mcu.externaltools.gnu-tools-for-stm32.7-2018-q2-update.linux64_1.0.0.201904181610/tools/bin/../lib/gcc/arm-none-eabi/7.3.1/../../../../arm-none-eabi/lib/thumb/v6-m/libc_nano.a(lib_a-memset.o)
                0x0000000008006940                memset
 .text._malloc_r
                0x0000000008006950       0xbc /opt/st/stm32cubeide_1.1.0/plugins/com.st.stm32cube.ide.mcu.externaltools.gnu-tools-for-stm32.7-2018-q2-update.linux64_1.0.0.201904181610/tools/bin/../lib/gcc/arm-none-eabi/7.3.1/../../../../arm-none-eabi/lib/thumb/v6-m/libc_nano.a(lib_a-nano-mallocr.o)
                0x0000000008006950                _malloc_r
 .text._sbrk_r  0x0000000008006a0c       0x24 /opt/st/stm32cubeide_1.1.0/plugins/com.st.stm32cube.ide.mcu.externaltools.gnu-tools-for-stm32.7-2018-q2-update.linux64_1.0.0.201904181610/tools/bin/../lib/gcc/arm-none-eabi/7.3.1/../../../../arm-none-eabi/lib/thumb/v6-m/libc_nano.a(lib_a-sbrkr.o)
                0x0000000008006a0c                _sbrk_r
 .text.__malloc_lock
                0x0000000008006a30        0x2 /opt/st/stm32cubeide_1.1.0/plugins/com.st.stm32cube.ide.mcu.externaltools.gnu-tools-for-stm32.7-2018-q2-update.linux64_1.0.0.201904181610/tools/bin/../lib/gcc/arm-none-eabi/7.3.1/../../../../arm-none-eabi/lib/thumb/v6-m/libc_nano.a(lib_a-mlock.o)
                0x0000000008006a30                __malloc_lock
 .text.__malloc_unlock
                0x0000000008006a32        0x2 /opt/st/stm32cubeide_1.1.0/plugins/com.st.stm32cube.ide.mcu.externaltools.gnu-tools-for-stm32.7-2018-q2-update.linux64_1.0.0.201904181610/tools/bin/../lib/gcc/arm-none-eabi/7.3.1/../../../../arm-none-eabi/lib/thumb/v6-m/libc_nano.a(lib_a-mlock.o)
                0x0000000008006a32                __malloc_unlock
 *(.glue_7)
 .glue_7        0x0000000008006a34        0x0 linker stubs
 *(.glue_7t)
 .glue_7t       0x0000000008006a34        0x0 linker stubs
 *(.eh_frame)
 .eh_frame      0x0000000008006a34        0x0 /opt/st/stm32cubeide_1.1.0/plugins/com.st.stm32cube.ide.mcu.externaltools.gnu-tools-for-stm32.7-2018-q2-update.linux64_1.0.0.201904181610/tools/bin/../lib/gcc/arm-none-eabi/7.3.1/thumb/v6-m/crtbegin.o
 *(.init)
 .init          0x0000000008006a34        0x4 /opt/st/stm32cubeide_1.1.0/plugins/com.st.stm32cube.ide.mcu.externaltools.gnu-tools-for-stm32.7-2018-q2-update.linux64_1.0.0.201904181610/tools/bin/../lib/gcc/arm-none-eabi/7.3.1/thumb/v6-m/crti.o
                0x0000000008006a34                _init
 .init          0x0000000008006a38        0x8 /opt/st/stm32cubeide_1.1.0/plugins/com.st.stm32cube.ide.mcu.externaltools.gnu-tools-for-stm32.7-2018-q2-update.linux64_1.0.0.201904181610/tools/bin/../lib/gcc/arm-none-eabi/7.3.1/thumb/v6-m/crtn.o
 *(.fini)
 .fini          0x0000000008006a40        0x4 /opt/st/stm32cubeide_1.1.0/plugins/com.st.stm32cube.ide.mcu.externaltools.gnu-tools-for-stm32.7-2018-q2-update.linux64_1.0.0.201904181610/tools/bin/../lib/gcc/arm-none-eabi/7.3.1/thumb/v6-m/crti.o
                0x0000000008006a40                _fini
 .fini          0x0000000008006a44        0x8 /opt/st/stm32cubeide_1.1.0/plugins/com.st.stm32cube.ide.mcu.externaltools.gnu-tools-for-stm32.7-2018-q2-update.linux64_1.0.0.201904181610/tools/bin/../lib/gcc/arm-none-eabi/7.3.1/thumb/v6-m/crtn.o
                0x0000000008006a4c                . = ALIGN (0x4)
                0x0000000008006a4c                _etext = .

.vfp11_veneer   0x0000000008006a4c        0x0
 .vfp11_veneer  0x0000000008006a4c        0x0 linker stubs

.v4_bx          0x0000000008006a4c        0x0
 .v4_bx         0x0000000008006a4c        0x0 linker stubs

.iplt           0x0000000008006a4c        0x0
 .iplt          0x0000000008006a4c        0x0 /opt/st/stm32cubeide_1.1.0/plugins/com.st.stm32cube.ide.mcu.externaltools.gnu-tools-for-stm32.7-2018-q2-update.linux64_1.0.0.201904181610/tools/bin/../lib/gcc/arm-none-eabi/7.3.1/thumb/v6-m/crtbegin.o

.rodata         0x0000000008006a4c       0xec
                0x0000000008006a4c                . = ALIGN (0x4)
 *(.rodata)
 .rodata        0x0000000008006a4c       0x40 /opt/st/stm32cubeide_1.1.0/plugins/com.st.stm32cube.ide.mcu.externaltools.gnu-tools-for-stm32.7-2018-q2-update.linux64_1.0.0.201904181610/tools/bin/../lib/gcc/arm-none-eabi/7.3.1/thumb/v6-m/libgcc.a(divdf3.o)
 .rodata        0x0000000008006a8c       0x40 /opt/st/stm32cubeide_1.1.0/plugins/com.st.stm32cube.ide.mcu.externaltools.gnu-tools-for-stm32.7-2018-q2-update.linux64_1.0.0.201904181610/tools/bin/../lib/gcc/arm-none-eabi/7.3.1/thumb/v6-m/libgcc.a(muldf3.o)
 *(.rodata*)
 .rodata.UART_SetConfig
                0x0000000008006acc       0x48 Drivers/STM32L0xx_HAL_Driver/Src/stm32l0xx_hal_uart.o
 .rodata.AHBPrescTable
                0x0000000008006b14       0x10 Src/system_stm32l0xx.o
                0x0000000008006b14                AHBPrescTable
 .rodata.APBPrescTable
                0x0000000008006b24        0x8 Src/system_stm32l0xx.o
                0x0000000008006b24                APBPrescTable
 .rodata.PLLMulTable
                0x0000000008006b2c        0x9 Src/system_stm32l0xx.o
                0x0000000008006b2c                PLLMulTable
                0x0000000008006b38                . = ALIGN (0x4)
 *fill*         0x0000000008006b35        0x3 

.ARM.extab      0x0000000008006b38        0x0
                0x0000000008006b38                . = ALIGN (0x4)
 *(.ARM.extab* .gnu.linkonce.armextab.*)
                0x0000000008006b38                . = ALIGN (0x4)

.ARM            0x0000000008006b38        0x8
                0x0000000008006b38                . = ALIGN (0x4)
                0x0000000008006b38                __exidx_start = .
 *(.ARM.exidx*)
 .ARM.exidx     0x0000000008006b38        0x8 /opt/st/stm32cubeide_1.1.0/plugins/com.st.stm32cube.ide.mcu.externaltools.gnu-tools-for-stm32.7-2018-q2-update.linux64_1.0.0.201904181610/tools/bin/../lib/gcc/arm-none-eabi/7.3.1/thumb/v6-m/libgcc.a(_udivmoddi4.o)
                0x0000000008006b40                __exidx_end = .
                0x0000000008006b40                . = ALIGN (0x4)

.rel.dyn        0x0000000008006b40        0x0
 .rel.iplt      0x0000000008006b40        0x0 /opt/st/stm32cubeide_1.1.0/plugins/com.st.stm32cube.ide.mcu.externaltools.gnu-tools-for-stm32.7-2018-q2-update.linux64_1.0.0.201904181610/tools/bin/../lib/gcc/arm-none-eabi/7.3.1/thumb/v6-m/crtbegin.o

.preinit_array  0x0000000008006b40        0x0
                0x0000000008006b40                . = ALIGN (0x4)
                0x0000000008006b40                PROVIDE (__preinit_array_start = .)
 *(.preinit_array*)
                0x0000000008006b40                PROVIDE (__preinit_array_end = .)
                0x0000000008006b40                . = ALIGN (0x4)

.init_array     0x0000000008006b40        0x4
                0x0000000008006b40                . = ALIGN (0x4)
                0x0000000008006b40                PROVIDE (__init_array_start = .)
 *(SORT_BY_NAME(.init_array.*))
 *(.init_array*)
 .init_array    0x0000000008006b40        0x4 /opt/st/stm32cubeide_1.1.0/plugins/com.st.stm32cube.ide.mcu.externaltools.gnu-tools-for-stm32.7-2018-q2-update.linux64_1.0.0.201904181610/tools/bin/../lib/gcc/arm-none-eabi/7.3.1/thumb/v6-m/crtbegin.o
                0x0000000008006b44                PROVIDE (__init_array_end = .)
                0x0000000008006b44                . = ALIGN (0x4)

.fini_array     0x0000000008006b44        0x4
                0x0000000008006b44                . = ALIGN (0x4)
                [!provide]                        PROVIDE (__fini_array_start = .)
 *(SORT_BY_NAME(.fini_array.*))
 *(.fini_array*)
 .fini_array    0x0000000008006b44        0x4 /opt/st/stm32cubeide_1.1.0/plugins/com.st.stm32cube.ide.mcu.externaltools.gnu-tools-for-stm32.7-2018-q2-update.linux64_1.0.0.201904181610/tools/bin/../lib/gcc/arm-none-eabi/7.3.1/thumb/v6-m/crtbegin.o
                [!provide]                        PROVIDE (__fini_array_end = .)
                0x0000000008006b48                . = ALIGN (0x4)
                0x0000000008006b48                _sidata = LOADADDR (.data)

.data           0x0000000020000000       0x68 load address 0x0000000008006b48
                0x0000000020000000                . = ALIGN (0x4)
                0x0000000020000000                _sdata = .
 *(.data)
 *(.data*)
 .data.SystemCoreClock
                0x0000000020000000        0x4 Src/system_stm32l0xx.o
                0x0000000020000000                SystemCoreClock
 .data._impure_ptr
                0x0000000020000004        0x4 /opt/st/stm32cubeide_1.1.0/plugins/com.st.stm32cube.ide.mcu.externaltools.gnu-tools-for-stm32.7-2018-q2-update.linux64_1.0.0.201904181610/tools/bin/../lib/gcc/arm-none-eabi/7.3.1/../../../../arm-none-eabi/lib/thumb/v6-m/libc_nano.a(lib_a-impure.o)
                0x0000000020000004                _impure_ptr
 .data.impure_data
                0x0000000020000008       0x60 /opt/st/stm32cubeide_1.1.0/plugins/com.st.stm32cube.ide.mcu.externaltools.gnu-tools-for-stm32.7-2018-q2-update.linux64_1.0.0.201904181610/tools/bin/../lib/gcc/arm-none-eabi/7.3.1/../../../../arm-none-eabi/lib/thumb/v6-m/libc_nano.a(lib_a-impure.o)
                0x0000000020000068                . = ALIGN (0x4)
                0x0000000020000068                _edata = .

.igot.plt       0x0000000020000068        0x0 load address 0x0000000008006bb0
 .igot.plt      0x0000000020000068        0x0 /opt/st/stm32cubeide_1.1.0/plugins/com.st.stm32cube.ide.mcu.externaltools.gnu-tools-for-stm32.7-2018-q2-update.linux64_1.0.0.201904181610/tools/bin/../lib/gcc/arm-none-eabi/7.3.1/thumb/v6-m/crtbegin.o
                0x0000000020000068                . = ALIGN (0x4)

.bss            0x0000000020000068      0x154 load address 0x0000000008006bb0
                0x0000000020000068                _sbss = .
                0x0000000020000068                __bss_start__ = _sbss
 *(.bss)
 .bss           0x0000000020000068       0x1c /opt/st/stm32cubeide_1.1.0/plugins/com.st.stm32cube.ide.mcu.externaltools.gnu-tools-for-stm32.7-2018-q2-update.linux64_1.0.0.201904181610/tools/bin/../lib/gcc/arm-none-eabi/7.3.1/thumb/v6-m/crtbegin.o
 *(.bss*)
 .bss.heap_end.5149
                0x0000000020000084        0x4 Src/sysmem.o
 .bss.__malloc_free_list
                0x0000000020000088        0x4 /opt/st/stm32cubeide_1.1.0/plugins/com.st.stm32cube.ide.mcu.externaltools.gnu-tools-for-stm32.7-2018-q2-update.linux64_1.0.0.201904181610/tools/bin/../lib/gcc/arm-none-eabi/7.3.1/../../../../arm-none-eabi/lib/thumb/v6-m/libc_nano.a(lib_a-nano-mallocr.o)
                0x0000000020000088                __malloc_free_list
 .bss.__malloc_sbrk_start
                0x000000002000008c        0x4 /opt/st/stm32cubeide_1.1.0/plugins/com.st.stm32cube.ide.mcu.externaltools.gnu-tools-for-stm32.7-2018-q2-update.linux64_1.0.0.201904181610/tools/bin/../lib/gcc/arm-none-eabi/7.3.1/../../../../arm-none-eabi/lib/thumb/v6-m/libc_nano.a(lib_a-nano-mallocr.o)
                0x000000002000008c                __malloc_sbrk_start
 *(COMMON)
 COMMON         0x0000000020000090        0x4 Drivers/STM32L0xx_HAL_Driver/Src/stm32l0xx_hal.o
                0x0000000020000090                uwTick
 COMMON         0x0000000020000094       0x4c Src/i2c.o
                0x0000000020000094                hi2c1
 COMMON         0x00000000200000e0       0x58 Src/spi.o
                0x00000000200000e0                hspi1
 COMMON         0x0000000020000138       0x80 Src/usart.o
                0x0000000020000138                huart1
 COMMON         0x00000000200001b8        0x4 /opt/st/stm32cubeide_1.1.0/plugins/com.st.stm32cube.ide.mcu.externaltools.gnu-tools-for-stm32.7-2018-q2-update.linux64_1.0.0.201904181610/tools/bin/../lib/gcc/arm-none-eabi/7.3.1/../../../../arm-none-eabi/lib/thumb/v6-m/libc_nano.a(lib_a-reent.o)
                0x00000000200001b8                errno
                0x00000000200001bc                . = ALIGN (0x4)
                0x00000000200001bc                _ebss = .
                0x00000000200001bc                __bss_end__ = _ebss

._user_heap_stack
                0x00000000200001bc      0x604 load address 0x0000000008006bb0
                0x00000000200001c0                . = ALIGN (0x8)
 *fill*         0x00000000200001bc        0x4 
                0x00000000200001c0                PROVIDE (end = .)
                [!provide]                        PROVIDE (_end = .)
                0x00000000200003c0                . = (. + _Min_Heap_Size)
 *fill*         0x00000000200001c0      0x200 
                0x00000000200007c0                . = (. + _Min_Stack_Size)
 *fill*         0x00000000200003c0      0x400 
                0x00000000200007c0                . = ALIGN (0x8)

/DISCARD/
 libc.a(*)
 libm.a(*)
 libgcc.a(*)

.ARM.attributes
                0x0000000000000000       0x28
 *(.ARM.attributes)
 .ARM.attributes
                0x0000000000000000       0x1e /opt/st/stm32cubeide_1.1.0/plugins/com.st.stm32cube.ide.mcu.externaltools.gnu-tools-for-stm32.7-2018-q2-update.linux64_1.0.0.201904181610/tools/bin/../lib/gcc/arm-none-eabi/7.3.1/thumb/v6-m/crti.o
 .ARM.attributes
                0x000000000000001e       0x2c /opt/st/stm32cubeide_1.1.0/plugins/com.st.stm32cube.ide.mcu.externaltools.gnu-tools-for-stm32.7-2018-q2-update.linux64_1.0.0.201904181610/tools/bin/../lib/gcc/arm-none-eabi/7.3.1/thumb/v6-m/crtbegin.o
 .ARM.attributes
                0x000000000000004a       0x32 Drivers/STM32L0xx_HAL_Driver/Src/stm32l0xx_hal.o
 .ARM.attributes
                0x000000000000007c       0x32 Drivers/STM32L0xx_HAL_Driver/Src/stm32l0xx_hal_cortex.o
 .ARM.attributes
                0x00000000000000ae       0x32 Drivers/STM32L0xx_HAL_Driver/Src/stm32l0xx_hal_gpio.o
 .ARM.attributes
                0x00000000000000e0       0x32 Drivers/STM32L0xx_HAL_Driver/Src/stm32l0xx_hal_i2c.o
 .ARM.attributes
                0x0000000000000112       0x32 Drivers/STM32L0xx_HAL_Driver/Src/stm32l0xx_hal_i2c_ex.o
 .ARM.attributes
                0x0000000000000144       0x32 Drivers/STM32L0xx_HAL_Driver/Src/stm32l0xx_hal_rcc.o
 .ARM.attributes
                0x0000000000000176       0x32 Drivers/STM32L0xx_HAL_Driver/Src/stm32l0xx_hal_rcc_ex.o
 .ARM.attributes
                0x00000000000001a8       0x32 Drivers/STM32L0xx_HAL_Driver/Src/stm32l0xx_hal_spi.o
 .ARM.attributes
                0x00000000000001da       0x32 Drivers/STM32L0xx_HAL_Driver/Src/stm32l0xx_hal_uart.o
 .ARM.attributes
                0x000000000000020c       0x32 Src/APDS9960.o
 .ARM.attributes
                0x000000000000023e       0x32 Src/LedControl.o
 .ARM.attributes
                0x0000000000000270       0x32 Src/bar_graph.o
 .ARM.attributes
                0x00000000000002a2       0x32 Src/dotstar.o
 .ARM.attributes
                0x00000000000002d4       0x32 Src/gpio.o
 .ARM.attributes
                0x0000000000000306       0x32 Src/i2c.o
 .ARM.attributes
                0x0000000000000338       0x32 Src/main.o
 .ARM.attributes
                0x000000000000036a       0x32 Src/ring_effects.o
 .ARM.attributes
                0x000000000000039c       0x32 Src/spi.o
 .ARM.attributes
                0x00000000000003ce       0x32 Src/stm32l0xx_hal_msp.o
 .ARM.attributes
                0x0000000000000400       0x32 Src/stm32l0xx_it.o
 .ARM.attributes
                0x0000000000000432       0x32 Src/sysmem.o
 .ARM.attributes
                0x0000000000000464       0x32 Src/system_stm32l0xx.o
 .ARM.attributes
                0x0000000000000496       0x32 Src/usart.o
 .ARM.attributes
                0x00000000000004c8       0x22 Startup/startup_stm32l052c8tx.o
 .ARM.attributes
                0x00000000000004ea       0x2c /opt/st/stm32cubeide_1.1.0/plugins/com.st.stm32cube.ide.mcu.externaltools.gnu-tools-for-stm32.7-2018-q2-update.linux64_1.0.0.201904181610/tools/bin/../lib/gcc/arm-none-eabi/7.3.1/../../../../arm-none-eabi/lib/thumb/v6-m/libc_nano.a(lib_a-errno.o)
 .ARM.attributes
                0x0000000000000516       0x2c /opt/st/stm32cubeide_1.1.0/plugins/com.st.stm32cube.ide.mcu.externaltools.gnu-tools-for-stm32.7-2018-q2-update.linux64_1.0.0.201904181610/tools/bin/../lib/gcc/arm-none-eabi/7.3.1/../../../../arm-none-eabi/lib/thumb/v6-m/libc_nano.a(lib_a-impure.o)
 .ARM.attributes
                0x0000000000000542       0x2c /opt/st/stm32cubeide_1.1.0/plugins/com.st.stm32cube.ide.mcu.externaltools.gnu-tools-for-stm32.7-2018-q2-update.linux64_1.0.0.201904181610/tools/bin/../lib/gcc/arm-none-eabi/7.3.1/../../../../arm-none-eabi/lib/thumb/v6-m/libc_nano.a(lib_a-init.o)
 .ARM.attributes
                0x000000000000056e       0x2c /opt/st/stm32cubeide_1.1.0/plugins/com.st.stm32cube.ide.mcu.externaltools.gnu-tools-for-stm32.7-2018-q2-update.linux64_1.0.0.201904181610/tools/bin/../lib/gcc/arm-none-eabi/7.3.1/../../../../arm-none-eabi/lib/thumb/v6-m/libc_nano.a(lib_a-malloc.o)
 .ARM.attributes
                0x000000000000059a       0x2c /opt/st/stm32cubeide_1.1.0/plugins/com.st.stm32cube.ide.mcu.externaltools.gnu-tools-for-stm32.7-2018-q2-update.linux64_1.0.0.201904181610/tools/bin/../lib/gcc/arm-none-eabi/7.3.1/../../../../arm-none-eabi/lib/thumb/v6-m/libc_nano.a(lib_a-memset.o)
 .ARM.attributes
                0x00000000000005c6       0x2c /opt/st/stm32cubeide_1.1.0/plugins/com.st.stm32cube.ide.mcu.externaltools.gnu-tools-for-stm32.7-2018-q2-update.linux64_1.0.0.201904181610/tools/bin/../lib/gcc/arm-none-eabi/7.3.1/../../../../arm-none-eabi/lib/thumb/v6-m/libc_nano.a(lib_a-nano-mallocr.o)
 .ARM.attributes
                0x00000000000005f2       0x2c /opt/st/stm32cubeide_1.1.0/plugins/com.st.stm32cube.ide.mcu.externaltools.gnu-tools-for-stm32.7-2018-q2-update.linux64_1.0.0.201904181610/tools/bin/../lib/gcc/arm-none-eabi/7.3.1/../../../../arm-none-eabi/lib/thumb/v6-m/libc_nano.a(lib_a-sbrkr.o)
 .ARM.attributes
                0x000000000000061e       0x2c /opt/st/stm32cubeide_1.1.0/plugins/com.st.stm32cube.ide.mcu.externaltools.gnu-tools-for-stm32.7-2018-q2-update.linux64_1.0.0.201904181610/tools/bin/../lib/gcc/arm-none-eabi/7.3.1/../../../../arm-none-eabi/lib/thumb/v6-m/libc_nano.a(lib_a-mlock.o)
 .ARM.attributes
                0x000000000000064a       0x2c /opt/st/stm32cubeide_1.1.0/plugins/com.st.stm32cube.ide.mcu.externaltools.gnu-tools-for-stm32.7-2018-q2-update.linux64_1.0.0.201904181610/tools/bin/../lib/gcc/arm-none-eabi/7.3.1/../../../../arm-none-eabi/lib/thumb/v6-m/libc_nano.a(lib_a-reent.o)
 .ARM.attributes
                0x0000000000000676       0x1e /opt/st/stm32cubeide_1.1.0/plugins/com.st.stm32cube.ide.mcu.externaltools.gnu-tools-for-stm32.7-2018-q2-update.linux64_1.0.0.201904181610/tools/bin/../lib/gcc/arm-none-eabi/7.3.1/thumb/v6-m/libgcc.a(_udivsi3.o)
 .ARM.attributes
                0x0000000000000694       0x1e /opt/st/stm32cubeide_1.1.0/plugins/com.st.stm32cube.ide.mcu.externaltools.gnu-tools-for-stm32.7-2018-q2-update.linux64_1.0.0.201904181610/tools/bin/../lib/gcc/arm-none-eabi/7.3.1/thumb/v6-m/libgcc.a(_dvmd_tls.o)
 .ARM.attributes
                0x00000000000006b2       0x1e /opt/st/stm32cubeide_1.1.0/plugins/com.st.stm32cube.ide.mcu.externaltools.gnu-tools-for-stm32.7-2018-q2-update.linux64_1.0.0.201904181610/tools/bin/../lib/gcc/arm-none-eabi/7.3.1/thumb/v6-m/libgcc.a(_arm_cmpsf2.o)
 .ARM.attributes
                0x00000000000006d0       0x1e /opt/st/stm32cubeide_1.1.0/plugins/com.st.stm32cube.ide.mcu.externaltools.gnu-tools-for-stm32.7-2018-q2-update.linux64_1.0.0.201904181610/tools/bin/../lib/gcc/arm-none-eabi/7.3.1/thumb/v6-m/libgcc.a(_aeabi_uldivmod.o)
 .ARM.attributes
                0x00000000000006ee       0x2c /opt/st/stm32cubeide_1.1.0/plugins/com.st.stm32cube.ide.mcu.externaltools.gnu-tools-for-stm32.7-2018-q2-update.linux64_1.0.0.201904181610/tools/bin/../lib/gcc/arm-none-eabi/7.3.1/thumb/v6-m/libgcc.a(_fixunssfsi.o)
 .ARM.attributes
                0x000000000000071a       0x2c /opt/st/stm32cubeide_1.1.0/plugins/com.st.stm32cube.ide.mcu.externaltools.gnu-tools-for-stm32.7-2018-q2-update.linux64_1.0.0.201904181610/tools/bin/../lib/gcc/arm-none-eabi/7.3.1/thumb/v6-m/libgcc.a(_udivmoddi4.o)
 .ARM.attributes
                0x0000000000000746       0x2c /opt/st/stm32cubeide_1.1.0/plugins/com.st.stm32cube.ide.mcu.externaltools.gnu-tools-for-stm32.7-2018-q2-update.linux64_1.0.0.201904181610/tools/bin/../lib/gcc/arm-none-eabi/7.3.1/thumb/v6-m/libgcc.a(eqsf2.o)
 .ARM.attributes
                0x0000000000000772       0x2c /opt/st/stm32cubeide_1.1.0/plugins/com.st.stm32cube.ide.mcu.externaltools.gnu-tools-for-stm32.7-2018-q2-update.linux64_1.0.0.201904181610/tools/bin/../lib/gcc/arm-none-eabi/7.3.1/thumb/v6-m/libgcc.a(gesf2.o)
 .ARM.attributes
                0x000000000000079e       0x2c /opt/st/stm32cubeide_1.1.0/plugins/com.st.stm32cube.ide.mcu.externaltools.gnu-tools-for-stm32.7-2018-q2-update.linux64_1.0.0.201904181610/tools/bin/../lib/gcc/arm-none-eabi/7.3.1/thumb/v6-m/libgcc.a(lesf2.o)
 .ARM.attributes
                0x00000000000007ca       0x2c /opt/st/stm32cubeide_1.1.0/plugins/com.st.stm32cube.ide.mcu.externaltools.gnu-tools-for-stm32.7-2018-q2-update.linux64_1.0.0.201904181610/tools/bin/../lib/gcc/arm-none-eabi/7.3.1/thumb/v6-m/libgcc.a(subsf3.o)
 .ARM.attributes
                0x00000000000007f6       0x2c /opt/st/stm32cubeide_1.1.0/plugins/com.st.stm32cube.ide.mcu.externaltools.gnu-tools-for-stm32.7-2018-q2-update.linux64_1.0.0.201904181610/tools/bin/../lib/gcc/arm-none-eabi/7.3.1/thumb/v6-m/libgcc.a(fixsfsi.o)
 .ARM.attributes
                0x0000000000000822       0x2c /opt/st/stm32cubeide_1.1.0/plugins/com.st.stm32cube.ide.mcu.externaltools.gnu-tools-for-stm32.7-2018-q2-update.linux64_1.0.0.201904181610/tools/bin/../lib/gcc/arm-none-eabi/7.3.1/thumb/v6-m/libgcc.a(floatunsisf.o)
 .ARM.attributes
                0x000000000000084e       0x2c /opt/st/stm32cubeide_1.1.0/plugins/com.st.stm32cube.ide.mcu.externaltools.gnu-tools-for-stm32.7-2018-q2-update.linux64_1.0.0.201904181610/tools/bin/../lib/gcc/arm-none-eabi/7.3.1/thumb/v6-m/libgcc.a(divdf3.o)
 .ARM.attributes
                0x000000000000087a       0x2c /opt/st/stm32cubeide_1.1.0/plugins/com.st.stm32cube.ide.mcu.externaltools.gnu-tools-for-stm32.7-2018-q2-update.linux64_1.0.0.201904181610/tools/bin/../lib/gcc/arm-none-eabi/7.3.1/thumb/v6-m/libgcc.a(muldf3.o)
 .ARM.attributes
                0x00000000000008a6       0x2c /opt/st/stm32cubeide_1.1.0/plugins/com.st.stm32cube.ide.mcu.externaltools.gnu-tools-for-stm32.7-2018-q2-update.linux64_1.0.0.201904181610/tools/bin/../lib/gcc/arm-none-eabi/7.3.1/thumb/v6-m/libgcc.a(fixdfsi.o)
 .ARM.attributes
                0x00000000000008d2       0x2c /opt/st/stm32cubeide_1.1.0/plugins/com.st.stm32cube.ide.mcu.externaltools.gnu-tools-for-stm32.7-2018-q2-update.linux64_1.0.0.201904181610/tools/bin/../lib/gcc/arm-none-eabi/7.3.1/thumb/v6-m/libgcc.a(floatsidf.o)
 .ARM.attributes
                0x00000000000008fe       0x2c /opt/st/stm32cubeide_1.1.0/plugins/com.st.stm32cube.ide.mcu.externaltools.gnu-tools-for-stm32.7-2018-q2-update.linux64_1.0.0.201904181610/tools/bin/../lib/gcc/arm-none-eabi/7.3.1/thumb/v6-m/libgcc.a(floatunsidf.o)
 .ARM.attributes
                0x000000000000092a       0x2c /opt/st/stm32cubeide_1.1.0/plugins/com.st.stm32cube.ide.mcu.externaltools.gnu-tools-for-stm32.7-2018-q2-update.linux64_1.0.0.201904181610/tools/bin/../lib/gcc/arm-none-eabi/7.3.1/thumb/v6-m/libgcc.a(extendsfdf2.o)
 .ARM.attributes
                0x0000000000000956       0x2c /opt/st/stm32cubeide_1.1.0/plugins/com.st.stm32cube.ide.mcu.externaltools.gnu-tools-for-stm32.7-2018-q2-update.linux64_1.0.0.201904181610/tools/bin/../lib/gcc/arm-none-eabi/7.3.1/thumb/v6-m/libgcc.a(truncdfsf2.o)
 .ARM.attributes
                0x0000000000000982       0x1e /opt/st/stm32cubeide_1.1.0/plugins/com.st.stm32cube.ide.mcu.externaltools.gnu-tools-for-stm32.7-2018-q2-update.linux64_1.0.0.201904181610/tools/bin/../lib/gcc/arm-none-eabi/7.3.1/thumb/v6-m/libgcc.a(_clzsi2.o)
 .ARM.attributes
                0x00000000000009a0       0x1e /opt/st/stm32cubeide_1.1.0/plugins/com.st.stm32cube.ide.mcu.externaltools.gnu-tools-for-stm32.7-2018-q2-update.linux64_1.0.0.201904181610/tools/bin/../lib/gcc/arm-none-eabi/7.3.1/thumb/v6-m/libgcc.a(_clzdi2.o)
 .ARM.attributes
                0x00000000000009be       0x1e /opt/st/stm32cubeide_1.1.0/plugins/com.st.stm32cube.ide.mcu.externaltools.gnu-tools-for-stm32.7-2018-q2-update.linux64_1.0.0.201904181610/tools/bin/../lib/gcc/arm-none-eabi/7.3.1/thumb/v6-m/crtn.o
OUTPUT(CommandCenter_Light.elf elf32-littlearm)

.debug_info     0x0000000000000000    0x144a8
 .debug_info    0x0000000000000000      0x7a5 Drivers/STM32L0xx_HAL_Driver/Src/stm32l0xx_hal.o
 .debug_info    0x00000000000007a5      0x8c7 Drivers/STM32L0xx_HAL_Driver/Src/stm32l0xx_hal_cortex.o
 .debug_info    0x000000000000106c      0x6c4 Drivers/STM32L0xx_HAL_Driver/Src/stm32l0xx_hal_gpio.o
 .debug_info    0x0000000000001730     0x1eef Drivers/STM32L0xx_HAL_Driver/Src/stm32l0xx_hal_i2c.o
 .debug_info    0x000000000000361f      0x8e8 Drivers/STM32L0xx_HAL_Driver/Src/stm32l0xx_hal_i2c_ex.o
 .debug_info    0x0000000000003f07      0x954 Drivers/STM32L0xx_HAL_Driver/Src/stm32l0xx_hal_rcc.o
 .debug_info    0x000000000000485b      0x805 Drivers/STM32L0xx_HAL_Driver/Src/stm32l0xx_hal_rcc_ex.o
 .debug_info    0x0000000000005060     0x159d Drivers/STM32L0xx_HAL_Driver/Src/stm32l0xx_hal_spi.o
 .debug_info    0x00000000000065fd     0x1524 Drivers/STM32L0xx_HAL_Driver/Src/stm32l0xx_hal_uart.o
 .debug_info    0x0000000000007b21     0x32f0 Src/APDS9960.o
 .debug_info    0x000000000000ae11      0xc47 Src/LedControl.o
 .debug_info    0x000000000000ba58     0x197c Src/bar_graph.o
 .debug_info    0x000000000000d3d4     0x17a8 Src/dotstar.o
 .debug_info    0x000000000000eb7c      0x3cb Src/gpio.o
 .debug_info    0x000000000000ef47      0x8ee Src/i2c.o
 .debug_info    0x000000000000f835     0x2538 Src/main.o
 .debug_info    0x0000000000011d6d      0x505 Src/ring_effects.o
 .debug_info    0x0000000000012272      0x895 Src/spi.o
 .debug_info    0x0000000000012b07      0x25b Src/stm32l0xx_hal_msp.o
 .debug_info    0x0000000000012d62      0x179 Src/stm32l0xx_it.o
 .debug_info    0x0000000000012edb      0x91c Src/sysmem.o
 .debug_info    0x00000000000137f7      0x390 Src/system_stm32l0xx.o
 .debug_info    0x0000000000013b87      0x8ff Src/usart.o
 .debug_info    0x0000000000014486       0x22 Startup/startup_stm32l052c8tx.o

.debug_abbrev   0x0000000000000000     0x30bc
 .debug_abbrev  0x0000000000000000      0x219 Drivers/STM32L0xx_HAL_Driver/Src/stm32l0xx_hal.o
 .debug_abbrev  0x0000000000000219      0x261 Drivers/STM32L0xx_HAL_Driver/Src/stm32l0xx_hal_cortex.o
 .debug_abbrev  0x000000000000047a      0x1c0 Drivers/STM32L0xx_HAL_Driver/Src/stm32l0xx_hal_gpio.o
 .debug_abbrev  0x000000000000063a      0x239 Drivers/STM32L0xx_HAL_Driver/Src/stm32l0xx_hal_i2c.o
 .debug_abbrev  0x0000000000000873      0x1b0 Drivers/STM32L0xx_HAL_Driver/Src/stm32l0xx_hal_i2c_ex.o
 .debug_abbrev  0x0000000000000a23      0x21a Drivers/STM32L0xx_HAL_Driver/Src/stm32l0xx_hal_rcc.o
 .debug_abbrev  0x0000000000000c3d      0x1ea Drivers/STM32L0xx_HAL_Driver/Src/stm32l0xx_hal_rcc_ex.o
 .debug_abbrev  0x0000000000000e27      0x240 Drivers/STM32L0xx_HAL_Driver/Src/stm32l0xx_hal_spi.o
 .debug_abbrev  0x0000000000001067      0x214 Drivers/STM32L0xx_HAL_Driver/Src/stm32l0xx_hal_uart.o
 .debug_abbrev  0x000000000000127b      0x494 Src/APDS9960.o
 .debug_abbrev  0x000000000000170f      0x2d5 Src/LedControl.o
 .debug_abbrev  0x00000000000019e4      0x3c1 Src/bar_graph.o
 .debug_abbrev  0x0000000000001da5      0x39c Src/dotstar.o
 .debug_abbrev  0x0000000000002141      0x134 Src/gpio.o
 .debug_abbrev  0x0000000000002275      0x199 Src/i2c.o
 .debug_abbrev  0x000000000000240e      0x385 Src/main.o
 .debug_abbrev  0x0000000000002793      0x1b7 Src/ring_effects.o
 .debug_abbrev  0x000000000000294a      0x18e Src/spi.o
 .debug_abbrev  0x0000000000002ad8       0xcc Src/stm32l0xx_hal_msp.o
 .debug_abbrev  0x0000000000002ba4       0xac Src/stm32l0xx_it.o
 .debug_abbrev  0x0000000000002c50      0x1bb Src/sysmem.o
 .debug_abbrev  0x0000000000002e0b      0x111 Src/system_stm32l0xx.o
 .debug_abbrev  0x0000000000002f1c      0x18e Src/usart.o
 .debug_abbrev  0x00000000000030aa       0x12 Startup/startup_stm32l052c8tx.o

.debug_aranges  0x0000000000000000      0xef0
 .debug_aranges
                0x0000000000000000       0xf8 Drivers/STM32L0xx_HAL_Driver/Src/stm32l0xx_hal.o
 .debug_aranges
                0x00000000000000f8       0xd8 Drivers/STM32L0xx_HAL_Driver/Src/stm32l0xx_hal_cortex.o
 .debug_aranges
                0x00000000000001d0       0x58 Drivers/STM32L0xx_HAL_Driver/Src/stm32l0xx_hal_gpio.o
 .debug_aranges
                0x0000000000000228      0x288 Drivers/STM32L0xx_HAL_Driver/Src/stm32l0xx_hal_i2c.o
 .debug_aranges
                0x00000000000004b0       0x48 Drivers/STM32L0xx_HAL_Driver/Src/stm32l0xx_hal_i2c_ex.o
 .debug_aranges
                0x00000000000004f8       0x80 Drivers/STM32L0xx_HAL_Driver/Src/stm32l0xx_hal_rcc.o
 .debug_aranges
                0x0000000000000578       0xb0 Drivers/STM32L0xx_HAL_Driver/Src/stm32l0xx_hal_rcc_ex.o
 .debug_aranges
                0x0000000000000628      0x1d0 Drivers/STM32L0xx_HAL_Driver/Src/stm32l0xx_hal_spi.o
 .debug_aranges
                0x00000000000007f8      0x1f8 Drivers/STM32L0xx_HAL_Driver/Src/stm32l0xx_hal_uart.o
 .debug_aranges
                0x00000000000009f0      0x1c8 Src/APDS9960.o
 .debug_aranges
                0x0000000000000bb8       0x68 Src/LedControl.o
 .debug_aranges
                0x0000000000000c20       0x38 Src/bar_graph.o
 .debug_aranges
                0x0000000000000c58       0xb0 Src/dotstar.o
 .debug_aranges
                0x0000000000000d08       0x20 Src/gpio.o
 .debug_aranges
                0x0000000000000d28       0x30 Src/i2c.o
 .debug_aranges
                0x0000000000000d58       0x40 Src/main.o
 .debug_aranges
                0x0000000000000d98       0x28 Src/ring_effects.o
 .debug_aranges
                0x0000000000000dc0       0x30 Src/spi.o
 .debug_aranges
                0x0000000000000df0       0x20 Src/stm32l0xx_hal_msp.o
 .debug_aranges
                0x0000000000000e10       0x40 Src/stm32l0xx_it.o
 .debug_aranges
                0x0000000000000e50       0x20 Src/sysmem.o
 .debug_aranges
                0x0000000000000e70       0x28 Src/system_stm32l0xx.o
 .debug_aranges
                0x0000000000000e98       0x30 Src/usart.o
 .debug_aranges
                0x0000000000000ec8       0x28 Startup/startup_stm32l052c8tx.o

.debug_ranges   0x0000000000000000      0xda8
 .debug_ranges  0x0000000000000000       0xe8 Drivers/STM32L0xx_HAL_Driver/Src/stm32l0xx_hal.o
 .debug_ranges  0x00000000000000e8       0xc8 Drivers/STM32L0xx_HAL_Driver/Src/stm32l0xx_hal_cortex.o
 .debug_ranges  0x00000000000001b0       0x48 Drivers/STM32L0xx_HAL_Driver/Src/stm32l0xx_hal_gpio.o
 .debug_ranges  0x00000000000001f8      0x278 Drivers/STM32L0xx_HAL_Driver/Src/stm32l0xx_hal_i2c.o
 .debug_ranges  0x0000000000000470       0x38 Drivers/STM32L0xx_HAL_Driver/Src/stm32l0xx_hal_i2c_ex.o
 .debug_ranges  0x00000000000004a8       0x70 Drivers/STM32L0xx_HAL_Driver/Src/stm32l0xx_hal_rcc.o
 .debug_ranges  0x0000000000000518       0xa0 Drivers/STM32L0xx_HAL_Driver/Src/stm32l0xx_hal_rcc_ex.o
 .debug_ranges  0x00000000000005b8      0x1c0 Drivers/STM32L0xx_HAL_Driver/Src/stm32l0xx_hal_spi.o
 .debug_ranges  0x0000000000000778      0x1e8 Drivers/STM32L0xx_HAL_Driver/Src/stm32l0xx_hal_uart.o
 .debug_ranges  0x0000000000000960      0x1b8 Src/APDS9960.o
 .debug_ranges  0x0000000000000b18       0x58 Src/LedControl.o
 .debug_ranges  0x0000000000000b70       0x28 Src/bar_graph.o
 .debug_ranges  0x0000000000000b98       0xa0 Src/dotstar.o
 .debug_ranges  0x0000000000000c38       0x10 Src/gpio.o
 .debug_ranges  0x0000000000000c48       0x20 Src/i2c.o
 .debug_ranges  0x0000000000000c68       0x60 Src/main.o
 .debug_ranges  0x0000000000000cc8       0x18 Src/ring_effects.o
 .debug_ranges  0x0000000000000ce0       0x20 Src/spi.o
 .debug_ranges  0x0000000000000d00       0x10 Src/stm32l0xx_hal_msp.o
 .debug_ranges  0x0000000000000d10       0x30 Src/stm32l0xx_it.o
 .debug_ranges  0x0000000000000d40       0x10 Src/sysmem.o
 .debug_ranges  0x0000000000000d50       0x18 Src/system_stm32l0xx.o
 .debug_ranges  0x0000000000000d68       0x20 Src/usart.o
 .debug_ranges  0x0000000000000d88       0x20 Startup/startup_stm32l052c8tx.o

.debug_macro    0x0000000000000000    0x1693b
 .debug_macro   0x0000000000000000      0x1d2 Drivers/STM32L0xx_HAL_Driver/Src/stm32l0xx_hal.o
 .debug_macro   0x00000000000001d2      0xa48 Drivers/STM32L0xx_HAL_Driver/Src/stm32l0xx_hal.o
 .debug_macro   0x0000000000000c1a       0xa1 Drivers/STM32L0xx_HAL_Driver/Src/stm32l0xx_hal.o
 .debug_macro   0x0000000000000cbb       0x2e Drivers/STM32L0xx_HAL_Driver/Src/stm32l0xx_hal.o
 .debug_macro   0x0000000000000ce9       0x28 Drivers/STM32L0xx_HAL_Driver/Src/stm32l0xx_hal.o
 .debug_macro   0x0000000000000d11       0x22 Drivers/STM32L0xx_HAL_Driver/Src/stm32l0xx_hal.o
 .debug_macro   0x0000000000000d33       0x8e Drivers/STM32L0xx_HAL_Driver/Src/stm32l0xx_hal.o
 .debug_macro   0x0000000000000dc1       0x51 Drivers/STM32L0xx_HAL_Driver/Src/stm32l0xx_hal.o
 .debug_macro   0x0000000000000e12       0xef Drivers/STM32L0xx_HAL_Driver/Src/stm32l0xx_hal.o
 .debug_macro   0x0000000000000f01       0x6a Drivers/STM32L0xx_HAL_Driver/Src/stm32l0xx_hal.o
 .debug_macro   0x0000000000000f6b      0x1df Drivers/STM32L0xx_HAL_Driver/Src/stm32l0xx_hal.o
 .debug_macro   0x000000000000114a       0x34 Drivers/STM32L0xx_HAL_Driver/Src/stm32l0xx_hal.o
 .debug_macro   0x000000000000117e       0x26 Drivers/STM32L0xx_HAL_Driver/Src/stm32l0xx_hal.o
 .debug_macro   0x00000000000011a4      0x44f Drivers/STM32L0xx_HAL_Driver/Src/stm32l0xx_hal.o
 .debug_macro   0x00000000000015f3     0x99d3 Drivers/STM32L0xx_HAL_Driver/Src/stm32l0xx_hal.o
 .debug_macro   0x000000000000afc6       0x3c Drivers/STM32L0xx_HAL_Driver/Src/stm32l0xx_hal.o
 .debug_macro   0x000000000000b002     0x352c Drivers/STM32L0xx_HAL_Driver/Src/stm32l0xx_hal.o
 .debug_macro   0x000000000000e52e      0x174 Drivers/STM32L0xx_HAL_Driver/Src/stm32l0xx_hal.o
 .debug_macro   0x000000000000e6a2       0x5b Drivers/STM32L0xx_HAL_Driver/Src/stm32l0xx_hal.o
 .debug_macro   0x000000000000e6fd      0x8d6 Drivers/STM32L0xx_HAL_Driver/Src/stm32l0xx_hal.o
 .debug_macro   0x000000000000efd3      0x970 Drivers/STM32L0xx_HAL_Driver/Src/stm32l0xx_hal.o
 .debug_macro   0x000000000000f943      0x13f Drivers/STM32L0xx_HAL_Driver/Src/stm32l0xx_hal.o
 .debug_macro   0x000000000000fa82      0x176 Drivers/STM32L0xx_HAL_Driver/Src/stm32l0xx_hal.o
 .debug_macro   0x000000000000fbf8      0x28e Drivers/STM32L0xx_HAL_Driver/Src/stm32l0xx_hal.o
 .debug_macro   0x000000000000fe86      0x1e9 Drivers/STM32L0xx_HAL_Driver/Src/stm32l0xx_hal.o
 .debug_macro   0x000000000001006f      0x129 Drivers/STM32L0xx_HAL_Driver/Src/stm32l0xx_hal.o
 .debug_macro   0x0000000000010198      0x2b4 Drivers/STM32L0xx_HAL_Driver/Src/stm32l0xx_hal.o
 .debug_macro   0x000000000001044c      0x22c Drivers/STM32L0xx_HAL_Driver/Src/stm32l0xx_hal.o
 .debug_macro   0x0000000000010678       0x5b Drivers/STM32L0xx_HAL_Driver/Src/stm32l0xx_hal.o
 .debug_macro   0x00000000000106d3       0xa5 Drivers/STM32L0xx_HAL_Driver/Src/stm32l0xx_hal.o
 .debug_macro   0x0000000000010778      0x187 Drivers/STM32L0xx_HAL_Driver/Src/stm32l0xx_hal.o
 .debug_macro   0x00000000000108ff       0x16 Drivers/STM32L0xx_HAL_Driver/Src/stm32l0xx_hal.o
 .debug_macro   0x0000000000010915      0x22c Drivers/STM32L0xx_HAL_Driver/Src/stm32l0xx_hal.o
 .debug_macro   0x0000000000010b41      0x57b Drivers/STM32L0xx_HAL_Driver/Src/stm32l0xx_hal.o
 .debug_macro   0x00000000000110bc       0x44 Drivers/STM32L0xx_HAL_Driver/Src/stm32l0xx_hal.o
 .debug_macro   0x0000000000011100      0x13d Drivers/STM32L0xx_HAL_Driver/Src/stm32l0xx_hal.o
 .debug_macro   0x000000000001123d      0x1ae Drivers/STM32L0xx_HAL_Driver/Src/stm32l0xx_hal_cortex.o
 .debug_macro   0x00000000000113eb      0x1e6 Drivers/STM32L0xx_HAL_Driver/Src/stm32l0xx_hal_gpio.o
 .debug_macro   0x00000000000115d1      0x273 Drivers/STM32L0xx_HAL_Driver/Src/stm32l0xx_hal_i2c.o
 .debug_macro   0x0000000000011844      0x1ae Drivers/STM32L0xx_HAL_Driver/Src/stm32l0xx_hal_i2c_ex.o
 .debug_macro   0x00000000000119f2      0x1d2 Drivers/STM32L0xx_HAL_Driver/Src/stm32l0xx_hal_rcc.o
 .debug_macro   0x0000000000011bc4      0x1ae Drivers/STM32L0xx_HAL_Driver/Src/stm32l0xx_hal_rcc_ex.o
 .debug_macro   0x0000000000011d72      0x1b6 Drivers/STM32L0xx_HAL_Driver/Src/stm32l0xx_hal_spi.o
 .debug_macro   0x0000000000011f28      0x1d9 Drivers/STM32L0xx_HAL_Driver/Src/stm32l0xx_hal_uart.o
 .debug_macro   0x0000000000012101      0x308 Src/APDS9960.o
 .debug_macro   0x0000000000012409      0xb1a Src/APDS9960.o
 .debug_macro   0x0000000000012f23      0x168 Src/APDS9960.o
 .debug_macro   0x000000000001308b       0x10 Src/APDS9960.o
 .debug_macro   0x000000000001309b      0x3ed Src/APDS9960.o
 .debug_macro   0x0000000000013488       0x18 Src/APDS9960.o
 .debug_macro   0x00000000000134a0       0x40 Src/APDS9960.o
 .debug_macro   0x00000000000134e0       0x18 Src/APDS9960.o
 .debug_macro   0x00000000000134f8       0x94 Src/APDS9960.o
 .debug_macro   0x000000000001358c       0x3c Src/APDS9960.o
 .debug_macro   0x00000000000135c8       0x34 Src/APDS9960.o
 .debug_macro   0x00000000000135fc      0x17b Src/APDS9960.o
 .debug_macro   0x0000000000013777       0x57 Src/APDS9960.o
 .debug_macro   0x00000000000137ce       0x52 Src/APDS9960.o
 .debug_macro   0x0000000000013820       0x1f Src/APDS9960.o
 .debug_macro   0x000000000001383f       0x43 Src/APDS9960.o
 .debug_macro   0x0000000000013882       0x20 Src/APDS9960.o
 .debug_macro   0x00000000000138a2      0x1a3 Src/APDS9960.o
 .debug_macro   0x0000000000013a45      0x353 Src/APDS9960.o
 .debug_macro   0x0000000000013d98      0x1da Src/APDS9960.o
 .debug_macro   0x0000000000013f72       0x10 Src/APDS9960.o
 .debug_macro   0x0000000000013f82       0x16 Src/APDS9960.o
 .debug_macro   0x0000000000013f98       0x35 Src/APDS9960.o
 .debug_macro   0x0000000000013fcd       0x16 Src/APDS9960.o
 .debug_macro   0x0000000000013fe3       0x29 Src/APDS9960.o
 .debug_macro   0x000000000001400c       0x10 Src/APDS9960.o
 .debug_macro   0x000000000001401c      0x3c7 Src/APDS9960.o
 .debug_macro   0x00000000000143e3       0x1c Src/APDS9960.o
 .debug_macro   0x00000000000143ff      0x44f Src/APDS9960.o
 .debug_macro   0x000000000001484e       0x55 Src/APDS9960.o
 .debug_macro   0x00000000000148a3      0x100 Src/APDS9960.o
 .debug_macro   0x00000000000149a3       0x2c Src/APDS9960.o
 .debug_macro   0x00000000000149cf      0x228 Src/LedControl.o
 .debug_macro   0x0000000000014bf7       0x3a Src/LedControl.o
 .debug_macro   0x0000000000014c31      0x309 Src/bar_graph.o
 .debug_macro   0x0000000000014f3a      0x106 Src/bar_graph.o
 .debug_macro   0x0000000000015040       0x46 Src/bar_graph.o
 .debug_macro   0x0000000000015086      0x2de Src/dotstar.o
 .debug_macro   0x0000000000015364       0x46 Src/dotstar.o
 .debug_macro   0x00000000000153aa       0x10 Src/dotstar.o
 .debug_macro   0x00000000000153ba       0x1c Src/dotstar.o
 .debug_macro   0x00000000000153d6       0xde Src/dotstar.o
 .debug_macro   0x00000000000154b4      0x1c7 Src/gpio.o
 .debug_macro   0x000000000001567b      0x1c7 Src/i2c.o
 .debug_macro   0x0000000000015842      0x222 Src/main.o
 .debug_macro   0x0000000000015a64       0x4c Src/main.o
 .debug_macro   0x0000000000015ab0      0x1c6 Src/ring_effects.o
 .debug_macro   0x0000000000015c76      0x1c7 Src/spi.o
 .debug_macro   0x0000000000015e3d      0x1bd Src/stm32l0xx_hal_msp.o
 .debug_macro   0x0000000000015ffa      0x1c7 Src/stm32l0xx_it.o
 .debug_macro   0x00000000000161c1      0x1ae Src/sysmem.o
 .debug_macro   0x000000000001636f      0x23b Src/sysmem.o
 .debug_macro   0x00000000000165aa       0x16 Src/sysmem.o
 .debug_macro   0x00000000000165c0      0x1b4 Src/system_stm32l0xx.o
 .debug_macro   0x0000000000016774      0x1c7 Src/usart.o

.debug_line     0x0000000000000000     0xe36b
 .debug_line    0x0000000000000000      0x894 Drivers/STM32L0xx_HAL_Driver/Src/stm32l0xx_hal.o
 .debug_line    0x0000000000000894      0x8c2 Drivers/STM32L0xx_HAL_Driver/Src/stm32l0xx_hal_cortex.o
 .debug_line    0x0000000000001156      0x815 Drivers/STM32L0xx_HAL_Driver/Src/stm32l0xx_hal_gpio.o
 .debug_line    0x000000000000196b     0x1a0b Drivers/STM32L0xx_HAL_Driver/Src/stm32l0xx_hal_i2c.o
 .debug_line    0x0000000000003376      0x7cd Drivers/STM32L0xx_HAL_Driver/Src/stm32l0xx_hal_i2c_ex.o
 .debug_line    0x0000000000003b43      0x945 Drivers/STM32L0xx_HAL_Driver/Src/stm32l0xx_hal_rcc.o
 .debug_line    0x0000000000004488      0x981 Drivers/STM32L0xx_HAL_Driver/Src/stm32l0xx_hal_rcc_ex.o
 .debug_line    0x0000000000004e09     0x1045 Drivers/STM32L0xx_HAL_Driver/Src/stm32l0xx_hal_spi.o
 .debug_line    0x0000000000005e4e     0x1148 Drivers/STM32L0xx_HAL_Driver/Src/stm32l0xx_hal_uart.o
 .debug_line    0x0000000000006f96     0x1001 Src/APDS9960.o
 .debug_line    0x0000000000007f97      0x839 Src/LedControl.o
 .debug_line    0x00000000000087d0      0xbc9 Src/bar_graph.o
 .debug_line    0x0000000000009399      0xc56 Src/dotstar.o
 .debug_line    0x0000000000009fef      0x696 Src/gpio.o
 .debug_line    0x000000000000a685      0x6bf Src/i2c.o
 .debug_line    0x000000000000ad44      0x80e Src/main.o
 .debug_line    0x000000000000b552      0x6e7 Src/ring_effects.o
 .debug_line    0x000000000000bc39      0x6b8 Src/spi.o
 .debug_line    0x000000000000c2f1      0x684 Src/stm32l0xx_hal_msp.o
 .debug_line    0x000000000000c975      0x6d8 Src/stm32l0xx_it.o
 .debug_line    0x000000000000d04d      0x52c Src/sysmem.o
 .debug_line    0x000000000000d579      0x6b3 Src/system_stm32l0xx.o
 .debug_line    0x000000000000dc2c      0x6ba Src/usart.o
 .debug_line    0x000000000000e2e6       0x85 Startup/startup_stm32l052c8tx.o

.debug_str      0x0000000000000000    0x7bd0c
 .debug_str     0x0000000000000000    0x6f880 Drivers/STM32L0xx_HAL_Driver/Src/stm32l0xx_hal.o
                                      0x6fcca (size before relaxing)
 .debug_str     0x000000000006f880      0x2ea Drivers/STM32L0xx_HAL_Driver/Src/stm32l0xx_hal_cortex.o
                                      0x6fb0d (size before relaxing)
 .debug_str     0x000000000006fb6a      0x2a6 Drivers/STM32L0xx_HAL_Driver/Src/stm32l0xx_hal_gpio.o
                                      0x6f984 (size before relaxing)
 .debug_str     0x000000000006fe10     0x1084 Drivers/STM32L0xx_HAL_Driver/Src/stm32l0xx_hal_i2c.o
                                      0x7089c (size before relaxing)
 .debug_str     0x0000000000070e94       0xbf Drivers/STM32L0xx_HAL_Driver/Src/stm32l0xx_hal_i2c_ex.o
                                      0x6fc3f (size before relaxing)
 .debug_str     0x0000000000070f53      0x373 Drivers/STM32L0xx_HAL_Driver/Src/stm32l0xx_hal_rcc.o
                                      0x6fb41 (size before relaxing)
 .debug_str     0x00000000000712c6      0x3fc Drivers/STM32L0xx_HAL_Driver/Src/stm32l0xx_hal_rcc_ex.o
                                      0x6fb4b (size before relaxing)
 .debug_str     0x00000000000716c2      0x6c5 Drivers/STM32L0xx_HAL_Driver/Src/stm32l0xx_hal_spi.o
                                      0x6ff31 (size before relaxing)
 .debug_str     0x0000000000071d87      0x91b Drivers/STM32L0xx_HAL_Driver/Src/stm32l0xx_hal_uart.o
                                      0x70299 (size before relaxing)
 .debug_str     0x00000000000726a2     0x70ff Src/APDS9960.o
                                      0x76c9b (size before relaxing)
 .debug_str     0x00000000000797a1      0x32c Src/LedControl.o
                                      0x705bc (size before relaxing)
 .debug_str     0x0000000000079acd      0x14f Src/bar_graph.o
                                      0x75a91 (size before relaxing)
 .debug_str     0x0000000000079c1c      0x59f Src/dotstar.o
                                      0x74c1e (size before relaxing)
 .debug_str     0x000000000007a1bb       0x2b Src/gpio.o
                                      0x6fad3 (size before relaxing)
 .debug_str     0x000000000007a1e6       0x24 Src/i2c.o
                                      0x6ff94 (size before relaxing)
 .debug_str     0x000000000007a20a      0x1e4 Src/main.o
                                      0x72291 (size before relaxing)
 .debug_str     0x000000000007a3ee       0xa7 Src/ring_effects.o
                                      0x6ff0f (size before relaxing)
 .debug_str     0x000000000007a495       0x24 Src/spi.o
                                      0x6fec3 (size before relaxing)
 .debug_str     0x000000000007a4b9       0x1b Src/stm32l0xx_hal_msp.o
                                      0x6fa31 (size before relaxing)
 .debug_str     0x000000000007a4d4       0x71 Src/stm32l0xx_it.o
                                      0x6f9e3 (size before relaxing)
 .debug_str     0x000000000007a545     0x1704 Src/sysmem.o
                                       0x7a59 (size before relaxing)
 .debug_str     0x000000000007bc49       0x64 Src/system_stm32l0xx.o
                                      0x6f6cf (size before relaxing)
 .debug_str     0x000000000007bcad       0x2e Src/usart.o
                                      0x6fed2 (size before relaxing)
 .debug_str     0x000000000007bcdb       0x31 Startup/startup_stm32l052c8tx.o
                                         0x80 (size before relaxing)

.comment        0x0000000000000000       0x7b
 .comment       0x0000000000000000       0x7b Drivers/STM32L0xx_HAL_Driver/Src/stm32l0xx_hal.o
                                         0x7c (size before relaxing)
 .comment       0x000000000000007b       0x7c Drivers/STM32L0xx_HAL_Driver/Src/stm32l0xx_hal_cortex.o
 .comment       0x000000000000007b       0x7c Drivers/STM32L0xx_HAL_Driver/Src/stm32l0xx_hal_gpio.o
 .comment       0x000000000000007b       0x7c Drivers/STM32L0xx_HAL_Driver/Src/stm32l0xx_hal_i2c.o
 .comment       0x000000000000007b       0x7c Drivers/STM32L0xx_HAL_Driver/Src/stm32l0xx_hal_i2c_ex.o
 .comment       0x000000000000007b       0x7c Drivers/STM32L0xx_HAL_Driver/Src/stm32l0xx_hal_rcc.o
 .comment       0x000000000000007b       0x7c Drivers/STM32L0xx_HAL_Driver/Src/stm32l0xx_hal_rcc_ex.o
 .comment       0x000000000000007b       0x7c Drivers/STM32L0xx_HAL_Driver/Src/stm32l0xx_hal_spi.o
 .comment       0x000000000000007b       0x7c Drivers/STM32L0xx_HAL_Driver/Src/stm32l0xx_hal_uart.o
 .comment       0x000000000000007b       0x7c Src/APDS9960.o
 .comment       0x000000000000007b       0x7c Src/LedControl.o
 .comment       0x000000000000007b       0x7c Src/bar_graph.o
 .comment       0x000000000000007b       0x7c Src/dotstar.o
 .comment       0x000000000000007b       0x7c Src/gpio.o
 .comment       0x000000000000007b       0x7c Src/i2c.o
 .comment       0x000000000000007b       0x7c Src/main.o
 .comment       0x000000000000007b       0x7c Src/ring_effects.o
 .comment       0x000000000000007b       0x7c Src/spi.o
 .comment       0x000000000000007b       0x7c Src/stm32l0xx_hal_msp.o
 .comment       0x000000000000007b       0x7c Src/stm32l0xx_it.o
 .comment       0x000000000000007b       0x7c Src/sysmem.o
 .comment       0x000000000000007b       0x7c Src/system_stm32l0xx.o
 .comment       0x000000000000007b       0x7c Src/usart.o

.debug_frame    0x0000000000000000     0x37d8
 .debug_frame   0x0000000000000000      0x338 Drivers/STM32L0xx_HAL_Driver/Src/stm32l0xx_hal.o
 .debug_frame   0x0000000000000338      0x2fc Drivers/STM32L0xx_HAL_Driver/Src/stm32l0xx_hal_cortex.o
 .debug_frame   0x0000000000000634      0x110 Drivers/STM32L0xx_HAL_Driver/Src/stm32l0xx_hal_gpio.o
 .debug_frame   0x0000000000000744      0xa00 Drivers/STM32L0xx_HAL_Driver/Src/stm32l0xx_hal_i2c.o
 .debug_frame   0x0000000000001144       0xd0 Drivers/STM32L0xx_HAL_Driver/Src/stm32l0xx_hal_i2c_ex.o
 .debug_frame   0x0000000000001214      0x1a4 Drivers/STM32L0xx_HAL_Driver/Src/stm32l0xx_hal_rcc.o
 .debug_frame   0x00000000000013b8      0x244 Drivers/STM32L0xx_HAL_Driver/Src/stm32l0xx_hal_rcc_ex.o
 .debug_frame   0x00000000000015fc      0x6f0 Drivers/STM32L0xx_HAL_Driver/Src/stm32l0xx_hal_spi.o
 .debug_frame   0x0000000000001cec      0x794 Drivers/STM32L0xx_HAL_Driver/Src/stm32l0xx_hal_uart.o
 .debug_frame   0x0000000000002480      0x6e4 Src/APDS9960.o
 .debug_frame   0x0000000000002b64      0x150 Src/LedControl.o
 .debug_frame   0x0000000000002cb4       0x94 Src/bar_graph.o
 .debug_frame   0x0000000000002d48      0x270 Src/dotstar.o
 .debug_frame   0x0000000000002fb8       0x30 Src/gpio.o
 .debug_frame   0x0000000000002fe8       0x6c Src/i2c.o
 .debug_frame   0x0000000000003054       0xb4 Src/main.o
 .debug_frame   0x0000000000003108       0x58 Src/ring_effects.o
 .debug_frame   0x0000000000003160       0x6c Src/spi.o
 .debug_frame   0x00000000000031cc       0x2c Src/stm32l0xx_hal_msp.o
 .debug_frame   0x00000000000031f8       0x9c Src/stm32l0xx_it.o
 .debug_frame   0x0000000000003294       0x30 Src/sysmem.o
 .debug_frame   0x00000000000032c4       0x4c Src/system_stm32l0xx.o
 .debug_frame   0x0000000000003310       0x6c Src/usart.o
 .debug_frame   0x000000000000337c       0x20 /opt/st/stm32cubeide_1.1.0/plugins/com.st.stm32cube.ide.mcu.externaltools.gnu-tools-for-stm32.7-2018-q2-update.linux64_1.0.0.201904181610/tools/bin/../lib/gcc/arm-none-eabi/7.3.1/../../../../arm-none-eabi/lib/thumb/v6-m/libc_nano.a(lib_a-errno.o)
 .debug_frame   0x000000000000339c       0x2c /opt/st/stm32cubeide_1.1.0/plugins/com.st.stm32cube.ide.mcu.externaltools.gnu-tools-for-stm32.7-2018-q2-update.linux64_1.0.0.201904181610/tools/bin/../lib/gcc/arm-none-eabi/7.3.1/../../../../arm-none-eabi/lib/thumb/v6-m/libc_nano.a(lib_a-init.o)
 .debug_frame   0x00000000000033c8       0x40 /opt/st/stm32cubeide_1.1.0/plugins/com.st.stm32cube.ide.mcu.externaltools.gnu-tools-for-stm32.7-2018-q2-update.linux64_1.0.0.201904181610/tools/bin/../lib/gcc/arm-none-eabi/7.3.1/../../../../arm-none-eabi/lib/thumb/v6-m/libc_nano.a(lib_a-malloc.o)
 .debug_frame   0x0000000000003408       0x20 /opt/st/stm32cubeide_1.1.0/plugins/com.st.stm32cube.ide.mcu.externaltools.gnu-tools-for-stm32.7-2018-q2-update.linux64_1.0.0.201904181610/tools/bin/../lib/gcc/arm-none-eabi/7.3.1/../../../../arm-none-eabi/lib/thumb/v6-m/libc_nano.a(lib_a-memset.o)
 .debug_frame   0x0000000000003428       0x2c /opt/st/stm32cubeide_1.1.0/plugins/com.st.stm32cube.ide.mcu.externaltools.gnu-tools-for-stm32.7-2018-q2-update.linux64_1.0.0.201904181610/tools/bin/../lib/gcc/arm-none-eabi/7.3.1/../../../../arm-none-eabi/lib/thumb/v6-m/libc_nano.a(lib_a-nano-mallocr.o)
 .debug_frame   0x0000000000003454       0x2c /opt/st/stm32cubeide_1.1.0/plugins/com.st.stm32cube.ide.mcu.externaltools.gnu-tools-for-stm32.7-2018-q2-update.linux64_1.0.0.201904181610/tools/bin/../lib/gcc/arm-none-eabi/7.3.1/../../../../arm-none-eabi/lib/thumb/v6-m/libc_nano.a(lib_a-sbrkr.o)
 .debug_frame   0x0000000000003480       0x30 /opt/st/stm32cubeide_1.1.0/plugins/com.st.stm32cube.ide.mcu.externaltools.gnu-tools-for-stm32.7-2018-q2-update.linux64_1.0.0.201904181610/tools/bin/../lib/gcc/arm-none-eabi/7.3.1/../../../../arm-none-eabi/lib/thumb/v6-m/libc_nano.a(lib_a-mlock.o)
 .debug_frame   0x00000000000034b0       0x48 /opt/st/stm32cubeide_1.1.0/plugins/com.st.stm32cube.ide.mcu.externaltools.gnu-tools-for-stm32.7-2018-q2-update.linux64_1.0.0.201904181610/tools/bin/../lib/gcc/arm-none-eabi/7.3.1/../../../../arm-none-eabi/lib/thumb/v6-m/libc_nano.a(lib_a-reent.o)
 .debug_frame   0x00000000000034f8       0x20 /opt/st/stm32cubeide_1.1.0/plugins/com.st.stm32cube.ide.mcu.externaltools.gnu-tools-for-stm32.7-2018-q2-update.linux64_1.0.0.201904181610/tools/bin/../lib/gcc/arm-none-eabi/7.3.1/thumb/v6-m/libgcc.a(_udivsi3.o)
 .debug_frame   0x0000000000003518       0x28 /opt/st/stm32cubeide_1.1.0/plugins/com.st.stm32cube.ide.mcu.externaltools.gnu-tools-for-stm32.7-2018-q2-update.linux64_1.0.0.201904181610/tools/bin/../lib/gcc/arm-none-eabi/7.3.1/thumb/v6-m/libgcc.a(_fixunssfsi.o)
 .debug_frame   0x0000000000003540       0x3c /opt/st/stm32cubeide_1.1.0/plugins/com.st.stm32cube.ide.mcu.externaltools.gnu-tools-for-stm32.7-2018-q2-update.linux64_1.0.0.201904181610/tools/bin/../lib/gcc/arm-none-eabi/7.3.1/thumb/v6-m/libgcc.a(_udivmoddi4.o)
 .debug_frame   0x000000000000357c       0x2c /opt/st/stm32cubeide_1.1.0/plugins/com.st.stm32cube.ide.mcu.externaltools.gnu-tools-for-stm32.7-2018-q2-update.linux64_1.0.0.201904181610/tools/bin/../lib/gcc/arm-none-eabi/7.3.1/thumb/v6-m/libgcc.a(eqsf2.o)
 .debug_frame   0x00000000000035a8       0x2c /opt/st/stm32cubeide_1.1.0/plugins/com.st.stm32cube.ide.mcu.externaltools.gnu-tools-for-stm32.7-2018-q2-update.linux64_1.0.0.201904181610/tools/bin/../lib/gcc/arm-none-eabi/7.3.1/thumb/v6-m/libgcc.a(gesf2.o)
 .debug_frame   0x00000000000035d4       0x2c /opt/st/stm32cubeide_1.1.0/plugins/com.st.stm32cube.ide.mcu.externaltools.gnu-tools-for-stm32.7-2018-q2-update.linux64_1.0.0.201904181610/tools/bin/../lib/gcc/arm-none-eabi/7.3.1/thumb/v6-m/libgcc.a(lesf2.o)
 .debug_frame   0x0000000000003600       0x38 /opt/st/stm32cubeide_1.1.0/plugins/com.st.stm32cube.ide.mcu.externaltools.gnu-tools-for-stm32.7-2018-q2-update.linux64_1.0.0.201904181610/tools/bin/../lib/gcc/arm-none-eabi/7.3.1/thumb/v6-m/libgcc.a(subsf3.o)
 .debug_frame   0x0000000000003638       0x20 /opt/st/stm32cubeide_1.1.0/plugins/com.st.stm32cube.ide.mcu.externaltools.gnu-tools-for-stm32.7-2018-q2-update.linux64_1.0.0.201904181610/tools/bin/../lib/gcc/arm-none-eabi/7.3.1/thumb/v6-m/libgcc.a(fixsfsi.o)
 .debug_frame   0x0000000000003658       0x2c /opt/st/stm32cubeide_1.1.0/plugins/com.st.stm32cube.ide.mcu.externaltools.gnu-tools-for-stm32.7-2018-q2-update.linux64_1.0.0.201904181610/tools/bin/../lib/gcc/arm-none-eabi/7.3.1/thumb/v6-m/libgcc.a(floatunsisf.o)
 .debug_frame   0x0000000000003684       0x3c /opt/st/stm32cubeide_1.1.0/plugins/com.st.stm32cube.ide.mcu.externaltools.gnu-tools-for-stm32.7-2018-q2-update.linux64_1.0.0.201904181610/tools/bin/../lib/gcc/arm-none-eabi/7.3.1/thumb/v6-m/libgcc.a(divdf3.o)
 .debug_frame   0x00000000000036c0       0x3c /opt/st/stm32cubeide_1.1.0/plugins/com.st.stm32cube.ide.mcu.externaltools.gnu-tools-for-stm32.7-2018-q2-update.linux64_1.0.0.201904181610/tools/bin/../lib/gcc/arm-none-eabi/7.3.1/thumb/v6-m/libgcc.a(muldf3.o)
 .debug_frame   0x00000000000036fc       0x2c /opt/st/stm32cubeide_1.1.0/plugins/com.st.stm32cube.ide.mcu.externaltools.gnu-tools-for-stm32.7-2018-q2-update.linux64_1.0.0.201904181610/tools/bin/../lib/gcc/arm-none-eabi/7.3.1/thumb/v6-m/libgcc.a(fixdfsi.o)
 .debug_frame   0x0000000000003728       0x2c /opt/st/stm32cubeide_1.1.0/plugins/com.st.stm32cube.ide.mcu.externaltools.gnu-tools-for-stm32.7-2018-q2-update.linux64_1.0.0.201904181610/tools/bin/../lib/gcc/arm-none-eabi/7.3.1/thumb/v6-m/libgcc.a(floatsidf.o)
 .debug_frame   0x0000000000003754       0x28 /opt/st/stm32cubeide_1.1.0/plugins/com.st.stm32cube.ide.mcu.externaltools.gnu-tools-for-stm32.7-2018-q2-update.linux64_1.0.0.201904181610/tools/bin/../lib/gcc/arm-none-eabi/7.3.1/thumb/v6-m/libgcc.a(floatunsidf.o)
 .debug_frame   0x000000000000377c       0x2c /opt/st/stm32cubeide_1.1.0/plugins/com.st.stm32cube.ide.mcu.externaltools.gnu-tools-for-stm32.7-2018-q2-update.linux64_1.0.0.201904181610/tools/bin/../lib/gcc/arm-none-eabi/7.3.1/thumb/v6-m/libgcc.a(extendsfdf2.o)
 .debug_frame   0x00000000000037a8       0x30 /opt/st/stm32cubeide_1.1.0/plugins/com.st.stm32cube.ide.mcu.externaltools.gnu-tools-for-stm32.7-2018-q2-update.linux64_1.0.0.201904181610/tools/bin/../lib/gcc/arm-none-eabi/7.3.1/thumb/v6-m/libgcc.a(truncdfsf2.o)