Archive member included to satisfy reference by file (symbol)

c:/st/stm32cubeide_1.2.0/stm32cubeide/plugins/com.st.stm32cube.ide.mcu.externaltools.gnu-tools-for-stm32.7-2018-q2-update.win32_1.0.0.201904181610/tools/bin/../lib/gcc/arm-none-eabi/7.3.1/../../../../arm-none-eabi/lib/thumb/v6-m\libc_nano.a(lib_a-errno.o)
                              Src/syscalls.o (__errno)
c:/st/stm32cubeide_1.2.0/stm32cubeide/plugins/com.st.stm32cube.ide.mcu.externaltools.gnu-tools-for-stm32.7-2018-q2-update.win32_1.0.0.201904181610/tools/bin/../lib/gcc/arm-none-eabi/7.3.1/../../../../arm-none-eabi/lib/thumb/v6-m\libc_nano.a(lib_a-exit.o)
                              c:/st/stm32cubeide_1.2.0/stm32cubeide/plugins/com.st.stm32cube.ide.mcu.externaltools.gnu-tools-for-stm32.7-2018-q2-update.win32_1.0.0.201904181610/tools/bin/../lib/gcc/arm-none-eabi/7.3.1/../../../../arm-none-eabi/lib/thumb/v6-m/crt0.o (exit)
c:/st/stm32cubeide_1.2.0/stm32cubeide/plugins/com.st.stm32cube.ide.mcu.externaltools.gnu-tools-for-stm32.7-2018-q2-update.win32_1.0.0.201904181610/tools/bin/../lib/gcc/arm-none-eabi/7.3.1/../../../../arm-none-eabi/lib/thumb/v6-m\libc_nano.a(lib_a-impure.o)
                              c:/st/stm32cubeide_1.2.0/stm32cubeide/plugins/com.st.stm32cube.ide.mcu.externaltools.gnu-tools-for-stm32.7-2018-q2-update.win32_1.0.0.201904181610/tools/bin/../lib/gcc/arm-none-eabi/7.3.1/../../../../arm-none-eabi/lib/thumb/v6-m\libc_nano.a(lib_a-exit.o) (_global_impure_ptr)
c:/st/stm32cubeide_1.2.0/stm32cubeide/plugins/com.st.stm32cube.ide.mcu.externaltools.gnu-tools-for-stm32.7-2018-q2-update.win32_1.0.0.201904181610/tools/bin/../lib/gcc/arm-none-eabi/7.3.1/../../../../arm-none-eabi/lib/thumb/v6-m\libc_nano.a(lib_a-init.o)
                              c:/st/stm32cubeide_1.2.0/stm32cubeide/plugins/com.st.stm32cube.ide.mcu.externaltools.gnu-tools-for-stm32.7-2018-q2-update.win32_1.0.0.201904181610/tools/bin/../lib/gcc/arm-none-eabi/7.3.1/../../../../arm-none-eabi/lib/thumb/v6-m/crt0.o (__libc_init_array)
c:/st/stm32cubeide_1.2.0/stm32cubeide/plugins/com.st.stm32cube.ide.mcu.externaltools.gnu-tools-for-stm32.7-2018-q2-update.win32_1.0.0.201904181610/tools/bin/../lib/gcc/arm-none-eabi/7.3.1/../../../../arm-none-eabi/lib/thumb/v6-m\libc_nano.a(lib_a-malloc.o)
                              Src/dotstar.o (malloc)
c:/st/stm32cubeide_1.2.0/stm32cubeide/plugins/com.st.stm32cube.ide.mcu.externaltools.gnu-tools-for-stm32.7-2018-q2-update.win32_1.0.0.201904181610/tools/bin/../lib/gcc/arm-none-eabi/7.3.1/../../../../arm-none-eabi/lib/thumb/v6-m\libc_nano.a(lib_a-memset.o)
                              c:/st/stm32cubeide_1.2.0/stm32cubeide/plugins/com.st.stm32cube.ide.mcu.externaltools.gnu-tools-for-stm32.7-2018-q2-update.win32_1.0.0.201904181610/tools/bin/../lib/gcc/arm-none-eabi/7.3.1/../../../../arm-none-eabi/lib/thumb/v6-m/crt0.o (memset)
c:/st/stm32cubeide_1.2.0/stm32cubeide/plugins/com.st.stm32cube.ide.mcu.externaltools.gnu-tools-for-stm32.7-2018-q2-update.win32_1.0.0.201904181610/tools/bin/../lib/gcc/arm-none-eabi/7.3.1/../../../../arm-none-eabi/lib/thumb/v6-m\libc_nano.a(lib_a-nano-freer.o)
                              c:/st/stm32cubeide_1.2.0/stm32cubeide/plugins/com.st.stm32cube.ide.mcu.externaltools.gnu-tools-for-stm32.7-2018-q2-update.win32_1.0.0.201904181610/tools/bin/../lib/gcc/arm-none-eabi/7.3.1/../../../../arm-none-eabi/lib/thumb/v6-m\libc_nano.a(lib_a-malloc.o) (_free_r)
c:/st/stm32cubeide_1.2.0/stm32cubeide/plugins/com.st.stm32cube.ide.mcu.externaltools.gnu-tools-for-stm32.7-2018-q2-update.win32_1.0.0.201904181610/tools/bin/../lib/gcc/arm-none-eabi/7.3.1/../../../../arm-none-eabi/lib/thumb/v6-m\libc_nano.a(lib_a-nano-mallocr.o)
                              c:/st/stm32cubeide_1.2.0/stm32cubeide/plugins/com.st.stm32cube.ide.mcu.externaltools.gnu-tools-for-stm32.7-2018-q2-update.win32_1.0.0.201904181610/tools/bin/../lib/gcc/arm-none-eabi/7.3.1/../../../../arm-none-eabi/lib/thumb/v6-m\libc_nano.a(lib_a-malloc.o) (_malloc_r)
c:/st/stm32cubeide_1.2.0/stm32cubeide/plugins/com.st.stm32cube.ide.mcu.externaltools.gnu-tools-for-stm32.7-2018-q2-update.win32_1.0.0.201904181610/tools/bin/../lib/gcc/arm-none-eabi/7.3.1/../../../../arm-none-eabi/lib/thumb/v6-m\libc_nano.a(lib_a-sbrkr.o)
                              c:/st/stm32cubeide_1.2.0/stm32cubeide/plugins/com.st.stm32cube.ide.mcu.externaltools.gnu-tools-for-stm32.7-2018-q2-update.win32_1.0.0.201904181610/tools/bin/../lib/gcc/arm-none-eabi/7.3.1/../../../../arm-none-eabi/lib/thumb/v6-m\libc_nano.a(lib_a-nano-mallocr.o) (_sbrk_r)
c:/st/stm32cubeide_1.2.0/stm32cubeide/plugins/com.st.stm32cube.ide.mcu.externaltools.gnu-tools-for-stm32.7-2018-q2-update.win32_1.0.0.201904181610/tools/bin/../lib/gcc/arm-none-eabi/7.3.1/../../../../arm-none-eabi/lib/thumb/v6-m\libc_nano.a(lib_a-mlock.o)
[...]
Memory Configuration

Name             Origin             Length             Attributes
FLASH            0x0000000008000000 0x0000000000010000 xr
RAM              0x0000000020000000 0x0000000000002000 xrw
*default*        0x0000000000000000 0xffffffffffffffff

Linker script and memory map

LOAD c:/st/stm32cubeide_1.2.0/stm32cubeide/plugins/com.st.stm32cube.ide.mcu.externaltools.gnu-tools-for-stm32.7-2018-q2-update.win32_1.0.0.201904181610/tools/bin/../lib/gcc/arm-none-eabi/7.3.1/thumb/v6-m/crti.o
LOAD c:/st/stm32cubeide_1.2.0/stm32cubeide/plugins/com.st.stm32cube.ide.mcu.externaltools.gnu-tools-for-stm32.7-2018-q2-update.win32_1.0.0.201904181610/tools/bin/../lib/gcc/arm-none-eabi/7.3.1/thumb/v6-m/crtbegin.o
LOAD c:/st/stm32cubeide_1.2.0/stm32cubeide/plugins/com.st.stm32cube.ide.mcu.externaltools.gnu-tools-for-stm32.7-2018-q2-update.win32_1.0.0.201904181610/tools/bin/../lib/gcc/arm-none-eabi/7.3.1/../../../../arm-none-eabi/lib/thumb/v6-m/crt0.o
LOAD Drivers/STM32L0xx_HAL_Driver/Src/stm32l0xx_hal.o
LOAD Drivers/STM32L0xx_HAL_Driver/Src/stm32l0xx_hal_cortex.o
LOAD Drivers/STM32L0xx_HAL_Driver/Src/stm32l0xx_hal_dma.o
LOAD Drivers/STM32L0xx_HAL_Driver/Src/stm32l0xx_hal_flash.o
LOAD Drivers/STM32L0xx_HAL_Driver/Src/stm32l0xx_hal_flash_ex.o
LOAD Drivers/STM32L0xx_HAL_Driver/Src/stm32l0xx_hal_flash_ramfunc.o
LOAD Drivers/STM32L0xx_HAL_Driver/Src/stm32l0xx_hal_gpio.o
LOAD Drivers/STM32L0xx_HAL_Driver/Src/stm32l0xx_hal_i2c.o
LOAD Drivers/STM32L0xx_HAL_Driver/Src/stm32l0xx_hal_i2c_ex.o
LOAD Drivers/STM32L0xx_HAL_Driver/Src/stm32l0xx_hal_pwr.o
LOAD Drivers/STM32L0xx_HAL_Driver/Src/stm32l0xx_hal_pwr_ex.o
LOAD Drivers/STM32L0xx_HAL_Driver/Src/stm32l0xx_hal_rcc.o
LOAD Drivers/STM32L0xx_HAL_Driver/Src/stm32l0xx_hal_rcc_ex.o
LOAD Drivers/STM32L0xx_HAL_Driver/Src/stm32l0xx_hal_rng.o
LOAD Drivers/STM32L0xx_HAL_Driver/Src/stm32l0xx_hal_spi.o
LOAD Drivers/STM32L0xx_HAL_Driver/Src/stm32l0xx_hal_tim.o
LOAD Drivers/STM32L0xx_HAL_Driver/Src/stm32l0xx_hal_tim_ex.o
LOAD Drivers/STM32L0xx_HAL_Driver/Src/stm32l0xx_hal_uart.o
LOAD Drivers/STM32L0xx_HAL_Driver/Src/stm32l0xx_hal_uart_ex.o
LOAD Src/APDS9960.o
LOAD Src/LedControl.o
LOAD Src/bar_graph.o
LOAD Src/dotstar.o
LOAD Src/gpio.o
LOAD Src/i2c.o
LOAD Src/light_control_funcs.o
LOAD Src/main.o
LOAD Src/ring_effects.o
LOAD Src/rng.o
LOAD Src/spi.o
LOAD Src/stm32l0xx_hal_msp.o
LOAD Src/stm32l0xx_it.o
LOAD Src/syscalls.o
LOAD Src/sysmem.o
LOAD Src/system_stm32l0xx.o
LOAD Src/usart.o
LOAD Startup/startup_stm32l052c8tx.o
START GROUP
LOAD c:/st/stm32cubeide_1.2.0/stm32cubeide/plugins/com.st.stm32cube.ide.mcu.externaltools.gnu-tools-for-stm32.7-2018-q2-update.win32_1.0.0.201904181610/tools/bin/../lib/gcc/arm-none-eabi/7.3.1/../../../../arm-none-eabi/lib/thumb/v6-m\libstdc++_nano.a
LOAD c:/st/stm32cubeide_1.2.0/stm32cubeide/plugins/com.st.stm32cube.ide.mcu.externaltools.gnu-tools-for-stm32.7-2018-q2-update.win32_1.0.0.201904181610/tools/bin/../lib/gcc/arm-none-eabi/7.3.1/../../../../arm-none-eabi/lib/thumb/v6-m\libsupc++_nano.a
END GROUP
LOAD c:/st/stm32cubeide_1.2.0/stm32cubeide/plugins/com.st.stm32cube.ide.mcu.externaltools.gnu-tools-for-stm32.7-2018-q2-update.win32_1.0.0.201904181610/tools/bin/../lib/gcc/arm-none-eabi/7.3.1/../../../../arm-none-eabi/lib/thumb/v6-m\libstdc++_nano.a
LOAD c:/st/stm32cubeide_1.2.0/stm32cubeide/plugins/com.st.stm32cube.ide.mcu.externaltools.gnu-tools-for-stm32.7-2018-q2-update.win32_1.0.0.201904181610/tools/bin/../lib/gcc/arm-none-eabi/7.3.1/../../../../arm-none-eabi/lib/thumb/v6-m\libm.a
LOAD c:/st/stm32cubeide_1.2.0/stm32cubeide/plugins/com.st.stm32cube.ide.mcu.externaltools.gnu-tools-for-stm32.7-2018-q2-update.win32_1.0.0.201904181610/tools/bin/../lib/gcc/arm-none-eabi/7.3.1/../../../../arm-none-eabi/lib/thumb/v6-m\libc_nano.a
START GROUP
LOAD c:/st/stm32cubeide_1.2.0/stm32cubeide/plugins/com.st.stm32cube.ide.mcu.externaltools.gnu-tools-for-stm32.7-2018-q2-update.win32_1.0.0.201904181610/tools/bin/../lib/gcc/arm-none-eabi/7.3.1/thumb/v6-m\libgcc.a
LOAD c:/st/stm32cubeide_1.2.0/stm32cubeide/plugins/com.st.stm32cube.ide.mcu.externaltools.gnu-tools-for-stm32.7-2018-q2-update.win32_1.0.0.201904181610/tools/bin/../lib/gcc/arm-none-eabi/7.3.1/../../../../arm-none-eabi/lib/thumb/v6-m\libc_nano.a
END GROUP
START GROUP
LOAD c:/st/stm32cubeide_1.2.0/stm32cubeide/plugins/com.st.stm32cube.ide.mcu.externaltools.gnu-tools-for-stm32.7-2018-q2-update.win32_1.0.0.201904181610/tools/bin/../lib/gcc/arm-none-eabi/7.3.1/thumb/v6-m\libgcc.a
LOAD c:/st/stm32cubeide_1.2.0/stm32cubeide/plugins/com.st.stm32cube.ide.mcu.externaltools.gnu-tools-for-stm32.7-2018-q2-update.win32_1.0.0.201904181610/tools/bin/../lib/gcc/arm-none-eabi/7.3.1/../../../../arm-none-eabi/lib/thumb/v6-m\libc_nano.a
LOAD c:/st/stm32cubeide_1.2.0/stm32cubeide/plugins/com.st.stm32cube.ide.mcu.externaltools.gnu-tools-for-stm32.7-2018-q2-update.win32_1.0.0.201904181610/tools/bin/../lib/gcc/arm-none-eabi/7.3.1/../../../../arm-none-eabi/lib/thumb/v6-m\libnosys.a
END GROUP
START GROUP
LOAD c:/st/stm32cubeide_1.2.0/stm32cubeide/plugins/com.st.stm32cube.ide.mcu.externaltools.gnu-tools-for-stm32.7-2018-q2-update.win32_1.0.0.201904181610/tools/bin/../lib/gcc/arm-none-eabi/7.3.1/thumb/v6-m\libgcc.a
LOAD c:/st/stm32cubeide_1.2.0/stm32cubeide/plugins/com.st.stm32cube.ide.mcu.externaltools.gnu-tools-for-stm32.7-2018-q2-update.win32_1.0.0.201904181610/tools/bin/../lib/gcc/arm-none-eabi/7.3.1/../../../../arm-none-eabi/lib/thumb/v6-m\libc_nano.a
LOAD c:/st/stm32cubeide_1.2.0/stm32cubeide/plugins/com.st.stm32cube.ide.mcu.externaltools.gnu-tools-for-stm32.7-2018-q2-update.win32_1.0.0.201904181610/tools/bin/../lib/gcc/arm-none-eabi/7.3.1/../../../../arm-none-eabi/lib/thumb/v6-m\libnosys.a
END GROUP
LOAD c:/st/stm32cubeide_1.2.0/stm32cubeide/plugins/com.st.stm32cube.ide.mcu.externaltools.gnu-tools-for-stm32.7-2018-q2-update.win32_1.0.0.201904181610/tools/bin/../lib/gcc/arm-none-eabi/7.3.1/thumb/v6-m/crtend.o
LOAD c:/st/stm32cubeide_1.2.0/stm32cubeide/plugins/com.st.stm32cube.ide.mcu.externaltools.gnu-tools-for-stm32.7-2018-q2-update.win32_1.0.0.201904181610/tools/bin/../lib/gcc/arm-none-eabi/7.3.1/thumb/v6-m/crtn.o
                0x0000000020001fff                _estack = 0x20001fff
                0x0000000000000200                _Min_Heap_Size = 0x200
                0x0000000000000400                _Min_Stack_Size = 0x400

.isr_vector     0x0000000008000000       0xc0
                0x0000000008000000                . = ALIGN (0x4)
 *(.isr_vector)
 .isr_vector    0x0000000008000000       0xc0 Startup/startup_stm32l052c8tx.o
                0x0000000008000000                g_pfnVectors
                0x00000000080000c0                . = ALIGN (0x4)

.text           0x00000000080000c0     0x812c
                0x00000000080000c0                . = ALIGN (0x4)
 *(.text)
 .text          0x00000000080000c0       0x48 c:/st/stm32cubeide_1.2.0/stm32cubeide/plugins/com.st.stm32cube.ide.mcu.externaltools.gnu-tools-for-stm32.7-2018-q2-update.win32_1.0.0.201904181610/tools/bin/../lib/gcc/arm-none-eabi/7.3.1/thumb/v6-m/crtbegin.o
 .text          0x0000000008000108      0x114 c:/st/stm32cubeide_1.2.0/stm32cubeide/plugins/com.st.stm32cube.ide.mcu.externaltools.gnu-tools-for-stm32.7-2018-q2-update.win32_1.0.0.201904181610/tools/bin/../lib/gcc/arm-none-eabi/7.3.1/thumb/v6-m\libgcc.a(_udivsi3.o)
                0x0000000008000108                __aeabi_uidiv
                0x0000000008000108                __udivsi3
                0x0000000008000214                __aeabi_uidivmod
 .text          0x000000000800021c        0x4 c:/st/stm32cubeide_1.2.0/stm32cubeide/plugins/com.st.stm32cube.ide.mcu.externaltools.gnu-tools-for-stm32.7-2018-q2-update.win32_1.0.0.201904181610/tools/bin/../lib/gcc/arm-none-eabi/7.3.1/thumb/v6-m\libgcc.a(_dvmd_tls.o)
                0x000000000800021c                __aeabi_idiv0
                0x000000000800021c                __aeabi_ldiv0
 .text          0x0000000008000220       0x74 c:/st/stm32cubeide_1.2.0/stm32cubeide/plugins/com.st.stm32cube.ide.mcu.externaltools.gnu-tools-for-stm32.7-2018-q2-update.win32_1.0.0.201904181610/tools/bin/../lib/gcc/arm-none-eabi/7.3.1/thumb/v6-m\libgcc.a(_arm_cmpsf2.o)
                0x0000000008000220                __aeabi_cfrcmple
                0x0000000008000228                __aeabi_cfcmpeq
                0x0000000008000228                __aeabi_cfcmple
                0x0000000008000238                __aeabi_fcmpeq
                0x0000000008000244                __aeabi_fcmplt
                0x0000000008000258                __aeabi_fcmple
                0x000000000800026c                __aeabi_fcmpgt
                0x0000000008000280                __aeabi_fcmpge
 .text          0x0000000008000294       0x40 c:/st/stm32cubeide_1.2.0/stm32cubeide/plugins/com.st.stm32cube.ide.mcu.externaltools.gnu-tools-for-stm32.7-2018-q2-update.win32_1.0.0.201904181610/tools/bin/../lib/gcc/arm-none-eabi/7.3.1/thumb/v6-m\libgcc.a(_aeabi_uldivmod.o)
                0x0000000008000294                __aeabi_uldivmod
 .text          0x00000000080002d4       0x30 c:/st/stm32cubeide_1.2.0/stm32cubeide/plugins/com.st.stm32cube.ide.mcu.externaltools.gnu-tools-for-stm32.7-2018-q2-update.win32_1.0.0.201904181610/tools/bin/../lib/gcc/arm-none-eabi/7.3.1/thumb/v6-m\libgcc.a(_fixunssfsi.o)
                0x00000000080002d4                __fixunssfsi
                0x00000000080002d4                __aeabi_f2uiz
 .text          0x0000000008000304      0x184 c:/st/stm32cubeide_1.2.0/stm32cubeide/plugins/com.st.stm32cube.ide.mcu.externaltools.gnu-tools-for-stm32.7-2018-q2-update.win32_1.0.0.201904181610/tools/bin/../lib/gcc/arm-none-eabi/7.3.1/thumb/v6-m\libgcc.a(_udivmoddi4.o)
                0x0000000008000304                __udivmoddi4
 .text          0x0000000008000488      0x334 c:/st/stm32cubeide_1.2.0/stm32cubeide/plugins/com.st.stm32cube.ide.mcu.externaltools.gnu-tools-for-stm32.7-2018-q2-update.win32_1.0.0.201904181610/tools/bin/../lib/gcc/arm-none-eabi/7.3.1/thumb/v6-m\libgcc.a(addsf3.o)
                0x0000000008000488                __aeabi_fadd
 .text          0x00000000080007bc       0x50 c:/st/stm32cubeide_1.2.0/stm32cubeide/plugins/com.st.stm32cube.ide.mcu.externaltools.gnu-tools-for-stm32.7-2018-q2-update.win32_1.0.0.201904181610/tools/bin/../lib/gcc/arm-none-eabi/7.3.1/thumb/v6-m\libgcc.a(eqsf2.o)
                0x00000000080007bc                __eqsf2
                0x00000000080007bc                __nesf2
 .text          0x000000000800080c       0x9c c:/st/stm32cubeide_1.2.0/stm32cubeide/plugins/com.st.stm32cube.ide.mcu.externaltools.gnu-tools-for-stm32.7-2018-q2-update.win32_1.0.0.201904181610/tools/bin/../lib/gcc/arm-none-eabi/7.3.1/thumb/v6-m\libgcc.a(gesf2.o)
                0x000000000800080c                __gesf2
                0x000000000800080c                __gtsf2
 .text          0x00000000080008a8       0xa0 c:/st/stm32cubeide_1.2.0/stm32cubeide/plugins/com.st.stm32cube.ide.mcu.externaltools.gnu-tools-for-stm32.7-2018-q2-update.win32_1.0.0.201904181610/tools/bin/../lib/gcc/arm-none-eabi/7.3.1/thumb/v6-m\libgcc.a(lesf2.o)
                0x00000000080008a8                __ltsf2
                0x00000000080008a8                __lesf2
 .text          0x0000000008000948      0x388 c:/st/stm32cubeide_1.2.0/stm32cubeide/plugins/com.st.stm32cube.ide.mcu.externaltools.gnu-tools-for-stm32.7-2018-q2-update.win32_1.0.0.201904181610/tools/bin/../lib/gcc/arm-none-eabi/7.3.1/thumb/v6-m\libgcc.a(subsf3.o)
                0x0000000008000948                __aeabi_fsub
 .text          0x0000000008000cd0       0x40 c:/st/stm32cubeide_1.2.0/stm32cubeide/plugins/com.st.stm32cube.ide.mcu.externaltools.gnu-tools-for-stm32.7-2018-q2-update.win32_1.0.0.201904181610/tools/bin/../lib/gcc/arm-none-eabi/7.3.1/thumb/v6-m\libgcc.a(fixsfsi.o)
                0x0000000008000cd0                __aeabi_f2iz
 .text          0x0000000008000d10       0x80 c:/st/stm32cubeide_1.2.0/stm32cubeide/plugins/com.st.stm32cube.ide.mcu.externaltools.gnu-tools-for-stm32.7-2018-q2-update.win32_1.0.0.201904181610/tools/bin/../lib/gcc/arm-none-eabi/7.3.1/thumb/v6-m\libgcc.a(floatunsisf.o)
                0x0000000008000d10                __aeabi_ui2f
 .text          0x0000000008000d90      0x604 c:/st/stm32cubeide_1.2.0/stm32cubeide/plugins/com.st.stm32cube.ide.mcu.externaltools.gnu-tools-for-stm32.7-2018-q2-update.win32_1.0.0.201904181610/tools/bin/../lib/gcc/arm-none-eabi/7.3.1/thumb/v6-m\libgcc.a(divdf3.o)
                0x0000000008000d90                __aeabi_ddiv
 .text          0x0000000008001394      0x4e4 c:/st/stm32cubeide_1.2.0/stm32cubeide/plugins/com.st.stm32cube.ide.mcu.externaltools.gnu-tools-for-stm32.7-2018-q2-update.win32_1.0.0.201904181610/tools/bin/../lib/gcc/arm-none-eabi/7.3.1/thumb/v6-m\libgcc.a(muldf3.o)
                0x0000000008001394                __aeabi_dmul
 .text          0x0000000008001878       0x6c c:/st/stm32cubeide_1.2.0/stm32cubeide/plugins/com.st.stm32cube.ide.mcu.externaltools.gnu-tools-for-stm32.7-2018-q2-update.win32_1.0.0.201904181610/tools/bin/../lib/gcc/arm-none-eabi/7.3.1/thumb/v6-m\libgcc.a(fixdfsi.o)
                0x0000000008001878                __aeabi_d2iz
 .text          0x00000000080018e4       0x74 c:/st/stm32cubeide_1.2.0/stm32cubeide/plugins/com.st.stm32cube.ide.mcu.externaltools.gnu-tools-for-stm32.7-2018-q2-update.win32_1.0.0.201904181610/tools/bin/../lib/gcc/arm-none-eabi/7.3.1/thumb/v6-m\libgcc.a(floatsidf.o)
                0x00000000080018e4                __aeabi_i2d
 .text          0x0000000008001958       0x64 c:/st/stm32cubeide_1.2.0/stm32cubeide/plugins/com.st.stm32cube.ide.mcu.externaltools.gnu-tools-for-stm32.7-2018-q2-update.win32_1.0.0.201904181610/tools/bin/../lib/gcc/arm-none-eabi/7.3.1/thumb/v6-m\libgcc.a(floatunsidf.o)
                0x0000000008001958                __aeabi_ui2d
 .text          0x00000000080019bc       0xa4 c:/st/stm32cubeide_1.2.0/stm32cubeide/plugins/com.st.stm32cube.ide.mcu.externaltools.gnu-tools-for-stm32.7-2018-q2-update.win32_1.0.0.201904181610/tools/bin/../lib/gcc/arm-none-eabi/7.3.1/thumb/v6-m\libgcc.a(extendsfdf2.o)
                0x00000000080019bc                __aeabi_f2d
 .text          0x0000000008001a60      0x108 c:/st/stm32cubeide_1.2.0/stm32cubeide/plugins/com.st.stm32cube.ide.mcu.externaltools.gnu-tools-for-stm32.7-2018-q2-update.win32_1.0.0.201904181610/tools/bin/../lib/gcc/arm-none-eabi/7.3.1/thumb/v6-m\libgcc.a(truncdfsf2.o)
                0x0000000008001a60                __aeabi_d2f
 .text          0x0000000008001b68       0x3c c:/st/stm32cubeide_1.2.0/stm32cubeide/plugins/com.st.stm32cube.ide.mcu.externaltools.gnu-tools-for-stm32.7-2018-q2-update.win32_1.0.0.201904181610/tools/bin/../lib/gcc/arm-none-eabi/7.3.1/thumb/v6-m\libgcc.a(_clzsi2.o)
                0x0000000008001b68                __clzsi2
 .text          0x0000000008001ba4       0x18 c:/st/stm32cubeide_1.2.0/stm32cubeide/plugins/com.st.stm32cube.ide.mcu.externaltools.gnu-tools-for-stm32.7-2018-q2-update.win32_1.0.0.201904181610/tools/bin/../lib/gcc/arm-none-eabi/7.3.1/thumb/v6-m\libgcc.a(_clzdi2.o)
                0x0000000008001ba4                __clzdi2
 *(.text*)
 .text.HAL_Init
                0x0000000008001bbc       0x40 Drivers/STM32L0xx_HAL_Driver/Src/stm32l0xx_hal.o
                0x0000000008001bbc                HAL_Init
 .text.HAL_InitTick
                0x0000000008001bfc       0x54 Drivers/STM32L0xx_HAL_Driver/Src/stm32l0xx_hal.o
                0x0000000008001bfc                HAL_InitTick
 .text.HAL_IncTick
                0x0000000008001c50       0x18 Drivers/STM32L0xx_HAL_Driver/Src/stm32l0xx_hal.o
                0x0000000008001c50                HAL_IncTick
 .text.HAL_GetTick
                0x0000000008001c68       0x14 Drivers/STM32L0xx_HAL_Driver/Src/stm32l0xx_hal.o
                0x0000000008001c68                HAL_GetTick
 .text.HAL_Delay
                0x0000000008001c7c       0x3a Drivers/STM32L0xx_HAL_Driver/Src/stm32l0xx_hal.o
                0x0000000008001c7c                HAL_Delay
 *fill*         0x0000000008001cb6        0x2 
 .text.NVIC_EnableIRQ
                0x0000000008001cb8       0x2c Drivers/STM32L0xx_HAL_Driver/Src/stm32l0xx_hal_cortex.o
 .text.NVIC_SetPriority
                0x0000000008001ce4       0xdc Drivers/STM32L0xx_HAL_Driver/Src/stm32l0xx_hal_cortex.o
 .text.SysTick_Config
                0x0000000008001dc0       0x48 Drivers/STM32L0xx_HAL_Driver/Src/stm32l0xx_hal_cortex.o
 .text.HAL_NVIC_SetPriority
                0x0000000008001e08       0x2a Drivers/STM32L0xx_HAL_Driver/Src/stm32l0xx_hal_cortex.o
                0x0000000008001e08                HAL_NVIC_SetPriority
 .text.HAL_NVIC_EnableIRQ
                0x0000000008001e32       0x20 Drivers/STM32L0xx_HAL_Driver/Src/stm32l0xx_hal_cortex.o
                0x0000000008001e32                HAL_NVIC_EnableIRQ
 .text.HAL_SYSTICK_Config
                0x0000000008001e52       0x1a Drivers/STM32L0xx_HAL_Driver/Src/stm32l0xx_hal_cortex.o
                0x0000000008001e52                HAL_SYSTICK_Config
 .text.HAL_SYSTICK_CLKSourceConfig
                0x0000000008001e6c       0x34 Drivers/STM32L0xx_HAL_Driver/Src/stm32l0xx_hal_cortex.o
                0x0000000008001e6c                HAL_SYSTICK_CLKSourceConfig
 .text.HAL_DMA_Abort_IT
                0x0000000008001ea0       0x90 Drivers/STM32L0xx_HAL_Driver/Src/stm32l0xx_hal_dma.o
                0x0000000008001ea0                HAL_DMA_Abort_IT
 .text.HAL_GPIO_Init
                0x0000000008001f30      0x2ec Drivers/STM32L0xx_HAL_Driver/Src/stm32l0xx_hal_gpio.o
                0x0000000008001f30                HAL_GPIO_Init
 .text.HAL_GPIO_ReadPin
                0x000000000800221c       0x3a Drivers/STM32L0xx_HAL_Driver/Src/stm32l0xx_hal_gpio.o
                0x000000000800221c                HAL_GPIO_ReadPin
 .text.HAL_GPIO_WritePin
                0x0000000008002256       0x3a Drivers/STM32L0xx_HAL_Driver/Src/stm32l0xx_hal_gpio.o
                0x0000000008002256                HAL_GPIO_WritePin
 .text.HAL_I2C_Init
                0x0000000008002290      0x12c Drivers/STM32L0xx_HAL_Driver/Src/stm32l0xx_hal_i2c.o
                0x0000000008002290                HAL_I2C_Init
 .text.HAL_I2C_Master_Transmit
                0x00000000080023bc      0x210 Drivers/STM32L0xx_HAL_Driver/Src/stm32l0xx_hal_i2c.o
                0x00000000080023bc                HAL_I2C_Master_Transmit
 .text.HAL_I2C_Master_Receive
                0x00000000080025cc      0x210 Drivers/STM32L0xx_HAL_Driver/Src/stm32l0xx_hal_i2c.o
                0x00000000080025cc                HAL_I2C_Master_Receive
 .text.I2C_Flush_TXDR
                0x00000000080027dc       0x44 Drivers/STM32L0xx_HAL_Driver/Src/stm32l0xx_hal_i2c.o
 .text.I2C_WaitOnFlagUntilTimeout
                0x0000000008002820       0x7e Drivers/STM32L0xx_HAL_Driver/Src/stm32l0xx_hal_i2c.o
 .text.I2C_WaitOnTXISFlagUntilTimeout
                0x000000000800289e       0x7e Drivers/STM32L0xx_HAL_Driver/Src/stm32l0xx_hal_i2c.o
 .text.I2C_WaitOnSTOPFlagUntilTimeout
                0x000000000800291c       0x78 Drivers/STM32L0xx_HAL_Driver/Src/stm32l0xx_hal_i2c.o
 .text.I2C_WaitOnRXNEFlagUntilTimeout
                0x0000000008002994       0xd8 Drivers/STM32L0xx_HAL_Driver/Src/stm32l0xx_hal_i2c.o
 .text.I2C_IsAcknowledgeFailed
                0x0000000008002a6c       0xcc Drivers/STM32L0xx_HAL_Driver/Src/stm32l0xx_hal_i2c.o
 .text.I2C_TransferConfig
                0x0000000008002b38       0x6c Drivers/STM32L0xx_HAL_Driver/Src/stm32l0xx_hal_i2c.o
 .text.HAL_I2CEx_ConfigAnalogFilter
                0x0000000008002ba4       0x98 Drivers/STM32L0xx_HAL_Driver/Src/stm32l0xx_hal_i2c_ex.o
                0x0000000008002ba4                HAL_I2CEx_ConfigAnalogFilter
 .text.HAL_I2CEx_ConfigDigitalFilter
                0x0000000008002c3c       0x98 Drivers/STM32L0xx_HAL_Driver/Src/stm32l0xx_hal_i2c_ex.o
                0x0000000008002c3c                HAL_I2CEx_ConfigDigitalFilter
 .text.HAL_RCC_OscConfig
                0x0000000008002cd4      0x780 Drivers/STM32L0xx_HAL_Driver/Src/stm32l0xx_hal_rcc.o
                0x0000000008002cd4                HAL_RCC_OscConfig
 .text.HAL_RCC_ClockConfig
                0x0000000008003454      0x254 Drivers/STM32L0xx_HAL_Driver/Src/stm32l0xx_hal_rcc.o
                0x0000000008003454                HAL_RCC_ClockConfig
 .text.HAL_RCC_GetSysClockFreq
                0x00000000080036a8      0x108 Drivers/STM32L0xx_HAL_Driver/Src/stm32l0xx_hal_rcc.o
                0x00000000080036a8                HAL_RCC_GetSysClockFreq
 .text.HAL_RCC_GetHCLKFreq
                0x00000000080037b0       0x14 Drivers/STM32L0xx_HAL_Driver/Src/stm32l0xx_hal_rcc.o
                0x00000000080037b0                HAL_RCC_GetHCLKFreq
 .text.HAL_RCC_GetPCLK1Freq
                0x00000000080037c4       0x2c Drivers/STM32L0xx_HAL_Driver/Src/stm32l0xx_hal_rcc.o
                0x00000000080037c4                HAL_RCC_GetPCLK1Freq
 .text.HAL_RCC_GetPCLK2Freq
                0x00000000080037f0       0x2c Drivers/STM32L0xx_HAL_Driver/Src/stm32l0xx_hal_rcc.o
                0x00000000080037f0                HAL_RCC_GetPCLK2Freq
 .text.HAL_RCCEx_PeriphCLKConfig
                0x000000000800381c      0x290 Drivers/STM32L0xx_HAL_Driver/Src/stm32l0xx_hal_rcc_ex.o
                0x000000000800381c                HAL_RCCEx_PeriphCLKConfig
 .text.HAL_RNG_Init
                0x0000000008003aac       0x56 Drivers/STM32L0xx_HAL_Driver/Src/stm32l0xx_hal_rng.o
                0x0000000008003aac                HAL_RNG_Init
 .text.HAL_RNG_GenerateRandomNumber
                0x0000000008003b02       0xac Drivers/STM32L0xx_HAL_Driver/Src/stm32l0xx_hal_rng.o
                0x0000000008003b02                HAL_RNG_GenerateRandomNumber
 .text.HAL_RNG_GetRandomNumber
                0x0000000008003bae       0x2c Drivers/STM32L0xx_HAL_Driver/Src/stm32l0xx_hal_rng.o
                0x0000000008003bae                HAL_RNG_GetRandomNumber
 *fill*         0x0000000008003bda        0x2 
 .text.HAL_SPI_Init
                0x0000000008003bdc       0xd4 Drivers/STM32L0xx_HAL_Driver/Src/stm32l0xx_hal_spi.o
                0x0000000008003bdc                HAL_SPI_Init
 .text.HAL_SPI_Transmit
                0x0000000008003cb0      0x29c Drivers/STM32L0xx_HAL_Driver/Src/stm32l0xx_hal_spi.o
                0x0000000008003cb0                HAL_SPI_Transmit
 .text.HAL_SPI_GetState
                0x0000000008003f4c       0x18 Drivers/STM32L0xx_HAL_Driver/Src/stm32l0xx_hal_spi.o
                0x0000000008003f4c                HAL_SPI_GetState
 .text.SPI_WaitFlagStateUntilTimeout
                0x0000000008003f64       0xe0 Drivers/STM32L0xx_HAL_Driver/Src/stm32l0xx_hal_spi.o
 .text.SPI_EndRxTxTransaction
                0x0000000008004044       0x7a Drivers/STM32L0xx_HAL_Driver/Src/stm32l0xx_hal_spi.o
 *fill*         0x00000000080040be        0x2 
 .text.HAL_UART_Init
                0x00000000080040c0       0xa8 Drivers/STM32L0xx_HAL_Driver/Src/stm32l0xx_hal_uart.o
                0x00000000080040c0                HAL_UART_Init
 .text.HAL_UART_Transmit
                0x0000000008004168      0x14e Drivers/STM32L0xx_HAL_Driver/Src/stm32l0xx_hal_uart.o
                0x0000000008004168                HAL_UART_Transmit
 *fill*         0x00000000080042b6        0x2 
 .text.HAL_UART_Receive_IT
                0x00000000080042b8      0x170 Drivers/STM32L0xx_HAL_Driver/Src/stm32l0xx_hal_uart.o
                0x00000000080042b8                HAL_UART_Receive_IT
 .text.HAL_UART_IRQHandler
                0x0000000008004428      0x24c Drivers/STM32L0xx_HAL_Driver/Src/stm32l0xx_hal_uart.o
                0x0000000008004428                HAL_UART_IRQHandler
 .text.HAL_UART_TxCpltCallback
                0x0000000008004674       0x10 Drivers/STM32L0xx_HAL_Driver/Src/stm32l0xx_hal_uart.o
                0x0000000008004674                HAL_UART_TxCpltCallback
 .text.HAL_UART_ErrorCallback
                0x0000000008004684       0x10 Drivers/STM32L0xx_HAL_Driver/Src/stm32l0xx_hal_uart.o
                0x0000000008004684                HAL_UART_ErrorCallback
 .text.UART_SetConfig
                0x0000000008004694      0x630 Drivers/STM32L0xx_HAL_Driver/Src/stm32l0xx_hal_uart.o
                0x0000000008004694                UART_SetConfig
 .text.UART_AdvFeatureConfig
                0x0000000008004cc4      0x168 Drivers/STM32L0xx_HAL_Driver/Src/stm32l0xx_hal_uart.o
                0x0000000008004cc4                UART_AdvFeatureConfig
 .text.UART_CheckIdleState
                0x0000000008004e2c       0x8c Drivers/STM32L0xx_HAL_Driver/Src/stm32l0xx_hal_uart.o
                0x0000000008004e2c                UART_CheckIdleState
 .text.UART_WaitOnFlagUntilTimeout
                0x0000000008004eb8       0x94 Drivers/STM32L0xx_HAL_Driver/Src/stm32l0xx_hal_uart.o
                0x0000000008004eb8                UART_WaitOnFlagUntilTimeout
 .text.UART_EndRxTransfer
                0x0000000008004f4c       0x40 Drivers/STM32L0xx_HAL_Driver/Src/stm32l0xx_hal_uart.o
 .text.UART_DMAAbortOnError
                0x0000000008004f8c       0x2e Drivers/STM32L0xx_HAL_Driver/Src/stm32l0xx_hal_uart.o
 .text.UART_EndTransmit_IT
                0x0000000008004fba       0x34 Drivers/STM32L0xx_HAL_Driver/Src/stm32l0xx_hal_uart.o
 *fill*         0x0000000008004fee        0x2 
 .text.UART_RxISR_8BIT
                0x0000000008004ff0       0xbc Drivers/STM32L0xx_HAL_Driver/Src/stm32l0xx_hal_uart.o
 .text.UART_RxISR_16BIT
                0x00000000080050ac       0xbc Drivers/STM32L0xx_HAL_Driver/Src/stm32l0xx_hal_uart.o
 .text.HAL_UARTEx_WakeupCallback
                0x0000000008005168       0x10 Drivers/STM32L0xx_HAL_Driver/Src/stm32l0xx_hal_uart_ex.o
                0x0000000008005168                HAL_UARTEx_WakeupCallback
 .text._ZN8APDS99606enable3getEv
                0x0000000008005178       0x8a Src/APDS9960.o
                0x0000000008005178                APDS9960::enable::get()
 .text._ZN8APDS99607control3getEv
                0x0000000008005202       0x42 Src/APDS9960.o
                0x0000000008005202                APDS9960::control::get()
 .text._ZN8APDS99606gconf13getEv
                0x0000000008005244       0x42 Src/APDS9960.o
                0x0000000008005244                APDS9960::gconf1::get()
 .text._ZN8APDS99606gconf23getEv
                0x0000000008005286       0x42 Src/APDS9960.o
                0x0000000008005286                APDS9960::gconf2::get()
 .text._ZN8APDS99606gpulse3getEv
                0x00000000080052c8       0x30 Src/APDS9960.o
                0x00000000080052c8                APDS9960::gpulse::get()
 .text._ZN8APDS99606gconf33getEv
                0x00000000080052f8       0x1a Src/APDS9960.o
                0x00000000080052f8                APDS9960::gconf3::get()
 .text._ZN8APDS99606gconf43getEv
                0x0000000008005312       0x30 Src/APDS9960.o
                0x0000000008005312                APDS9960::gconf4::get()
 .text._ZN8APDS99606enableEb
                0x0000000008005342       0x48 Src/APDS9960.o
                0x0000000008005342                APDS9960::enable(bool)
 .text._ZN8APDS99605beginEt15apds9960AGain_th
                0x000000000800538a      0x152 Src/APDS9960.o
                0x000000000800538a                APDS9960::begin(unsigned short, apds9960AGain_t, unsigned char)
 .text._ZN8APDS996021setADCIntegrationTimeEt
                0x00000000080054dc       0x90 Src/APDS9960.o
                0x00000000080054dc                APDS9960::setADCIntegrationTime(unsigned short)
 .text._ZN8APDS996010setADCGainE15apds9960AGain_t
                0x000000000800556c       0x4e Src/APDS9960.o
                0x000000000800556c                APDS9960::setADCGain(apds9960AGain_t)
 .text._ZN8APDS996015enableProximityEb
                0x00000000080055ba       0x48 Src/APDS9960.o
                0x00000000080055ba                APDS9960::enableProximity(bool)
 .text._ZN8APDS996025disableProximityInterruptEv
                0x0000000008005602       0x32 Src/APDS9960.o
                0x0000000008005602                APDS9960::disableProximityInterrupt()
 .text._ZN8APDS996020setGestureDimensionsEh
                0x0000000008005634       0x4e Src/APDS9960.o
                0x0000000008005634                APDS9960::setGestureDimensions(unsigned char)
 .text._ZN8APDS996023setGestureFIFOThresholdEh
                0x0000000008005682       0x4a Src/APDS9960.o
                0x0000000008005682                APDS9960::setGestureFIFOThreshold(unsigned char)
 .text._ZN8APDS996014setGestureGainEh
                0x00000000080056cc       0x4e Src/APDS9960.o
                0x00000000080056cc                APDS9960::setGestureGain(unsigned char)
 .text._ZN8APDS996028setGestureProximityThresholdEh
                0x000000000800571a       0x24 Src/APDS9960.o
                0x000000000800571a                APDS9960::setGestureProximityThreshold(unsigned char)
 .text._ZN8APDS996013enableGestureEb
                0x000000000800573e       0x80 Src/APDS9960.o
                0x000000000800573e                APDS9960::enableGesture(bool)
 .text._ZN8APDS996011resetCountsEv
                0x00000000080057be       0x2e Src/APDS9960.o
                0x00000000080057be                APDS9960::resetCounts()
 .text._ZN8APDS996011enableColorEb
                0x00000000080057ec       0x48 Src/APDS9960.o
                0x00000000080057ec                APDS9960::enableColor(bool)
 .text._ZN8APDS996012getColorDataEPtS0_S0_S0_
                0x0000000008005834       0x5e Src/APDS9960.o
                0x0000000008005834                APDS9960::getColorData(unsigned short*, unsigned short*, unsigned short*, unsigned short*)
 .text._ZN8APDS996021disableColorInterruptEv
                0x0000000008005892       0x32 Src/APDS9960.o
                0x0000000008005892                APDS9960::disableColorInterrupt()
 .text._ZN8APDS996014clearInterruptEv
                0x00000000080058c4       0x1c Src/APDS9960.o
                0x00000000080058c4                APDS9960::clearInterrupt()
 .text._ZN8APDS99606write8Ehh
                0x00000000080058e0       0x30 Src/APDS9960.o
                0x00000000080058e0                APDS9960::write8(unsigned char, unsigned char)
 .text._ZN8APDS99605read8Eh
                0x0000000008005910       0x2a Src/APDS9960.o
                0x0000000008005910                APDS9960::read8(unsigned char)
 .text._ZN8APDS99607read16REh
                0x000000000800593a       0x3e Src/APDS9960.o
                0x000000000800593a                APDS9960::read16R(unsigned char)
 .text._ZN8APDS99604readEhPhh
                0x0000000008005978       0x9c Src/APDS9960.o
                0x0000000008005978                APDS9960::read(unsigned char, unsigned char*, unsigned char)
 .text._ZN8APDS99605writeEhhh
                0x0000000008005a14       0x58 Src/APDS9960.o
                0x0000000008005a14                APDS9960::write(unsigned char, unsigned char, unsigned char)
 .text._ZN8APDS99609colorSortEtttmh
                0x0000000008005a6c      0x4bc Src/APDS9960.o
                0x0000000008005a6c                APDS9960::colorSort(unsigned short, unsigned short, unsigned short, unsigned long, unsigned char)
 .text._ZN8APDS996016calibrate_sensorEPtS0_Pm
                0x0000000008005f28       0xfe Src/APDS9960.o
                0x0000000008005f28                APDS9960::calibrate_sensor(unsigned short*, unsigned short*, unsigned long*)
 .text._ZN10LedControlC2Ei
                0x0000000008006026       0x9a Src/LedControl.o
                0x0000000008006026                LedControl::LedControl(int)
                0x0000000008006026                LedControl::LedControl(int)
 .text._ZN10LedControl8shutdownEib
                0x00000000080060c0       0x4a Src/LedControl.o
                0x00000000080060c0                LedControl::shutdown(int, bool)
 .text._ZN10LedControl12setScanLimitEii
                0x000000000800610a       0x40 Src/LedControl.o
                0x000000000800610a                LedControl::setScanLimit(int, int)
 .text._ZN10LedControl12setIntensityEii
                0x000000000800614a       0x40 Src/LedControl.o
                0x000000000800614a                LedControl::setIntensity(int, int)
 .text._ZN10LedControl12clearDisplayEi
                0x000000000800618a       0x66 Src/LedControl.o
                0x000000000800618a                LedControl::clearDisplay(int)
 .text._ZN10LedControl6setLedEiiib
                0x00000000080061f0       0xda Src/LedControl.o
                0x00000000080061f0                LedControl::setLed(int, int, int, bool)
 *fill*         0x00000000080062ca        0x2 
 .text._ZN10LedControl11spiTransferEihh
                0x00000000080062cc       0x74 Src/LedControl.o
                0x00000000080062cc                LedControl::spiTransfer(int, unsigned char, unsigned char)
 .text._ZN8BarGraphC2Ehh
                0x0000000008006340       0x5c Src/bar_graph.o
                0x0000000008006340                BarGraph::BarGraph(unsigned char, unsigned char)
                0x0000000008006340                BarGraph::BarGraph(unsigned char, unsigned char)
 .text._ZN8BarGraph5beginEv
                0x000000000800639c       0x38 Src/bar_graph.o
                0x000000000800639c                BarGraph::begin()
 .text._ZN8BarGraph6updateEPh
                0x00000000080063d4       0xfa Src/bar_graph.o
                0x00000000080063d4                BarGraph::update(unsigned char*)
 .text._ZN8BarGraph13clear_displayEv
                0x00000000080064ce       0x22 Src/bar_graph.o
                0x00000000080064ce                BarGraph::clear_display()
 .text._ZSt5floorIiEN9__gnu_cxx11__enable_ifIXsrSt12__is_integerIT_E7__valueEdE6__typeES3_
                0x00000000080064f0       0x1c Src/bar_graph.o
                0x00000000080064f0                __gnu_cxx::__enable_if<std::__is_integer<int>::__value, double>::__type std::floor<int>(int)
 .text._ZN7DotStarC2Ehh
                0x000000000800650c       0x74 Src/dotstar.o
                0x000000000800650c                DotStar::DotStar(unsigned char, unsigned char)
                0x000000000800650c                DotStar::DotStar(unsigned char, unsigned char)
 .text._ZN7DotStar5beginEv
                0x0000000008006580       0x18 Src/dotstar.o
                0x0000000008006580                DotStar::begin()
 .text._ZN7DotStar12updateLengthEh
                0x0000000008006598       0x76 Src/dotstar.o
                0x0000000008006598                DotStar::updateLength(unsigned char)
 *fill*         0x000000000800660e        0x2 
 .text._ZN7DotStar11sw_spi_initEv
                0x0000000008006610       0x2c Src/dotstar.o
                0x0000000008006610                DotStar::sw_spi_init()
 .text._ZN7DotStar10sw_spi_outEh
                0x000000000800663c       0x80 Src/dotstar.o
                0x000000000800663c                DotStar::sw_spi_out(unsigned char)
 .text._ZN7DotStar4showEv
                0x00000000080066bc      0x15c Src/dotstar.o
                0x00000000080066bc                DotStar::show()
 .text._ZN7DotStar8incrRingE8RGB_VALS
                0x0000000008006818       0x6c Src/dotstar.o
                0x0000000008006818                DotStar::incrRing(RGB_VALS)
 .text._ZN7DotStar8decrRingE8RGB_VALS
                0x0000000008006884       0x6a Src/dotstar.o
                0x0000000008006884                DotStar::decrRing(RGB_VALS)
 .text._ZN7DotStar5clearEv
                0x00000000080068ee       0x10 Src/dotstar.o
                0x00000000080068ee                DotStar::clear()
 .text._ZN7DotStar13setPixelColorEhhhh
                0x00000000080068fe       0x78 Src/dotstar.o
                0x00000000080068fe                DotStar::setPixelColor(unsigned char, unsigned char, unsigned char, unsigned char)
 .text._ZN7DotStar9numPixelsEv
                0x0000000008006976       0x14 Src/dotstar.o
                0x0000000008006976                DotStar::numPixels()
 .text._ZN7DotStar13setBrightnessEh
                0x000000000800698a       0x22 Src/dotstar.o
                0x000000000800698a                DotStar::setBrightness(unsigned char)
 .text.MX_GPIO_Init
                0x00000000080069ac      0x140 Src/gpio.o
                0x00000000080069ac                MX_GPIO_Init
 .text.MX_I2C1_Init
                0x0000000008006aec       0x80 Src/i2c.o
                0x0000000008006aec                MX_I2C1_Init
 .text.HAL_I2C_MspInit
                0x0000000008006b6c       0xb8 Src/i2c.o
                0x0000000008006b6c                HAL_I2C_MspInit
 .text.read_tog_sw_states
                0x0000000008006c24       0x54 Src/light_control_funcs.o
                0x0000000008006c24                read_tog_sw_states
 .text.check_tog_sw_states
                0x0000000008006c78       0x8c Src/light_control_funcs.o
                0x0000000008006c78                check_tog_sw_states
 .text.update_tog_sw_states
                0x0000000008006d04       0xd8 Src/light_control_funcs.o
                0x0000000008006d04                update_tog_sw_states
 .text.read_bg_sw_states
                0x0000000008006ddc      0x114 Src/light_control_funcs.o
                0x0000000008006ddc                read_bg_sw_states
 .text.check_bg_sw_states
                0x0000000008006ef0      0x124 Src/light_control_funcs.o
                0x0000000008006ef0                check_bg_sw_states
 .text.update_bg
                0x0000000008007014      0x20c Src/light_control_funcs.o
                0x0000000008007014                update_bg
 .text.read_push_sw_state
                0x0000000008007220       0x28 Src/light_control_funcs.o
                0x0000000008007220                read_push_sw_state
 .text.check_push_sw_state
                0x0000000008007248       0x3c Src/light_control_funcs.o
                0x0000000008007248                check_push_sw_state
 .text.update_push_sw_state
                0x0000000008007284       0x74 Src/light_control_funcs.o
                0x0000000008007284                update_push_sw_state
 .text.rgb_lut  0x00000000080072f8      0x120 Src/light_control_funcs.o
                0x00000000080072f8                rgb_lut
 .text.set_all_pixels
                0x0000000008007418       0x3c Src/light_control_funcs.o
                0x0000000008007418                set_all_pixels
 .text.turn_all_leds_off
                0x0000000008007454       0x76 Src/light_control_funcs.o
                0x0000000008007454                turn_all_leds_off
 *fill*         0x00000000080074ca        0x2 
 .text.send_audio
                0x00000000080074cc       0x3c Src/light_control_funcs.o
                0x00000000080074cc                send_audio
 .text._ZN8APDS9960C2Ev
                0x0000000008007508       0x12 Src/main.o
                0x0000000008007508                APDS9960::APDS9960()
                0x0000000008007508                APDS9960::APDS9960()
 *fill*         0x000000000800751a        0x2 
 .text.main     0x000000000800751c      0x5a8 Src/main.o
                0x000000000800751c                main
 .text._Z18SystemClock_Configv
                0x0000000008007ac4       0xfc Src/main.o
                0x0000000008007ac4                SystemClock_Config()
 .text.HAL_UART_RxCpltCallback
                0x0000000008007bc0       0x1c Src/main.o
                0x0000000008007bc0                HAL_UART_RxCpltCallback
 .text.Error_Handler
                0x0000000008007bdc        0xa Src/main.o
                0x0000000008007bdc                Error_Handler
 .text._Z19ring_set_all_pixelsR7DotStar8RGB_VALS
                0x0000000008007be6       0x72 Src/ring_effects.o
                0x0000000008007be6                ring_set_all_pixels(DotStar&, RGB_VALS)
 .text.MX_RNG_Init
                0x0000000008007c58       0x28 Src/rng.o
                0x0000000008007c58                MX_RNG_Init
 .text.HAL_RNG_MspInit
                0x0000000008007c80       0x40 Src/rng.o
                0x0000000008007c80                HAL_RNG_MspInit
 .text.MX_SPI1_Init
                0x0000000008007cc0       0x70 Src/spi.o
                0x0000000008007cc0                MX_SPI1_Init
 .text.HAL_SPI_MspInit
                0x0000000008007d30       0x88 Src/spi.o
                0x0000000008007d30                HAL_SPI_MspInit
 .text.HAL_MspInit
                0x0000000008007db8       0x54 Src/stm32l0xx_hal_msp.o
                0x0000000008007db8                HAL_MspInit
 .text.NMI_Handler
                0x0000000008007e0c        0xa Src/stm32l0xx_it.o
                0x0000000008007e0c                NMI_Handler
 .text.HardFault_Handler
                0x0000000008007e16        0x6 Src/stm32l0xx_it.o
                0x0000000008007e16                HardFault_Handler
 .text.SVC_Handler
                0x0000000008007e1c        0xa Src/stm32l0xx_it.o
                0x0000000008007e1c                SVC_Handler
 .text.PendSV_Handler
                0x0000000008007e26        0xa Src/stm32l0xx_it.o
                0x0000000008007e26                PendSV_Handler
 .text.SysTick_Handler
                0x0000000008007e30        0xe Src/stm32l0xx_it.o
                0x0000000008007e30                SysTick_Handler
 *fill*         0x0000000008007e3e        0x2 
 .text.USART1_IRQHandler
                0x0000000008007e40       0x18 Src/stm32l0xx_it.o
                0x0000000008007e40                USART1_IRQHandler
 .text._sbrk    0x0000000008007e58       0x58 Src/sysmem.o
                0x0000000008007e58                _sbrk
 .text.SystemInit
                0x0000000008007eb0       0x7c Src/system_stm32l0xx.o
                0x0000000008007eb0                SystemInit
 .text.MX_USART1_UART_Init
                0x0000000008007f2c       0x60 Src/usart.o
                0x0000000008007f2c                MX_USART1_UART_Init
 .text.HAL_UART_MspInit
                0x0000000008007f8c       0x98 Src/usart.o
                0x0000000008007f8c                HAL_UART_MspInit
 .text.Reset_Handler
                0x0000000008008024       0x50 Startup/startup_stm32l052c8tx.o
                0x0000000008008024                Reset_Handler
 .text.Default_Handler
                0x0000000008008074        0x2 Startup/startup_stm32l052c8tx.o
                0x0000000008008074                TSC_IRQHandler
                0x0000000008008074                ADC1_COMP_IRQHandler
                0x0000000008008074                PVD_IRQHandler
                0x0000000008008074                I2C1_IRQHandler
                0x0000000008008074                RCC_CRS_IRQHandler
                0x0000000008008074                SPI1_IRQHandler
                0x0000000008008074                TIM6_DAC_IRQHandler
                0x0000000008008074                EXTI2_3_IRQHandler
                0x0000000008008074                I2C2_IRQHandler
                0x0000000008008074                RTC_IRQHandler
                0x0000000008008074                DMA1_Channel4_5_6_7_IRQHandler
                0x0000000008008074                EXTI4_15_IRQHandler
                0x0000000008008074                DMA1_Channel1_IRQHandler
                0x0000000008008074                Default_Handler
                0x0000000008008074                TIM22_IRQHandler
                0x0000000008008074                EXTI0_1_IRQHandler
                0x0000000008008074                USB_IRQHandler
                0x0000000008008074                SPI2_IRQHandler
                0x0000000008008074                TIM21_IRQHandler
                0x0000000008008074                WWDG_IRQHandler
                0x0000000008008074                TIM2_IRQHandler
                0x0000000008008074                DMA1_Channel2_3_IRQHandler
                0x0000000008008074                USART2_IRQHandler
                0x0000000008008074                FLASH_IRQHandler
                0x0000000008008074                RNG_LPUART1_IRQHandler
                0x0000000008008074                LPTIM1_IRQHandler
 *fill*         0x0000000008008076        0x2 
 .text.__errno  0x0000000008008078        0xc c:/st/stm32cubeide_1.2.0/stm32cubeide/plugins/com.st.stm32cube.ide.mcu.externaltools.gnu-tools-for-stm32.7-2018-q2-update.win32_1.0.0.201904181610/tools/bin/../lib/gcc/arm-none-eabi/7.3.1/../../../../arm-none-eabi/lib/thumb/v6-m\libc_nano.a(lib_a-errno.o)
                0x0000000008008078                __errno
 .text.__libc_init_array
                0x0000000008008084       0x48 c:/st/stm32cubeide_1.2.0/stm32cubeide/plugins/com.st.stm32cube.ide.mcu.externaltools.gnu-tools-for-stm32.7-2018-q2-update.win32_1.0.0.201904181610/tools/bin/../lib/gcc/arm-none-eabi/7.3.1/../../../../arm-none-eabi/lib/thumb/v6-m\libc_nano.a(lib_a-init.o)
                0x0000000008008084                __libc_init_array
 .text.malloc   0x00000000080080cc       0x14 c:/st/stm32cubeide_1.2.0/stm32cubeide/plugins/com.st.stm32cube.ide.mcu.externaltools.gnu-tools-for-stm32.7-2018-q2-update.win32_1.0.0.201904181610/tools/bin/../lib/gcc/arm-none-eabi/7.3.1/../../../../arm-none-eabi/lib/thumb/v6-m\libc_nano.a(lib_a-malloc.o)
                0x00000000080080cc                malloc
 .text.memset   0x00000000080080e0       0x10 c:/st/stm32cubeide_1.2.0/stm32cubeide/plugins/com.st.stm32cube.ide.mcu.externaltools.gnu-tools-for-stm32.7-2018-q2-update.win32_1.0.0.201904181610/tools/bin/../lib/gcc/arm-none-eabi/7.3.1/../../../../arm-none-eabi/lib/thumb/v6-m\libc_nano.a(lib_a-memset.o)
                0x00000000080080e0                memset
 .text._malloc_r
                0x00000000080080f0       0xbc c:/st/stm32cubeide_1.2.0/stm32cubeide/plugins/com.st.stm32cube.ide.mcu.externaltools.gnu-tools-for-stm32.7-2018-q2-update.win32_1.0.0.201904181610/tools/bin/../lib/gcc/arm-none-eabi/7.3.1/../../../../arm-none-eabi/lib/thumb/v6-m\libc_nano.a(lib_a-nano-mallocr.o)
                0x00000000080080f0                _malloc_r
 .text._sbrk_r  0x00000000080081ac       0x24 c:/st/stm32cubeide_1.2.0/stm32cubeide/plugins/com.st.stm32cube.ide.mcu.externaltools.gnu-tools-for-stm32.7-2018-q2-update.win32_1.0.0.201904181610/tools/bin/../lib/gcc/arm-none-eabi/7.3.1/../../../../arm-none-eabi/lib/thumb/v6-m\libc_nano.a(lib_a-sbrkr.o)
                0x00000000080081ac                _sbrk_r
 .text.__malloc_lock
                0x00000000080081d0        0x2 c:/st/stm32cubeide_1.2.0/stm32cubeide/plugins/com.st.stm32cube.ide.mcu.externaltools.gnu-tools-for-stm32.7-2018-q2-update.win32_1.0.0.201904181610/tools/bin/../lib/gcc/arm-none-eabi/7.3.1/../../../../arm-none-eabi/lib/thumb/v6-m\libc_nano.a(lib_a-mlock.o)
                0x00000000080081d0                __malloc_lock
 .text.__malloc_unlock
                0x00000000080081d2        0x2 c:/st/stm32cubeide_1.2.0/stm32cubeide/plugins/com.st.stm32cube.ide.mcu.externaltools.gnu-tools-for-stm32.7-2018-q2-update.win32_1.0.0.201904181610/tools/bin/../lib/gcc/arm-none-eabi/7.3.1/../../../../arm-none-eabi/lib/thumb/v6-m\libc_nano.a(lib_a-mlock.o)
                0x00000000080081d2                __malloc_unlock
 *(.glue_7)
 .glue_7        0x00000000080081d4        0x0 linker stubs
 *(.glue_7t)
 .glue_7t       0x00000000080081d4        0x0 linker stubs
 *(.eh_frame)
 .eh_frame      0x00000000080081d4        0x0 c:/st/stm32cubeide_1.2.0/stm32cubeide/plugins/com.st.stm32cube.ide.mcu.externaltools.gnu-tools-for-stm32.7-2018-q2-update.win32_1.0.0.201904181610/tools/bin/../lib/gcc/arm-none-eabi/7.3.1/thumb/v6-m/crtbegin.o
 *(.init)
 .init          0x00000000080081d4        0x4 c:/st/stm32cubeide_1.2.0/stm32cubeide/plugins/com.st.stm32cube.ide.mcu.externaltools.gnu-tools-for-stm32.7-2018-q2-update.win32_1.0.0.201904181610/tools/bin/../lib/gcc/arm-none-eabi/7.3.1/thumb/v6-m/crti.o
                0x00000000080081d4                _init
 .init          0x00000000080081d8        0x8 c:/st/stm32cubeide_1.2.0/stm32cubeide/plugins/com.st.stm32cube.ide.mcu.externaltools.gnu-tools-for-stm32.7-2018-q2-update.win32_1.0.0.201904181610/tools/bin/../lib/gcc/arm-none-eabi/7.3.1/thumb/v6-m/crtn.o
 *(.fini)
 .fini          0x00000000080081e0        0x4 c:/st/stm32cubeide_1.2.0/stm32cubeide/plugins/com.st.stm32cube.ide.mcu.externaltools.gnu-tools-for-stm32.7-2018-q2-update.win32_1.0.0.201904181610/tools/bin/../lib/gcc/arm-none-eabi/7.3.1/thumb/v6-m/crti.o
                0x00000000080081e0                _fini
 .fini          0x00000000080081e4        0x8 c:/st/stm32cubeide_1.2.0/stm32cubeide/plugins/com.st.stm32cube.ide.mcu.externaltools.gnu-tools-for-stm32.7-2018-q2-update.win32_1.0.0.201904181610/tools/bin/../lib/gcc/arm-none-eabi/7.3.1/thumb/v6-m/crtn.o
                0x00000000080081ec                . = ALIGN (0x4)
                0x00000000080081ec                _etext = .

.vfp11_veneer   0x00000000080081ec        0x0
 .vfp11_veneer  0x00000000080081ec        0x0 linker stubs

.v4_bx          0x00000000080081ec        0x0
 .v4_bx         0x00000000080081ec        0x0 linker stubs

.iplt           0x00000000080081ec        0x0
 .iplt          0x00000000080081ec        0x0 c:/st/stm32cubeide_1.2.0/stm32cubeide/plugins/com.st.stm32cube.ide.mcu.externaltools.gnu-tools-for-stm32.7-2018-q2-update.win32_1.0.0.201904181610/tools/bin/../lib/gcc/arm-none-eabi/7.3.1/thumb/v6-m/crtbegin.o

.rodata         0x00000000080081ec      0x118
                0x00000000080081ec                . = ALIGN (0x4)
 *(.rodata)
 .rodata        0x00000000080081ec       0x40 c:/st/stm32cubeide_1.2.0/stm32cubeide/plugins/com.st.stm32cube.ide.mcu.externaltools.gnu-tools-for-stm32.7-2018-q2-update.win32_1.0.0.201904181610/tools/bin/../lib/gcc/arm-none-eabi/7.3.1/thumb/v6-m\libgcc.a(divdf3.o)
 .rodata        0x000000000800822c       0x40 c:/st/stm32cubeide_1.2.0/stm32cubeide/plugins/com.st.stm32cube.ide.mcu.externaltools.gnu-tools-for-stm32.7-2018-q2-update.win32_1.0.0.201904181610/tools/bin/../lib/gcc/arm-none-eabi/7.3.1/thumb/v6-m\libgcc.a(muldf3.o)
 *(.rodata*)
 .rodata.UART_SetConfig
                0x000000000800826c       0x48 Drivers/STM32L0xx_HAL_Driver/Src/stm32l0xx_hal_uart.o
 .rodata._ZL10ORANGE_RGB
                0x00000000080082b4        0x3 Src/light_control_funcs.o
 *fill*         0x00000000080082b7        0x1 
 .rodata._ZL8PINK_RGB
                0x00000000080082b8        0x3 Src/light_control_funcs.o
 *fill*         0x00000000080082bb        0x1 
 .rodata._ZL10PURPLE_RGB
                0x00000000080082bc        0x3 Src/light_control_funcs.o
 *fill*         0x00000000080082bf        0x1 
 .rodata._ZL10YELLOW_RGB
                0x00000000080082c0        0x3 Src/light_control_funcs.o
 *fill*         0x00000000080082c3        0x1 
 .rodata.main   0x00000000080082c4       0x1c Src/main.o
 .rodata.AHBPrescTable
                0x00000000080082e0       0x10 Src/system_stm32l0xx.o
                0x00000000080082e0                AHBPrescTable
 .rodata.APBPrescTable
                0x00000000080082f0        0x8 Src/system_stm32l0xx.o
                0x00000000080082f0                APBPrescTable
 .rodata.PLLMulTable
                0x00000000080082f8        0x9 Src/system_stm32l0xx.o
                0x00000000080082f8                PLLMulTable
                0x0000000008008304                . = ALIGN (0x4)
 *fill*         0x0000000008008301        0x3 

.ARM.extab      0x0000000008008304        0x0
                0x0000000008008304                . = ALIGN (0x4)
 *(.ARM.extab* .gnu.linkonce.armextab.*)
                0x0000000008008304                . = ALIGN (0x4)

.ARM            0x0000000008008304        0x8
                0x0000000008008304                . = ALIGN (0x4)
                0x0000000008008304                __exidx_start = .
 *(.ARM.exidx*)
 .ARM.exidx     0x0000000008008304        0x8 c:/st/stm32cubeide_1.2.0/stm32cubeide/plugins/com.st.stm32cube.ide.mcu.externaltools.gnu-tools-for-stm32.7-2018-q2-update.win32_1.0.0.201904181610/tools/bin/../lib/gcc/arm-none-eabi/7.3.1/thumb/v6-m\libgcc.a(_udivmoddi4.o)
                0x000000000800830c                __exidx_end = .
                0x000000000800830c                . = ALIGN (0x4)

.rel.dyn        0x000000000800830c        0x0
 .rel.iplt      0x000000000800830c        0x0 c:/st/stm32cubeide_1.2.0/stm32cubeide/plugins/com.st.stm32cube.ide.mcu.externaltools.gnu-tools-for-stm32.7-2018-q2-update.win32_1.0.0.201904181610/tools/bin/../lib/gcc/arm-none-eabi/7.3.1/thumb/v6-m/crtbegin.o

.preinit_array  0x000000000800830c        0x0
                0x000000000800830c                . = ALIGN (0x4)
                0x000000000800830c                PROVIDE (__preinit_array_start = .)
 *(.preinit_array*)
                0x000000000800830c                PROVIDE (__preinit_array_end = .)
                0x000000000800830c                . = ALIGN (0x4)

.init_array     0x000000000800830c        0x4
                0x000000000800830c                . = ALIGN (0x4)
                0x000000000800830c                PROVIDE (__init_array_start = .)
 *(SORT_BY_NAME(.init_array.*))
 *(.init_array*)
 .init_array    0x000000000800830c        0x4 c:/st/stm32cubeide_1.2.0/stm32cubeide/plugins/com.st.stm32cube.ide.mcu.externaltools.gnu-tools-for-stm32.7-2018-q2-update.win32_1.0.0.201904181610/tools/bin/../lib/gcc/arm-none-eabi/7.3.1/thumb/v6-m/crtbegin.o
                0x0000000008008310                PROVIDE (__init_array_end = .)
                0x0000000008008310                . = ALIGN (0x4)

.fini_array     0x0000000008008310        0x4
                0x0000000008008310                . = ALIGN (0x4)
                [!provide]                        PROVIDE (__fini_array_start = .)
 *(SORT_BY_NAME(.fini_array.*))
 *(.fini_array*)
 .fini_array    0x0000000008008310        0x4 c:/st/stm32cubeide_1.2.0/stm32cubeide/plugins/com.st.stm32cube.ide.mcu.externaltools.gnu-tools-for-stm32.7-2018-q2-update.win32_1.0.0.201904181610/tools/bin/../lib/gcc/arm-none-eabi/7.3.1/thumb/v6-m/crtbegin.o
                [!provide]                        PROVIDE (__fini_array_end = .)
                0x0000000008008314                . = ALIGN (0x4)
                0x0000000008008314                _sidata = LOADADDR (.data)

.data           0x0000000020000000       0x6c load address 0x0000000008008314
                0x0000000020000000                . = ALIGN (0x4)
                0x0000000020000000                _sdata = .
 *(.data)
 *(.data*)
 .data._ZL17bg_change_det_cnt
                0x0000000020000000        0x1 Src/light_control_funcs.o
 .data._ZL13bg_change_det
                0x0000000020000001        0x1 Src/light_control_funcs.o
 .data.uart_ready
                0x0000000020000002        0x1 Src/main.o
                0x0000000020000002                uart_ready
 *fill*         0x0000000020000003        0x1 
 .data.SystemCoreClock
                0x0000000020000004        0x4 Src/system_stm32l0xx.o
                0x0000000020000004                SystemCoreClock
 .data._impure_ptr
                0x0000000020000008        0x4 c:/st/stm32cubeide_1.2.0/stm32cubeide/plugins/com.st.stm32cube.ide.mcu.externaltools.gnu-tools-for-stm32.7-2018-q2-update.win32_1.0.0.201904181610/tools/bin/../lib/gcc/arm-none-eabi/7.3.1/../../../../arm-none-eabi/lib/thumb/v6-m\libc_nano.a(lib_a-impure.o)
                0x0000000020000008                _impure_ptr
 .data.impure_data
                0x000000002000000c       0x60 c:/st/stm32cubeide_1.2.0/stm32cubeide/plugins/com.st.stm32cube.ide.mcu.externaltools.gnu-tools-for-stm32.7-2018-q2-update.win32_1.0.0.201904181610/tools/bin/../lib/gcc/arm-none-eabi/7.3.1/../../../../arm-none-eabi/lib/thumb/v6-m\libc_nano.a(lib_a-impure.o)
                0x000000002000006c                . = ALIGN (0x4)
                0x000000002000006c                _edata = .

.igot.plt       0x000000002000006c        0x0 load address 0x0000000008008380
 .igot.plt      0x000000002000006c        0x0 c:/st/stm32cubeide_1.2.0/stm32cubeide/plugins/com.st.stm32cube.ide.mcu.externaltools.gnu-tools-for-stm32.7-2018-q2-update.win32_1.0.0.201904181610/tools/bin/../lib/gcc/arm-none-eabi/7.3.1/thumb/v6-m/crtbegin.o
                0x000000002000006c                . = ALIGN (0x4)

.bss            0x000000002000006c      0x180 load address 0x0000000008008380
                0x000000002000006c                _sbss = .
                0x000000002000006c                __bss_start__ = _sbss
 *(.bss)
 .bss           0x000000002000006c       0x1c c:/st/stm32cubeide_1.2.0/stm32cubeide/plugins/com.st.stm32cube.ide.mcu.externaltools.gnu-tools-for-stm32.7-2018-q2-update.win32_1.0.0.201904181610/tools/bin/../lib/gcc/arm-none-eabi/7.3.1/thumb/v6-m/crtbegin.o
 *(.bss*)
 .bss._ZL17bg_sw_states_last
                0x0000000020000088        0x8 Src/light_control_funcs.o
 .bss.uart_data
                0x0000000020000090        0x1 Src/main.o
                0x0000000020000090                uart_data
 *fill*         0x0000000020000091        0x3 
 .bss.bg_sw_states
                0x0000000020000094        0x8 Src/main.o
                0x0000000020000094                bg_sw_states
 .bss.tog_sw_states
                0x000000002000009c        0x3 Src/main.o
                0x000000002000009c                tog_sw_states
 .bss.push_sw_state
                0x000000002000009f        0x1 Src/main.o
                0x000000002000009f                push_sw_state
 .bss.color_state
                0x00000000200000a0        0x1 Src/main.o
                0x00000000200000a0                color_state
 *fill*         0x00000000200000a1        0x3 
 .bss.heap_end.5149
                0x00000000200000a4        0x4 Src/sysmem.o
 .bss.__malloc_free_list
                0x00000000200000a8        0x4 c:/st/stm32cubeide_1.2.0/stm32cubeide/plugins/com.st.stm32cube.ide.mcu.externaltools.gnu-tools-for-stm32.7-2018-q2-update.win32_1.0.0.201904181610/tools/bin/../lib/gcc/arm-none-eabi/7.3.1/../../../../arm-none-eabi/lib/thumb/v6-m\libc_nano.a(lib_a-nano-mallocr.o)
                0x00000000200000a8                __malloc_free_list
 .bss.__malloc_sbrk_start
                0x00000000200000ac        0x4 c:/st/stm32cubeide_1.2.0/stm32cubeide/plugins/com.st.stm32cube.ide.mcu.externaltools.gnu-tools-for-stm32.7-2018-q2-update.win32_1.0.0.201904181610/tools/bin/../lib/gcc/arm-none-eabi/7.3.1/../../../../arm-none-eabi/lib/thumb/v6-m\libc_nano.a(lib_a-nano-mallocr.o)
                0x00000000200000ac                __malloc_sbrk_start
 *(COMMON)
 COMMON         0x00000000200000b0        0x4 Drivers/STM32L0xx_HAL_Driver/Src/stm32l0xx_hal.o
                0x00000000200000b0                uwTick
 COMMON         0x00000000200000b4       0x4c Src/i2c.o
                0x00000000200000b4                hi2c1
 COMMON         0x0000000020000100       0x10 Src/rng.o
                0x0000000020000100                hrng
 COMMON         0x0000000020000110       0x58 Src/spi.o
                0x0000000020000110                hspi1
 COMMON         0x0000000020000168       0x80 Src/usart.o
                0x0000000020000168                huart1
 COMMON         0x00000000200001e8        0x4 c:/st/stm32cubeide_1.2.0/stm32cubeide/plugins/com.st.stm32cube.ide.mcu.externaltools.gnu-tools-for-stm32.7-2018-q2-update.win32_1.0.0.201904181610/tools/bin/../lib/gcc/arm-none-eabi/7.3.1/../../../../arm-none-eabi/lib/thumb/v6-m\libc_nano.a(lib_a-reent.o)
                0x00000000200001e8                errno
                0x00000000200001ec                . = ALIGN (0x4)
                0x00000000200001ec                _ebss = .
                0x00000000200001ec                __bss_end__ = _ebss

._user_heap_stack
                0x00000000200001ec      0x604 load address 0x0000000008008380
                0x00000000200001f0                . = ALIGN (0x8)
 *fill*         0x00000000200001ec        0x4 
                0x00000000200001f0                PROVIDE (end = .)
                [!provide]                        PROVIDE (_end = .)
                0x00000000200003f0                . = (. + _Min_Heap_Size)
 *fill*         0x00000000200001f0      0x200 
                0x00000000200007f0                . = (. + _Min_Stack_Size)
 *fill*         0x00000000200003f0      0x400 
                0x00000000200007f0                . = ALIGN (0x8)

/DISCARD/
 libc.a(*)
 libm.a(*)
 libgcc.a(*)

.ARM.attributes
                0x0000000000000000       0x28
 *(.ARM.attributes)
 .ARM.attributes
                0x0000000000000000       0x1e c:/st/stm32cubeide_1.2.0/stm32cubeide/plugins/com.st.stm32cube.ide.mcu.externaltools.gnu-tools-for-stm32.7-2018-q2-update.win32_1.0.0.201904181610/tools/bin/../lib/gcc/arm-none-eabi/7.3.1/thumb/v6-m/crti.o
 .ARM.attributes
                0x000000000000001e       0x2c c:/st/stm32cubeide_1.2.0/stm32cubeide/plugins/com.st.stm32cube.ide.mcu.externaltools.gnu-tools-for-stm32.7-2018-q2-update.win32_1.0.0.201904181610/tools/bin/../lib/gcc/arm-none-eabi/7.3.1/thumb/v6-m/crtbegin.o
 .ARM.attributes
                0x000000000000004a       0x32 Drivers/STM32L0xx_HAL_Driver/Src/stm32l0xx_hal.o
 .ARM.attributes
                0x000000000000007c       0x32 Drivers/STM32L0xx_HAL_Driver/Src/stm32l0xx_hal_cortex.o
 .ARM.attributes
                0x00000000000000ae       0x32 Drivers/STM32L0xx_HAL_Driver/Src/stm32l0xx_hal_dma.o
 .ARM.attributes
                0x00000000000000e0       0x32 Drivers/STM32L0xx_HAL_Driver/Src/stm32l0xx_hal_gpio.o
 .ARM.attributes
                0x0000000000000112       0x32 Drivers/STM32L0xx_HAL_Driver/Src/stm32l0xx_hal_i2c.o
 .ARM.attributes
                0x0000000000000144       0x32 Drivers/STM32L0xx_HAL_Driver/Src/stm32l0xx_hal_i2c_ex.o
 .ARM.attributes
                0x0000000000000176       0x32 Drivers/STM32L0xx_HAL_Driver/Src/stm32l0xx_hal_rcc.o
 .ARM.attributes
                0x00000000000001a8       0x32 Drivers/STM32L0xx_HAL_Driver/Src/stm32l0xx_hal_rcc_ex.o
 .ARM.attributes
                0x00000000000001da       0x32 Drivers/STM32L0xx_HAL_Driver/Src/stm32l0xx_hal_rng.o
 .ARM.attributes
                0x000000000000020c       0x32 Drivers/STM32L0xx_HAL_Driver/Src/stm32l0xx_hal_spi.o
 .ARM.attributes
                0x000000000000023e       0x32 Drivers/STM32L0xx_HAL_Driver/Src/stm32l0xx_hal_uart.o
 .ARM.attributes
                0x0000000000000270       0x32 Drivers/STM32L0xx_HAL_Driver/Src/stm32l0xx_hal_uart_ex.o
 .ARM.attributes
                0x00000000000002a2       0x32 Src/APDS9960.o
 .ARM.attributes
                0x00000000000002d4       0x32 Src/LedControl.o
 .ARM.attributes
                0x0000000000000306       0x32 Src/bar_graph.o
 .ARM.attributes
                0x0000000000000338       0x32 Src/dotstar.o
 .ARM.attributes
                0x000000000000036a       0x32 Src/gpio.o
 .ARM.attributes
                0x000000000000039c       0x32 Src/i2c.o
 .ARM.attributes
                0x00000000000003ce       0x32 Src/light_control_funcs.o
 .ARM.attributes
                0x0000000000000400       0x32 Src/main.o
 .ARM.attributes
                0x0000000000000432       0x32 Src/ring_effects.o
 .ARM.attributes
                0x0000000000000464       0x32 Src/rng.o
 .ARM.attributes
                0x0000000000000496       0x32 Src/spi.o
 .ARM.attributes
                0x00000000000004c8       0x32 Src/stm32l0xx_hal_msp.o
 .ARM.attributes
                0x00000000000004fa       0x32 Src/stm32l0xx_it.o
 .ARM.attributes
                0x000000000000052c       0x32 Src/sysmem.o
 .ARM.attributes
                0x000000000000055e       0x32 Src/system_stm32l0xx.o
 .ARM.attributes
                0x0000000000000590       0x32 Src/usart.o
 .ARM.attributes
                0x00000000000005c2       0x22 Startup/startup_stm32l052c8tx.o
 .ARM.attributes
                0x00000000000005e4       0x2c c:/st/stm32cubeide_1.2.0/stm32cubeide/plugins/com.st.stm32cube.ide.mcu.externaltools.gnu-tools-for-stm32.7-2018-q2-update.win32_1.0.0.201904181610/tools/bin/../lib/gcc/arm-none-eabi/7.3.1/../../../../arm-none-eabi/lib/thumb/v6-m\libc_nano.a(lib_a-errno.o)
 .ARM.attributes
                0x0000000000000610       0x2c c:/st/stm32cubeide_1.2.0/stm32cubeide/plugins/com.st.stm32cube.ide.mcu.externaltools.gnu-tools-for-stm32.7-2018-q2-update.win32_1.0.0.201904181610/tools/bin/../lib/gcc/arm-none-eabi/7.3.1/../../../../arm-none-eabi/lib/thumb/v6-m\libc_nano.a(lib_a-impure.o)
 .ARM.attributes
                0x000000000000063c       0x2c c:/st/stm32cubeide_1.2.0/stm32cubeide/plugins/com.st.stm32cube.ide.mcu.externaltools.gnu-tools-for-stm32.7-2018-q2-update.win32_1.0.0.201904181610/tools/bin/../lib/gcc/arm-none-eabi/7.3.1/../../../../arm-none-eabi/lib/thumb/v6-m\libc_nano.a(lib_a-init.o)
 .ARM.attributes
                0x0000000000000668       0x2c c:/st/stm32cubeide_1.2.0/stm32cubeide/plugins/com.st.stm32cube.ide.mcu.externaltools.gnu-tools-for-stm32.7-2018-q2-update.win32_1.0.0.201904181610/tools/bin/../lib/gcc/arm-none-eabi/7.3.1/../../../../arm-none-eabi/lib/thumb/v6-m\libc_nano.a(lib_a-malloc.o)
 .ARM.attributes
                0x0000000000000694       0x2c c:/st/stm32cubeide_1.2.0/stm32cubeide/plugins/com.st.stm32cube.ide.mcu.externaltools.gnu-tools-for-stm32.7-2018-q2-update.win32_1.0.0.201904181610/tools/bin/../lib/gcc/arm-none-eabi/7.3.1/../../../../arm-none-eabi/lib/thumb/v6-m\libc_nano.a(lib_a-memset.o)
 .ARM.attributes
                0x00000000000006c0       0x2c c:/st/stm32cubeide_1.2.0/stm32cubeide/plugins/com.st.stm32cube.ide.mcu.externaltools.gnu-tools-for-stm32.7-2018-q2-update.win32_1.0.0.201904181610/tools/bin/../lib/gcc/arm-none-eabi/7.3.1/../../../../arm-none-eabi/lib/thumb/v6-m\libc_nano.a(lib_a-nano-mallocr.o)
 .ARM.attributes
                0x00000000000006ec       0x2c c:/st/stm32cubeide_1.2.0/stm32cubeide/plugins/com.st.stm32cube.ide.mcu.externaltools.gnu-tools-for-stm32.7-2018-q2-update.win32_1.0.0.201904181610/tools/bin/../lib/gcc/arm-none-eabi/7.3.1/../../../../arm-none-eabi/lib/thumb/v6-m\libc_nano.a(lib_a-sbrkr.o)
 .ARM.attributes
                0x0000000000000718       0x2c c:/st/stm32cubeide_1.2.0/stm32cubeide/plugins/com.st.stm32cube.ide.mcu.externaltools.gnu-tools-for-stm32.7-2018-q2-update.win32_1.0.0.201904181610/tools/bin/../lib/gcc/arm-none-eabi/7.3.1/../../../../arm-none-eabi/lib/thumb/v6-m\libc_nano.a(lib_a-mlock.o)
 .ARM.attributes
                0x0000000000000744       0x2c c:/st/stm32cubeide_1.2.0/stm32cubeide/plugins/com.st.stm32cube.ide.mcu.externaltools.gnu-tools-for-stm32.7-2018-q2-update.win32_1.0.0.201904181610/tools/bin/../lib/gcc/arm-none-eabi/7.3.1/../../../../arm-none-eabi/lib/thumb/v6-m\libc_nano.a(lib_a-reent.o)
 .ARM.attributes
                0x0000000000000770       0x1e c:/st/stm32cubeide_1.2.0/stm32cubeide/plugins/com.st.stm32cube.ide.mcu.externaltools.gnu-tools-for-stm32.7-2018-q2-update.win32_1.0.0.201904181610/tools/bin/../lib/gcc/arm-none-eabi/7.3.1/thumb/v6-m\libgcc.a(_udivsi3.o)
 .ARM.attributes
                0x000000000000078e       0x1e c:/st/stm32cubeide_1.2.0/stm32cubeide/plugins/com.st.stm32cube.ide.mcu.externaltools.gnu-tools-for-stm32.7-2018-q2-update.win32_1.0.0.201904181610/tools/bin/../lib/gcc/arm-none-eabi/7.3.1/thumb/v6-m\libgcc.a(_dvmd_tls.o)
 .ARM.attributes
                0x00000000000007ac       0x1e c:/st/stm32cubeide_1.2.0/stm32cubeide/plugins/com.st.stm32cube.ide.mcu.externaltools.gnu-tools-for-stm32.7-2018-q2-update.win32_1.0.0.201904181610/tools/bin/../lib/gcc/arm-none-eabi/7.3.1/thumb/v6-m\libgcc.a(_arm_cmpsf2.o)
 .ARM.attributes
                0x00000000000007ca       0x1e c:/st/stm32cubeide_1.2.0/stm32cubeide/plugins/com.st.stm32cube.ide.mcu.externaltools.gnu-tools-for-stm32.7-2018-q2-update.win32_1.0.0.201904181610/tools/bin/../lib/gcc/arm-none-eabi/7.3.1/thumb/v6-m\libgcc.a(_aeabi_uldivmod.o)
 .ARM.attributes
                0x00000000000007e8       0x2c c:/st/stm32cubeide_1.2.0/stm32cubeide/plugins/com.st.stm32cube.ide.mcu.externaltools.gnu-tools-for-stm32.7-2018-q2-update.win32_1.0.0.201904181610/tools/bin/../lib/gcc/arm-none-eabi/7.3.1/thumb/v6-m\libgcc.a(_fixunssfsi.o)
 .ARM.attributes
                0x0000000000000814       0x2c c:/st/stm32cubeide_1.2.0/stm32cubeide/plugins/com.st.stm32cube.ide.mcu.externaltools.gnu-tools-for-stm32.7-2018-q2-update.win32_1.0.0.201904181610/tools/bin/../lib/gcc/arm-none-eabi/7.3.1/thumb/v6-m\libgcc.a(_udivmoddi4.o)
 .ARM.attributes
                0x0000000000000840       0x2c c:/st/stm32cubeide_1.2.0/stm32cubeide/plugins/com.st.stm32cube.ide.mcu.externaltools.gnu-tools-for-stm32.7-2018-q2-update.win32_1.0.0.201904181610/tools/bin/../lib/gcc/arm-none-eabi/7.3.1/thumb/v6-m\libgcc.a(addsf3.o)
 .ARM.attributes
                0x000000000000086c       0x2c c:/st/stm32cubeide_1.2.0/stm32cubeide/plugins/com.st.stm32cube.ide.mcu.externaltools.gnu-tools-for-stm32.7-2018-q2-update.win32_1.0.0.201904181610/tools/bin/../lib/gcc/arm-none-eabi/7.3.1/thumb/v6-m\libgcc.a(eqsf2.o)
 .ARM.attributes
                0x0000000000000898       0x2c c:/st/stm32cubeide_1.2.0/stm32cubeide/plugins/com.st.stm32cube.ide.mcu.externaltools.gnu-tools-for-stm32.7-2018-q2-update.win32_1.0.0.201904181610/tools/bin/../lib/gcc/arm-none-eabi/7.3.1/thumb/v6-m\libgcc.a(gesf2.o)
 .ARM.attributes
                0x00000000000008c4       0x2c c:/st/stm32cubeide_1.2.0/stm32cubeide/plugins/com.st.stm32cube.ide.mcu.externaltools.gnu-tools-for-stm32.7-2018-q2-update.win32_1.0.0.201904181610/tools/bin/../lib/gcc/arm-none-eabi/7.3.1/thumb/v6-m\libgcc.a(lesf2.o)
 .ARM.attributes
                0x00000000000008f0       0x2c c:/st/stm32cubeide_1.2.0/stm32cubeide/plugins/com.st.stm32cube.ide.mcu.externaltools.gnu-tools-for-stm32.7-2018-q2-update.win32_1.0.0.201904181610/tools/bin/../lib/gcc/arm-none-eabi/7.3.1/thumb/v6-m\libgcc.a(subsf3.o)
 .ARM.attributes
                0x000000000000091c       0x2c c:/st/stm32cubeide_1.2.0/stm32cubeide/plugins/com.st.stm32cube.ide.mcu.externaltools.gnu-tools-for-stm32.7-2018-q2-update.win32_1.0.0.201904181610/tools/bin/../lib/gcc/arm-none-eabi/7.3.1/thumb/v6-m\libgcc.a(fixsfsi.o)
 .ARM.attributes
                0x0000000000000948       0x2c c:/st/stm32cubeide_1.2.0/stm32cubeide/plugins/com.st.stm32cube.ide.mcu.externaltools.gnu-tools-for-stm32.7-2018-q2-update.win32_1.0.0.201904181610/tools/bin/../lib/gcc/arm-none-eabi/7.3.1/thumb/v6-m\libgcc.a(floatunsisf.o)
 .ARM.attributes
                0x0000000000000974       0x2c c:/st/stm32cubeide_1.2.0/stm32cubeide/plugins/com.st.stm32cube.ide.mcu.externaltools.gnu-tools-for-stm32.7-2018-q2-update.win32_1.0.0.201904181610/tools/bin/../lib/gcc/arm-none-eabi/7.3.1/thumb/v6-m\libgcc.a(divdf3.o)
 .ARM.attributes
                0x00000000000009a0       0x2c c:/st/stm32cubeide_1.2.0/stm32cubeide/plugins/com.st.stm32cube.ide.mcu.externaltools.gnu-tools-for-stm32.7-2018-q2-update.win32_1.0.0.201904181610/tools/bin/../lib/gcc/arm-none-eabi/7.3.1/thumb/v6-m\libgcc.a(muldf3.o)
 .ARM.attributes
                0x00000000000009cc       0x2c c:/st/stm32cubeide_1.2.0/stm32cubeide/plugins/com.st.stm32cube.ide.mcu.externaltools.gnu-tools-for-stm32.7-2018-q2-update.win32_1.0.0.201904181610/tools/bin/../lib/gcc/arm-none-eabi/7.3.1/thumb/v6-m\libgcc.a(fixdfsi.o)
 .ARM.attributes
                0x00000000000009f8       0x2c c:/st/stm32cubeide_1.2.0/stm32cubeide/plugins/com.st.stm32cube.ide.mcu.externaltools.gnu-tools-for-stm32.7-2018-q2-update.win32_1.0.0.201904181610/tools/bin/../lib/gcc/arm-none-eabi/7.3.1/thumb/v6-m\libgcc.a(floatsidf.o)
 .ARM.attributes
                0x0000000000000a24       0x2c c:/st/stm32cubeide_1.2.0/stm32cubeide/plugins/com.st.stm32cube.ide.mcu.externaltools.gnu-tools-for-stm32.7-2018-q2-update.win32_1.0.0.201904181610/tools/bin/../lib/gcc/arm-none-eabi/7.3.1/thumb/v6-m\libgcc.a(floatunsidf.o)
 .ARM.attributes
                0x0000000000000a50       0x2c c:/st/stm32cubeide_1.2.0/stm32cubeide/plugins/com.st.stm32cube.ide.mcu.externaltools.gnu-tools-for-stm32.7-2018-q2-update.win32_1.0.0.201904181610/tools/bin/../lib/gcc/arm-none-eabi/7.3.1/thumb/v6-m\libgcc.a(extendsfdf2.o)
 .ARM.attributes
                0x0000000000000a7c       0x2c c:/st/stm32cubeide_1.2.0/stm32cubeide/plugins/com.st.stm32cube.ide.mcu.externaltools.gnu-tools-for-stm32.7-2018-q2-update.win32_1.0.0.201904181610/tools/bin/../lib/gcc/arm-none-eabi/7.3.1/thumb/v6-m\libgcc.a(truncdfsf2.o)
 .ARM.attributes
                0x0000000000000aa8       0x1e c:/st/stm32cubeide_1.2.0/stm32cubeide/plugins/com.st.stm32cube.ide.mcu.externaltools.gnu-tools-for-stm32.7-2018-q2-update.win32_1.0.0.201904181610/tools/bin/../lib/gcc/arm-none-eabi/7.3.1/thumb/v6-m\libgcc.a(_clzsi2.o)
 .ARM.attributes
                0x0000000000000ac6       0x1e c:/st/stm32cubeide_1.2.0/stm32cubeide/plugins/com.st.stm32cube.ide.mcu.externaltools.gnu-tools-for-stm32.7-2018-q2-update.win32_1.0.0.201904181610/tools/bin/../lib/gcc/arm-none-eabi/7.3.1/thumb/v6-m\libgcc.a(_clzdi2.o)
 .ARM.attributes
                0x0000000000000ae4       0x1e c:/st/stm32cubeide_1.2.0/stm32cubeide/plugins/com.st.stm32cube.ide.mcu.externaltools.gnu-tools-for-stm32.7-2018-q2-update.win32_1.0.0.201904181610/tools/bin/../lib/gcc/arm-none-eabi/7.3.1/thumb/v6-m/crtn.o
OUTPUT(CommandCenter_Light.elf elf32-littlearm)

.debug_info     0x0000000000000000    0x17dca
 .debug_info    0x0000000000000000      0x7a5 Drivers/STM32L0xx_HAL_Driver/Src/stm32l0xx_hal.o
 .debug_info    0x00000000000007a5      0x8c7 Drivers/STM32L0xx_HAL_Driver/Src/stm32l0xx_hal_cortex.o
 .debug_info    0x000000000000106c      0x77c Drivers/STM32L0xx_HAL_Driver/Src/stm32l0xx_hal_dma.o
 .debug_info    0x00000000000017e8      0x6c4 Drivers/STM32L0xx_HAL_Driver/Src/stm32l0xx_hal_gpio.o
 .debug_info    0x0000000000001eac     0x1eef Drivers/STM32L0xx_HAL_Driver/Src/stm32l0xx_hal_i2c.o
 .debug_info    0x0000000000003d9b      0x8e8 Drivers/STM32L0xx_HAL_Driver/Src/stm32l0xx_hal_i2c_ex.o
 .debug_info    0x0000000000004683      0x954 Drivers/STM32L0xx_HAL_Driver/Src/stm32l0xx_hal_rcc.o
 .debug_info    0x0000000000004fd7      0x805 Drivers/STM32L0xx_HAL_Driver/Src/stm32l0xx_hal_rcc_ex.o
 .debug_info    0x00000000000057dc      0x509 Drivers/STM32L0xx_HAL_Driver/Src/stm32l0xx_hal_rng.o
 .debug_info    0x0000000000005ce5     0x159d Drivers/STM32L0xx_HAL_Driver/Src/stm32l0xx_hal_spi.o
 .debug_info    0x0000000000007282     0x1524 Drivers/STM32L0xx_HAL_Driver/Src/stm32l0xx_hal_uart.o
 .debug_info    0x00000000000087a6      0x88f Drivers/STM32L0xx_HAL_Driver/Src/stm32l0xx_hal_uart_ex.o
 .debug_info    0x0000000000009035     0x350f Src/APDS9960.o
 .debug_info    0x000000000000c544      0xc47 Src/LedControl.o
 .debug_info    0x000000000000d18b     0x19aa Src/bar_graph.o
 .debug_info    0x000000000000eb35     0x1824 Src/dotstar.o
 .debug_info    0x0000000000010359      0x3cb Src/gpio.o
 .debug_info    0x0000000000010724      0x8ee Src/i2c.o
 .debug_info    0x0000000000011012     0x129b Src/light_control_funcs.o
 .debug_info    0x00000000000122ad     0x28d1 Src/main.o
 .debug_info    0x0000000000014b7e      0x581 Src/ring_effects.o
 .debug_info    0x00000000000150ff      0x3f4 Src/rng.o
 .debug_info    0x00000000000154f3      0x895 Src/spi.o
 .debug_info    0x0000000000015d88      0x323 Src/stm32l0xx_hal_msp.o
 .debug_info    0x00000000000160ab      0x68a Src/stm32l0xx_it.o
 .debug_info    0x0000000000016735      0x91c Src/sysmem.o
 .debug_info    0x0000000000017051      0x390 Src/system_stm32l0xx.o
 .debug_info    0x00000000000173e1      0x9c7 Src/usart.o
 .debug_info    0x0000000000017da8       0x22 Startup/startup_stm32l052c8tx.o

.debug_abbrev   0x0000000000000000     0x3b32
 .debug_abbrev  0x0000000000000000      0x219 Drivers/STM32L0xx_HAL_Driver/Src/stm32l0xx_hal.o
 .debug_abbrev  0x0000000000000219      0x261 Drivers/STM32L0xx_HAL_Driver/Src/stm32l0xx_hal_cortex.o
 .debug_abbrev  0x000000000000047a      0x1cc Drivers/STM32L0xx_HAL_Driver/Src/stm32l0xx_hal_dma.o
 .debug_abbrev  0x0000000000000646      0x1c0 Drivers/STM32L0xx_HAL_Driver/Src/stm32l0xx_hal_gpio.o
 .debug_abbrev  0x0000000000000806      0x239 Drivers/STM32L0xx_HAL_Driver/Src/stm32l0xx_hal_i2c.o
 .debug_abbrev  0x0000000000000a3f      0x1b0 Drivers/STM32L0xx_HAL_Driver/Src/stm32l0xx_hal_i2c_ex.o
 .debug_abbrev  0x0000000000000bef      0x21a Drivers/STM32L0xx_HAL_Driver/Src/stm32l0xx_hal_rcc.o
 .debug_abbrev  0x0000000000000e09      0x1ea Drivers/STM32L0xx_HAL_Driver/Src/stm32l0xx_hal_rcc_ex.o
 .debug_abbrev  0x0000000000000ff3      0x1be Drivers/STM32L0xx_HAL_Driver/Src/stm32l0xx_hal_rng.o
 .debug_abbrev  0x00000000000011b1      0x240 Drivers/STM32L0xx_HAL_Driver/Src/stm32l0xx_hal_spi.o
 .debug_abbrev  0x00000000000013f1      0x214 Drivers/STM32L0xx_HAL_Driver/Src/stm32l0xx_hal_uart.o
 .debug_abbrev  0x0000000000001605      0x1f1 Drivers/STM32L0xx_HAL_Driver/Src/stm32l0xx_hal_uart_ex.o
 .debug_abbrev  0x00000000000017f6      0x49f Src/APDS9960.o
 .debug_abbrev  0x0000000000001c95      0x2d5 Src/LedControl.o
 .debug_abbrev  0x0000000000001f6a      0x3c1 Src/bar_graph.o
 .debug_abbrev  0x000000000000232b      0x39c Src/dotstar.o
 .debug_abbrev  0x00000000000026c7      0x134 Src/gpio.o
 .debug_abbrev  0x00000000000027fb      0x199 Src/i2c.o
 .debug_abbrev  0x0000000000002994      0x28f Src/light_control_funcs.o
 .debug_abbrev  0x0000000000002c23      0x3b3 Src/main.o
 .debug_abbrev  0x0000000000002fd6      0x1b7 Src/ring_effects.o
 .debug_abbrev  0x000000000000318d      0x15b Src/rng.o
 .debug_abbrev  0x00000000000032e8      0x18e Src/spi.o
 .debug_abbrev  0x0000000000003476       0xef Src/stm32l0xx_hal_msp.o
 .debug_abbrev  0x0000000000003565      0x158 Src/stm32l0xx_it.o
 .debug_abbrev  0x00000000000036bd      0x1bb Src/sysmem.o
 .debug_abbrev  0x0000000000003878      0x111 Src/system_stm32l0xx.o
 .debug_abbrev  0x0000000000003989      0x197 Src/usart.o
 .debug_abbrev  0x0000000000003b20       0x12 Startup/startup_stm32l052c8tx.o

.debug_aranges  0x0000000000000000     0x1128
 .debug_aranges
                0x0000000000000000       0xf8 Drivers/STM32L0xx_HAL_Driver/Src/stm32l0xx_hal.o
 .debug_aranges
                0x00000000000000f8       0xd8 Drivers/STM32L0xx_HAL_Driver/Src/stm32l0xx_hal_cortex.o
 .debug_aranges
                0x00000000000001d0       0x80 Drivers/STM32L0xx_HAL_Driver/Src/stm32l0xx_hal_dma.o
 .debug_aranges
                0x0000000000000250       0x58 Drivers/STM32L0xx_HAL_Driver/Src/stm32l0xx_hal_gpio.o
 .debug_aranges
                0x00000000000002a8      0x288 Drivers/STM32L0xx_HAL_Driver/Src/stm32l0xx_hal_i2c.o
 .debug_aranges
                0x0000000000000530       0x48 Drivers/STM32L0xx_HAL_Driver/Src/stm32l0xx_hal_i2c_ex.o
 .debug_aranges
                0x0000000000000578       0x80 Drivers/STM32L0xx_HAL_Driver/Src/stm32l0xx_hal_rcc.o
 .debug_aranges
                0x00000000000005f8       0xb0 Drivers/STM32L0xx_HAL_Driver/Src/stm32l0xx_hal_rcc_ex.o
 .debug_aranges
                0x00000000000006a8       0x88 Drivers/STM32L0xx_HAL_Driver/Src/stm32l0xx_hal_rng.o
 .debug_aranges
                0x0000000000000730      0x1d0 Drivers/STM32L0xx_HAL_Driver/Src/stm32l0xx_hal_spi.o
 .debug_aranges
                0x0000000000000900      0x1f8 Drivers/STM32L0xx_HAL_Driver/Src/stm32l0xx_hal_uart.o
 .debug_aranges
                0x0000000000000af8       0x60 Drivers/STM32L0xx_HAL_Driver/Src/stm32l0xx_hal_uart_ex.o
 .debug_aranges
                0x0000000000000b58      0x1d0 Src/APDS9960.o
 .debug_aranges
                0x0000000000000d28       0x68 Src/LedControl.o
 .debug_aranges
                0x0000000000000d90       0x40 Src/bar_graph.o
 .debug_aranges
                0x0000000000000dd0       0xb0 Src/dotstar.o
 .debug_aranges
                0x0000000000000e80       0x20 Src/gpio.o
 .debug_aranges
                0x0000000000000ea0       0x30 Src/i2c.o
 .debug_aranges
                0x0000000000000ed0       0x80 Src/light_control_funcs.o
 .debug_aranges
                0x0000000000000f50       0x48 Src/main.o
 .debug_aranges
                0x0000000000000f98       0x28 Src/ring_effects.o
 .debug_aranges
                0x0000000000000fc0       0x30 Src/rng.o
 .debug_aranges
                0x0000000000000ff0       0x30 Src/spi.o
 .debug_aranges
                0x0000000000001020       0x20 Src/stm32l0xx_hal_msp.o
 .debug_aranges
                0x0000000000001040       0x48 Src/stm32l0xx_it.o
 .debug_aranges
                0x0000000000001088       0x20 Src/sysmem.o
 .debug_aranges
                0x00000000000010a8       0x28 Src/system_stm32l0xx.o
 .debug_aranges
                0x00000000000010d0       0x30 Src/usart.o
 .debug_aranges
                0x0000000000001100       0x28 Startup/startup_stm32l052c8tx.o

.debug_ranges   0x0000000000000000      0xf60
 .debug_ranges  0x0000000000000000       0xe8 Drivers/STM32L0xx_HAL_Driver/Src/stm32l0xx_hal.o
 .debug_ranges  0x00000000000000e8       0xc8 Drivers/STM32L0xx_HAL_Driver/Src/stm32l0xx_hal_cortex.o
 .debug_ranges  0x00000000000001b0       0x70 Drivers/STM32L0xx_HAL_Driver/Src/stm32l0xx_hal_dma.o
 .debug_ranges  0x0000000000000220       0x48 Drivers/STM32L0xx_HAL_Driver/Src/stm32l0xx_hal_gpio.o
 .debug_ranges  0x0000000000000268      0x278 Drivers/STM32L0xx_HAL_Driver/Src/stm32l0xx_hal_i2c.o
 .debug_ranges  0x00000000000004e0       0x38 Drivers/STM32L0xx_HAL_Driver/Src/stm32l0xx_hal_i2c_ex.o
 .debug_ranges  0x0000000000000518       0x70 Drivers/STM32L0xx_HAL_Driver/Src/stm32l0xx_hal_rcc.o
 .debug_ranges  0x0000000000000588       0xa0 Drivers/STM32L0xx_HAL_Driver/Src/stm32l0xx_hal_rcc_ex.o
 .debug_ranges  0x0000000000000628       0x78 Drivers/STM32L0xx_HAL_Driver/Src/stm32l0xx_hal_rng.o
 .debug_ranges  0x00000000000006a0      0x1c0 Drivers/STM32L0xx_HAL_Driver/Src/stm32l0xx_hal_spi.o
 .debug_ranges  0x0000000000000860      0x1e8 Drivers/STM32L0xx_HAL_Driver/Src/stm32l0xx_hal_uart.o
 .debug_ranges  0x0000000000000a48       0x50 Drivers/STM32L0xx_HAL_Driver/Src/stm32l0xx_hal_uart_ex.o
 .debug_ranges  0x0000000000000a98      0x1c0 Src/APDS9960.o
 .debug_ranges  0x0000000000000c58       0x58 Src/LedControl.o
 .debug_ranges  0x0000000000000cb0       0x30 Src/bar_graph.o
 .debug_ranges  0x0000000000000ce0       0xa0 Src/dotstar.o
 .debug_ranges  0x0000000000000d80       0x10 Src/gpio.o
 .debug_ranges  0x0000000000000d90       0x20 Src/i2c.o
 .debug_ranges  0x0000000000000db0       0x70 Src/light_control_funcs.o
 .debug_ranges  0x0000000000000e20       0x38 Src/main.o
 .debug_ranges  0x0000000000000e58       0x18 Src/ring_effects.o
 .debug_ranges  0x0000000000000e70       0x20 Src/rng.o
 .debug_ranges  0x0000000000000e90       0x20 Src/spi.o
 .debug_ranges  0x0000000000000eb0       0x10 Src/stm32l0xx_hal_msp.o
 .debug_ranges  0x0000000000000ec0       0x38 Src/stm32l0xx_it.o
 .debug_ranges  0x0000000000000ef8       0x10 Src/sysmem.o
 .debug_ranges  0x0000000000000f08       0x18 Src/system_stm32l0xx.o
 .debug_ranges  0x0000000000000f20       0x20 Src/usart.o
 .debug_ranges  0x0000000000000f40       0x20 Startup/startup_stm32l052c8tx.o

.debug_macro    0x0000000000000000    0x1756e
 .debug_macro   0x0000000000000000      0x1dc Drivers/STM32L0xx_HAL_Driver/Src/stm32l0xx_hal.o
 .debug_macro   0x00000000000001dc      0xa48 Drivers/STM32L0xx_HAL_Driver/Src/stm32l0xx_hal.o
 .debug_macro   0x0000000000000c24       0xa7 Drivers/STM32L0xx_HAL_Driver/Src/stm32l0xx_hal.o
 .debug_macro   0x0000000000000ccb       0x2e Drivers/STM32L0xx_HAL_Driver/Src/stm32l0xx_hal.o
 .debug_macro   0x0000000000000cf9       0x28 Drivers/STM32L0xx_HAL_Driver/Src/stm32l0xx_hal.o
 .debug_macro   0x0000000000000d21       0x22 Drivers/STM32L0xx_HAL_Driver/Src/stm32l0xx_hal.o
 .debug_macro   0x0000000000000d43       0x8e Drivers/STM32L0xx_HAL_Driver/Src/stm32l0xx_hal.o
 .debug_macro   0x0000000000000dd1       0x51 Drivers/STM32L0xx_HAL_Driver/Src/stm32l0xx_hal.o
 .debug_macro   0x0000000000000e22       0xef Drivers/STM32L0xx_HAL_Driver/Src/stm32l0xx_hal.o
 .debug_macro   0x0000000000000f11       0x6a Drivers/STM32L0xx_HAL_Driver/Src/stm32l0xx_hal.o
 .debug_macro   0x0000000000000f7b      0x1df Drivers/STM32L0xx_HAL_Driver/Src/stm32l0xx_hal.o
 .debug_macro   0x000000000000115a       0x34 Drivers/STM32L0xx_HAL_Driver/Src/stm32l0xx_hal.o
 .debug_macro   0x000000000000118e       0x26 Drivers/STM32L0xx_HAL_Driver/Src/stm32l0xx_hal.o
 .debug_macro   0x00000000000011b4      0x44f Drivers/STM32L0xx_HAL_Driver/Src/stm32l0xx_hal.o
 .debug_macro   0x0000000000001603     0x99d3 Drivers/STM32L0xx_HAL_Driver/Src/stm32l0xx_hal.o
 .debug_macro   0x000000000000afd6       0x3c Drivers/STM32L0xx_HAL_Driver/Src/stm32l0xx_hal.o
 .debug_macro   0x000000000000b012     0x352c Drivers/STM32L0xx_HAL_Driver/Src/stm32l0xx_hal.o
 .debug_macro   0x000000000000e53e      0x174 Drivers/STM32L0xx_HAL_Driver/Src/stm32l0xx_hal.o
 .debug_macro   0x000000000000e6b2       0x5b Drivers/STM32L0xx_HAL_Driver/Src/stm32l0xx_hal.o
 .debug_macro   0x000000000000e70d      0x8d6 Drivers/STM32L0xx_HAL_Driver/Src/stm32l0xx_hal.o
 .debug_macro   0x000000000000efe3      0x970 Drivers/STM32L0xx_HAL_Driver/Src/stm32l0xx_hal.o
 .debug_macro   0x000000000000f953      0x13f Drivers/STM32L0xx_HAL_Driver/Src/stm32l0xx_hal.o
 .debug_macro   0x000000000000fa92      0x176 Drivers/STM32L0xx_HAL_Driver/Src/stm32l0xx_hal.o
 .debug_macro   0x000000000000fc08      0x28e Drivers/STM32L0xx_HAL_Driver/Src/stm32l0xx_hal.o
 .debug_macro   0x000000000000fe96      0x1e9 Drivers/STM32L0xx_HAL_Driver/Src/stm32l0xx_hal.o
 .debug_macro   0x000000000001007f      0x129 Drivers/STM32L0xx_HAL_Driver/Src/stm32l0xx_hal.o
 .debug_macro   0x00000000000101a8      0x2b4 Drivers/STM32L0xx_HAL_Driver/Src/stm32l0xx_hal.o
 .debug_macro   0x000000000001045c      0x22c Drivers/STM32L0xx_HAL_Driver/Src/stm32l0xx_hal.o
 .debug_macro   0x0000000000010688       0x5b Drivers/STM32L0xx_HAL_Driver/Src/stm32l0xx_hal.o
 .debug_macro   0x00000000000106e3       0xa5 Drivers/STM32L0xx_HAL_Driver/Src/stm32l0xx_hal.o
 .debug_macro   0x0000000000010788      0x187 Drivers/STM32L0xx_HAL_Driver/Src/stm32l0xx_hal.o
 .debug_macro   0x000000000001090f       0x16 Drivers/STM32L0xx_HAL_Driver/Src/stm32l0xx_hal.o
 .debug_macro   0x0000000000010925       0x8f Drivers/STM32L0xx_HAL_Driver/Src/stm32l0xx_hal.o
 .debug_macro   0x00000000000109b4      0x22c Drivers/STM32L0xx_HAL_Driver/Src/stm32l0xx_hal.o
 .debug_macro   0x0000000000010be0      0x57b Drivers/STM32L0xx_HAL_Driver/Src/stm32l0xx_hal.o
 .debug_macro   0x000000000001115b       0x44 Drivers/STM32L0xx_HAL_Driver/Src/stm32l0xx_hal.o
 .debug_macro   0x000000000001119f      0x13d Drivers/STM32L0xx_HAL_Driver/Src/stm32l0xx_hal.o
 .debug_macro   0x00000000000112dc      0x1b8 Drivers/STM32L0xx_HAL_Driver/Src/stm32l0xx_hal_cortex.o
 .debug_macro   0x0000000000011494      0x1b8 Drivers/STM32L0xx_HAL_Driver/Src/stm32l0xx_hal_dma.o
 .debug_macro   0x000000000001164c      0x1f0 Drivers/STM32L0xx_HAL_Driver/Src/stm32l0xx_hal_gpio.o
 .debug_macro   0x000000000001183c      0x27d Drivers/STM32L0xx_HAL_Driver/Src/stm32l0xx_hal_i2c.o
 .debug_macro   0x0000000000011ab9      0x1b8 Drivers/STM32L0xx_HAL_Driver/Src/stm32l0xx_hal_i2c_ex.o
 .debug_macro   0x0000000000011c71      0x1dc Drivers/STM32L0xx_HAL_Driver/Src/stm32l0xx_hal_rcc.o
 .debug_macro   0x0000000000011e4d      0x1b8 Drivers/STM32L0xx_HAL_Driver/Src/stm32l0xx_hal_rcc_ex.o
 .debug_macro   0x0000000000012005      0x1be Drivers/STM32L0xx_HAL_Driver/Src/stm32l0xx_hal_rng.o
 .debug_macro   0x00000000000121c3      0x1c0 Drivers/STM32L0xx_HAL_Driver/Src/stm32l0xx_hal_spi.o
 .debug_macro   0x0000000000012383      0x1e3 Drivers/STM32L0xx_HAL_Driver/Src/stm32l0xx_hal_uart.o
 .debug_macro   0x0000000000012566      0x1b8 Drivers/STM32L0xx_HAL_Driver/Src/stm32l0xx_hal_uart_ex.o
 .debug_macro   0x000000000001271e      0x312 Src/APDS9960.o
 .debug_macro   0x0000000000012a30      0xb1a Src/APDS9960.o
 .debug_macro   0x000000000001354a      0x168 Src/APDS9960.o
 .debug_macro   0x00000000000136b2       0x10 Src/APDS9960.o
 .debug_macro   0x00000000000136c2      0x3ed Src/APDS9960.o
 .debug_macro   0x0000000000013aaf       0x18 Src/APDS9960.o
 .debug_macro   0x0000000000013ac7       0x40 Src/APDS9960.o
 .debug_macro   0x0000000000013b07       0x18 Src/APDS9960.o
 .debug_macro   0x0000000000013b1f       0x94 Src/APDS9960.o
 .debug_macro   0x0000000000013bb3       0x3c Src/APDS9960.o
 .debug_macro   0x0000000000013bef       0x34 Src/APDS9960.o
 .debug_macro   0x0000000000013c23      0x17b Src/APDS9960.o
 .debug_macro   0x0000000000013d9e       0x57 Src/APDS9960.o
 .debug_macro   0x0000000000013df5       0x52 Src/APDS9960.o
 .debug_macro   0x0000000000013e47       0x1f Src/APDS9960.o
 .debug_macro   0x0000000000013e66       0x43 Src/APDS9960.o
 .debug_macro   0x0000000000013ea9       0x20 Src/APDS9960.o
 .debug_macro   0x0000000000013ec9      0x1a3 Src/APDS9960.o
 .debug_macro   0x000000000001406c      0x353 Src/APDS9960.o
 .debug_macro   0x00000000000143bf      0x1da Src/APDS9960.o
 .debug_macro   0x0000000000014599       0x10 Src/APDS9960.o
 .debug_macro   0x00000000000145a9       0x16 Src/APDS9960.o
 .debug_macro   0x00000000000145bf       0x35 Src/APDS9960.o
 .debug_macro   0x00000000000145f4       0x16 Src/APDS9960.o
 .debug_macro   0x000000000001460a       0x29 Src/APDS9960.o
 .debug_macro   0x0000000000014633       0x10 Src/APDS9960.o
 .debug_macro   0x0000000000014643      0x3c7 Src/APDS9960.o
 .debug_macro   0x0000000000014a0a       0x1c Src/APDS9960.o
 .debug_macro   0x0000000000014a26      0x44f Src/APDS9960.o
 .debug_macro   0x0000000000014e75       0x55 Src/APDS9960.o
 .debug_macro   0x0000000000014eca      0x1bb Src/APDS9960.o
 .debug_macro   0x0000000000015085       0x33 Src/APDS9960.o
 .debug_macro   0x00000000000150b8      0x232 Src/LedControl.o
 .debug_macro   0x00000000000152ea       0x3a Src/LedControl.o
 .debug_macro   0x0000000000015324      0x313 Src/bar_graph.o
 .debug_macro   0x0000000000015637      0x1c1 Src/bar_graph.o
 .debug_macro   0x00000000000157f8       0x46 Src/bar_graph.o
 .debug_macro   0x000000000001583e      0x2e8 Src/dotstar.o
 .debug_macro   0x0000000000015b26       0x46 Src/dotstar.o
 .debug_macro   0x0000000000015b6c       0x10 Src/dotstar.o
 .debug_macro   0x0000000000015b7c       0x1c Src/dotstar.o
 .debug_macro   0x0000000000015b98       0xde Src/dotstar.o
 .debug_macro   0x0000000000015c76      0x1d1 Src/gpio.o
 .debug_macro   0x0000000000015e47      0x1d1 Src/i2c.o
 .debug_macro   0x0000000000016018      0x22a Src/light_control_funcs.o
 .debug_macro   0x0000000000016242      0x24e Src/main.o
 .debug_macro   0x0000000000016490       0x4c Src/main.o
 .debug_macro   0x00000000000164dc      0x1d0 Src/ring_effects.o
 .debug_macro   0x00000000000166ac      0x1cb Src/rng.o
 .debug_macro   0x0000000000016877      0x1d1 Src/spi.o
 .debug_macro   0x0000000000016a48      0x1c7 Src/stm32l0xx_hal_msp.o
 .debug_macro   0x0000000000016c0f      0x1d1 Src/stm32l0xx_it.o
 .debug_macro   0x0000000000016de0      0x1ae Src/sysmem.o
 .debug_macro   0x0000000000016f8e      0x23b Src/sysmem.o
 .debug_macro   0x00000000000171c9       0x16 Src/sysmem.o
 .debug_macro   0x00000000000171df      0x1be Src/system_stm32l0xx.o
 .debug_macro   0x000000000001739d      0x1d1 Src/usart.o

.debug_line     0x0000000000000000    0x113a4
 .debug_line    0x0000000000000000      0x8cf Drivers/STM32L0xx_HAL_Driver/Src/stm32l0xx_hal.o
 .debug_line    0x00000000000008cf      0x8fd Drivers/STM32L0xx_HAL_Driver/Src/stm32l0xx_hal_cortex.o
 .debug_line    0x00000000000011cc      0x8cd Drivers/STM32L0xx_HAL_Driver/Src/stm32l0xx_hal_dma.o
 .debug_line    0x0000000000001a99      0x850 Drivers/STM32L0xx_HAL_Driver/Src/stm32l0xx_hal_gpio.o
 .debug_line    0x00000000000022e9     0x1a46 Drivers/STM32L0xx_HAL_Driver/Src/stm32l0xx_hal_i2c.o
 .debug_line    0x0000000000003d2f      0x808 Drivers/STM32L0xx_HAL_Driver/Src/stm32l0xx_hal_i2c_ex.o
 .debug_line    0x0000000000004537      0x980 Drivers/STM32L0xx_HAL_Driver/Src/stm32l0xx_hal_rcc.o
 .debug_line    0x0000000000004eb7      0x9bc Drivers/STM32L0xx_HAL_Driver/Src/stm32l0xx_hal_rcc_ex.o
 .debug_line    0x0000000000005873      0x83a Drivers/STM32L0xx_HAL_Driver/Src/stm32l0xx_hal_rng.o
 .debug_line    0x00000000000060ad     0x1080 Drivers/STM32L0xx_HAL_Driver/Src/stm32l0xx_hal_spi.o
 .debug_line    0x000000000000712d     0x1183 Drivers/STM32L0xx_HAL_Driver/Src/stm32l0xx_hal_uart.o
 .debug_line    0x00000000000082b0      0x817 Drivers/STM32L0xx_HAL_Driver/Src/stm32l0xx_hal_uart_ex.o
 .debug_line    0x0000000000008ac7     0x1143 Src/APDS9960.o
 .debug_line    0x0000000000009c0a      0x874 Src/LedControl.o
 .debug_line    0x000000000000a47e      0xc60 Src/bar_graph.o
 .debug_line    0x000000000000b0de      0xce4 Src/dotstar.o
 .debug_line    0x000000000000bdc2      0x6d5 Src/gpio.o
 .debug_line    0x000000000000c497      0x6fa Src/i2c.o
 .debug_line    0x000000000000cb91      0x901 Src/light_control_funcs.o
 .debug_line    0x000000000000d492      0x874 Src/main.o
 .debug_line    0x000000000000dd06      0x722 Src/ring_effects.o
 .debug_line    0x000000000000e428      0x6de Src/rng.o
 .debug_line    0x000000000000eb06      0x6f3 Src/spi.o
 .debug_line    0x000000000000f1f9      0x6c2 Src/stm32l0xx_hal_msp.o
 .debug_line    0x000000000000f8bb      0x725 Src/stm32l0xx_it.o
 .debug_line    0x000000000000ffe0      0x559 Src/sysmem.o
 .debug_line    0x0000000000010539      0x6ee Src/system_stm32l0xx.o
 .debug_line    0x0000000000010c27      0x6f8 Src/usart.o
 .debug_line    0x000000000001131f       0x85 Startup/startup_stm32l052c8tx.o

.debug_str      0x0000000000000000    0x7cf27
 .debug_str     0x0000000000000000    0x6fcef Drivers/STM32L0xx_HAL_Driver/Src/stm32l0xx_hal.o
                                      0x70139 (size before relaxing)
 .debug_str     0x000000000006fcef      0x2e3 Drivers/STM32L0xx_HAL_Driver/Src/stm32l0xx_hal_cortex.o
                                      0x6ff7c (size before relaxing)
 .debug_str     0x000000000006ffd2      0x3b4 Drivers/STM32L0xx_HAL_Driver/Src/stm32l0xx_hal_dma.o
                                      0x6feb0 (size before relaxing)
 .debug_str     0x0000000000070386      0x2a6 Drivers/STM32L0xx_HAL_Driver/Src/stm32l0xx_hal_gpio.o
                                      0x6fdf3 (size before relaxing)
 .debug_str     0x000000000007062c      0xf2c Drivers/STM32L0xx_HAL_Driver/Src/stm32l0xx_hal_i2c.o
                                      0x70d0b (size before relaxing)
 .debug_str     0x0000000000071558       0xbf Drivers/STM32L0xx_HAL_Driver/Src/stm32l0xx_hal_i2c_ex.o
                                      0x700ae (size before relaxing)
 .debug_str     0x0000000000071617      0x373 Drivers/STM32L0xx_HAL_Driver/Src/stm32l0xx_hal_rcc.o
                                      0x6ffb0 (size before relaxing)
 .debug_str     0x000000000007198a      0x3fc Drivers/STM32L0xx_HAL_Driver/Src/stm32l0xx_hal_rcc_ex.o
                                      0x6ffba (size before relaxing)
 .debug_str     0x0000000000071d86      0x215 Drivers/STM32L0xx_HAL_Driver/Src/stm32l0xx_hal_rng.o
                                      0x6fcef (size before relaxing)